batchload("analysis.mac")
============================================================ 
analysis.mac : Multi-Sheeted n-gon Tiling Analysis 
============================================================ 
------------------------------------------------------------ 
RANGE PARAMETERIZATION: 
  N_GON_MIN  = 3   N_GON_MAX = 12   N_GON_STEP = 1 
------------------------------------------------------------ 
[Pentagon] P1: phi^2 - (phi+1) = 0 
[Pentagon] P2: 1/phi - (phi-1) = 0 
[Pentagon] P4: phi*(phi-1) - 1 = 0 
[Pentagon] P6a: phi + psi - 1 = 0   (Vieta: sum of roots of x^2-x-1) 
[Pentagon] P6b: phi*psi + 1 = 0   (Vieta: product of roots) 
[Pentagon] P7: phi^2 + psi^2 - 3 = 0   (trace of phi^2 in Q(sqrt 5)) 
                                       2
[Pentagon] Minimal polynomial of phi: x  - x - 1   value at phi: 0 
                                                            ,  value at psi: 0 
[Pentagon] qnorm(phi) = - 1  (expected -1) 
[Pentagon] qtrace(phi) = 1  (expected 1) 
[Pentagon] Fibonacci-phi identity check (phi^n = F_n phi + F_{n-1}): 
  n = 2 :  diff = 0 
  n = 3 :  diff = 0 
  n = 4 :  diff = 0 
  n = 5 :  diff = 0 
  n = 6 :  diff = 0 
  n = 7 :  diff = 0 
  n = 8 :  diff = 0 
[Pentagon] Binet formula check F_n = (phi^n - psi^n)/sqrt(5): 
  n = 1 : F_n = 1 , Binet = 1 , diff = 0 
  n = 2 : F_n = 1 , Binet = 1 , diff = 0 
  n = 3 : F_n = 2 , Binet = 2 , diff = 0 
  n = 4 : F_n = 3 , Binet = 3 , diff = 0 
  n = 5 : F_n = 5 , Binet = 5 , diff = 0 
  n = 6 : F_n = 8 , Binet = 8 , diff = 0 
  n = 7 : F_n = 13 , Binet = 13 , diff = 0 
  n = 8 : F_n = 21 , Binet = 21 , diff = 0 
------------------------------------------------------------ 
Emergent-dimension framework (n-independent, run once): 
  d_spec(d_eff, d_w=2) - d_eff = 0   (d_w=2 saturates Alexander-Orbach) 
                        2 d_eff
  d/d(d_w)   d_spec = - ------- 
                            2
                         d_w
                       2
  d/d(d_eff) d_spec = --- 
                      d_w
  MSD exponent  2/d_w  at d_w=2.5 = 0.8 
  P_0(t) decay exponent d_spec/2 at d_spec=1.5 = 0.75 
Dimension sanity table: 
  d_eff= 2.5  d_w= 2.0  => d_spec= 2.5   (not sub-diffusive) 
  d_eff= 2.5  d_w= 2.5  => d_spec= 2.0   (sub-diffusive) 
  d_eff= 2.5  d_w= 3.0  => d_spec= 1.666666666666666   (sub-diffusive) 
  d_eff= 2.8  d_w= 3.2  => d_spec= 1.749999999999999   (sub-diffusive) 
  d_eff= 2.2  d_w= 2.4  => d_spec= 1.833333333333333   (sub-diffusive) 
Sierpinski-gasket reference: d_eff= 1.584962500721156  d_w= 2.321928094887362 
                                                      d_spec= 1.36521238897197 
in_paper_regime(2.5, 2.4) = true  (true expected) 
in_paper_regime(2.0, 2.0) = false 
in_paper_regime(2.5, 1.9) = false 
in_paper_regime(3.1, 2.5) = false 
Dimensional flow d_spec(t) interpolator (UV=2.5, IR=1.7): 
  t = 0.1 : d_spec(t) = 2.492039866999334 
  t = 1 : d_spec(t) = 2.423869934428767 
  t = 10 : d_spec(t) = 1.994303552937153 
  t = 100 : d_spec(t) = 1.70003631994381 
------------------------------------------------------------ 
Extended Alexander-Orbach / spectral-dimension analysis: 
  Phase diagram: d_spec = 2*d_eff/d_w on grid 
  (rows = d_eff 1.5..3.5 step 0.5; cols = d_w 1.5..4.0 step 0.5) 
   pad_right("d_eff\\d_w",12) | pad_right("1.5",7) | pad_right("2.0",7) | pad_\
right("2.5",7) | pad_right("3.0",7) | pad_right("3.5",7) | pad_right("4.0",7) 
  -------------+----------+----------+----------+----------+----------+-------\
-- 
   pad_right("1.5",12) | pad_right("2.0",7) | pad_right("1.5",7) | pad_right("\
1.2",7) | pad_right("1.0",7) | pad_right("0.8571428571428571",7) | pad_right("\
0.75",7) 
   pad_right("2.0",12) | pad_right("2.666666666666666",7) | pad_right("2.0",7)\
 | pad_right("1.6",7) | pad_right("1.333333333333333",7) | pad_right("1.142857\
142857142",7) | pad_right("1.0",7) 
   pad_right("2.5",12) | pad_right("3.333333333333333",7) | pad_right("2.5",7)\
 | pad_right("2.0",7) | pad_right("1.666666666666666",7) | pad_right("1.428571\
428571428",7) | pad_right("1.25",7) 
   pad_right("3.0",12) | pad_right("4.0",7) | pad_right("3.0",7) | pad_right("\
2.4",7) | pad_right("2.0",7) | pad_right("1.714285714285714",7) | pad_right("1\
.5",7) 
   pad_right("3.5",12) | pad_right("4.666666666666667",7) | pad_right("3.5",7)\
 | pad_right("2.8",7) | pad_right("2.333333333333333",7) | pad_right("2.0",7) \
| pad_right("1.75",7) 
  Diffusion classification by d_w: 
    d_w = 1.5 -> super-diffusive 
    d_w = 2.0 -> sub-diffusive (anomalous) 
    d_w = 2.5 -> sub-diffusive (anomalous) 
    d_w = 3.0 -> sub-diffusive (anomalous) 
    d_w = 4.0 -> sub-diffusive (anomalous) 
  Return-probability log-log slope (d_s/2) for d_s in {1.0..2.5}: 
    d_s = 1.0   slope = - 0.5   P_0(t=100) = 0.1 
    d_s = 1.2   slope = - 0.6   P_0(t=100) = 0.06309573444801932 
    d_s = 1.5   slope = - 0.75   P_0(t=100) = 0.03162277660168378 
    d_s = 1.7   slope = - 0.85   P_0(t=100) = 0.01995262314968879 
    d_s = 2.0   slope = - 1.0   P_0(t=100) = 0.01 
    d_s = 2.5   slope = - 1.25   P_0(t=100) = 0.003162277660168376 
  Crossover times (UV=2.5, IR=1.7, t0=10): 
    d_eff = 1.8   t_cross = 20.79441541679834 
    d_eff = 2.0   t_cross = 9.80829253011726 
    d_eff = 2.2   t_cross = 4.700036292457351 
    d_eff = 2.4   t_cross = 1.335313926245227 
  DOS integrated weight (B=1, d_s=1.7, Lambda=1) = 1.176470588235294 
  DOS integrated weight (B=1, d_s=2.0, Lambda=1) = 1.0 
------------------------------------------------------------ 
Volume-growth and MSD models (n-independent, run once): 
  Sample r       : [1, 2, 3, 4, 5, 6, 7, 8, 9, 10] 
  Sample V(r)    : [2.5, 14.14213562373095, 38.97114317029973, 80.0, 
139.7542485937369, 220.454076850486, 324.1045356054124, 452.5483399593906, 
607.5, 790.5694150420952] 
  Recovered slope: 2.499999999999999  (expected 2.5) 
  MSD model (D=1, d_w=2.5): 
    t = 1 :  MSD = 1.0 
    t = 10 :  MSD = 6.309573444801934 
    t = 100 :  MSD = 39.81071705534975 
    t = 1000 :  MSD = 251.188643150958 
  P_0(t) model (A=1, d_spec=1.7): 
    t = 1 :  P_0 = 1.0 
    t = 10 :  P_0 = 0.1412537544622754 
    t = 100 :  P_0 = 0.01995262314968879 
    t = 1000 :  P_0 = 0.002818382931264455 
  DOS model (B=1, d_spec=1.7): 
    lambda = 0.001 :  rho = 2.818382931264454 
    lambda = 0.01 :  rho = 1.995262314968879 
    lambda = 0.1 :  rho = 1.412537544622754 
    lambda = 1 :  rho = 1.0 
------------------------------------------------------------ 
Extended volume-growth analysis (n-independent): 
  V(r) = c * r^d_eff for d_eff in {2.0, 2.5, 3.0}, c=1: 
    d_eff = 2.0 : V(r) = [1.0, 4.0, 25.0, 100.0, 400.0, 2500.0, 10000.0] 
    d_eff = 2.5 : V(r) = [1.0, 5.656854249492383, 55.90169943749477, 
            316.2277660168381, 1788.854381999832, 17677.66952966369, 100000.0] 
    d_eff = 3.0 : V(r) = [1.0, 8.0, 125.0, 1000.0, 8000.0, 125000.0, 1000000.0]
                                                                               
  Self-similarity ratio V(2r)/V(r) = 2^d_eff: 
    d_eff = 1.5   ratio = 2.82842712474619 
    d_eff = 2.0   ratio = 4.0 
    d_eff = 2.5   ratio = 5.656854249492383 
    d_eff = 3.0   ratio = 8.0 
  Recovered d_eff from V(5)/V(1) with true d_eff=2.5: 2.500000000000001 
  Recovered d_eff from V(10)/V(2) with true d_eff=2.5: 2.5 
  Lacunarity model Lambda(r) = r^{-d_eff} (d_eff=2.5): 
    r = 1   Lambda = 1.0 
    r = 2   Lambda = 0.1767766952966367 
    r = 5   Lambda = 0.01788854381999831 
    r = 10   Lambda = 0.003162277660168378 
    r = 20   Lambda = 5.590169943749471E-4 
  Monofractal tau(q) = (q-1)*d_eff (d_eff=2.5): 
    q = - 2   tau(q) = - 7.5 
    q = - 1   tau(q) = - 5.0 
    q = 0   tau(q) = - 2.5 
    q = 1   tau(q) = 0.0 
    q = 2   tau(q) = 2.5 
    q = 3   tau(q) = 5.0 
------------------------------------------------------------ 
Spinor / holonomy checks (Z_2, n-independent, run once): 
[Spinor case G = Z_2]: 
  single-loop holonomy = 1  (expected 1, i.e. tau = -1) 
  double-loop holonomy = 0  (expected 0) 
  spinor loop order   = 2  (expected 2 -- double cover) 
------------------------------------------------------------ 
Extended flat-bundle / holonomy analysis (n-independent): 
  Holonomy groups Z_m for m = 2..12: 
    Z_ 2 : generators and orders = [list(0, 1), list(1, 2)] 
    Z_ 3 : generators and orders = [list(0, 1), list(1, 3), list(2, 3)] 
    Z_ 4 : generators and orders = [list(0, 1), list(1, 4), list(2, 2), 
                                                                   list(3, 4)] 
    Z_ 5 : generators and orders = [list(0, 1), list(1, 5), list(2, 5), 
                                                       list(3, 5), list(4, 5)] 
    Z_ 6 : generators and orders = [list(0, 1), list(1, 6), list(2, 3), 
                                           list(3, 2), list(4, 3), list(5, 6)] 
    Z_ 7 : generators and orders = [list(0, 1), list(1, 7), list(2, 7), 
                               list(3, 7), list(4, 7), list(5, 7), list(6, 7)] 
    Z_ 8 : generators and orders = [list(0, 1), list(1, 8), list(2, 4), 
                   list(3, 8), list(4, 2), list(5, 8), list(6, 4), list(7, 8)] 
    Z_ 9 : generators and orders = [list(0, 1), list(1, 9), list(2, 9), 
       list(3, 3), list(4, 9), list(5, 9), list(6, 3), list(7, 9), list(8, 9)] 
    Z_ 10 : generators and orders = [list(0, 1), list(1, 10), list(2, 5), 
list(3, 10), list(4, 5), list(5, 2), list(6, 5), list(7, 10), list(8, 5), 
list(9, 10)] 
    Z_ 11 : generators and orders = [list(0, 1), list(1, 11), list(2, 11), 
list(3, 11), list(4, 11), list(5, 11), list(6, 11), list(7, 11), list(8, 11), 
list(9, 11), list(10, 11)] 
    Z_ 12 : generators and orders = [list(0, 1), list(1, 12), list(2, 6), 
list(3, 4), list(4, 3), list(5, 12), list(6, 2), list(7, 12), list(8, 3), 
list(9, 4), list(10, 6), list(11, 12)] 
  Flat U(1) holonomy phases exp(2 pi i k/n) for n=5: 
    k = 0 : phase = 1  ~ ( 1.0 , 0.0 ) 
                           2 %pi        2 %pi
    k = 1 : phase = %i sin(-----) + cos(-----)  ~ ( 0.3090169943749474 , 
                             5            5
                                                          0.9510565162951535 ) 
                           4 %pi        4 %pi
    k = 2 : phase = %i sin(-----) + cos(-----)  ~ ( - 0.8090169943749473 , 
                             5            5
                                                          0.5877852522924733 ) 
                        4 %pi           4 %pi
    k = 3 : phase = cos(-----) - %i sin(-----)  ~ ( - 0.8090169943749473 , 
                          5               5
                                                        - 0.5877852522924733 ) 
                        2 %pi           2 %pi
    k = 4 : phase = cos(-----) - %i sin(-----)  ~ ( 0.3090169943749474 , 
                          5               5
                                                        - 0.9510565162951535 ) 
  Aharonov-Bohm phases for flux/flux_0 in {0, 1/5, 2/5, 3/5, 4/5, 1}: 
    Phi/Phi_0 = 0 : phase = 1.0 + 0.0 i 
                1
    Phi/Phi_0 = - : phase = 0.3090169943749474 + 0.9510565162951535 i 
                5
                2
    Phi/Phi_0 = - : phase = - 0.8090169943749473 + 0.5877852522924733 i 
                5
                3
    Phi/Phi_0 = - : phase = - 0.8090169943749473 + - 0.5877852522924733 i 
                5
                4
    Phi/Phi_0 = - : phase = 0.3090169943749474 + - 0.9510565162951535 i 
                5
    Phi/Phi_0 = 1 : phase = 1.0 + 0.0 i 
  Monodromy matrices for n = 3, 4, 5, 6: 
                [       - 0.5         - 0.8660254037844386 ]
    n = 3 : M = [                                          ] 
                [ 0.8660254037844386         - 0.5         ]
      M^k = I first at k = 3  (expected 3 ) 
                [ 0.0  - 1.0 ]
    n = 4 : M = [            ] 
                [ 1.0   0.0  ]
      M^k = I first at k = 4  (expected 4 ) 
                [ 0.3090169943749474  - 0.9510565162951535 ]
    n = 5 : M = [                                          ] 
                [ 0.9510565162951535   0.3090169943749474  ]
      M^k = I first at k = 5  (expected 5 ) 
                [        0.5          - 0.8660254037844386 ]
    n = 6 : M = [                                          ] 
                [ 0.8660254037844386          0.5          ]
      M^k = I first at k = 6  (expected 6 ) 
  Berry phases for winding numbers 0..4: 
    w = 0 : gamma_B = 0.0  =  0 * pi 
    w = 1 : gamma_B = 3.141592653589793  =  1 * pi 
    w = 2 : gamma_B = 6.283185307179586  =  2 * pi 
    w = 3 : gamma_B = 9.42477796076938  =  3 * pi 
    w = 4 : gamma_B = 12.56637061435917  =  4 * pi 
  Chern numbers for Z_5 sectors k = 0..4: 
    k = 0 : C = 0  = 0.0 
                1
    k = 1 : C = -  = 0.2 
                5
                2
    k = 2 : C = -  = 0.4 
                5
                3
    k = 3 : C = -  = 0.6 
                5
                4
    k = 4 : C = -  = 0.8 
                5
============================================================ 
BEGIN SWEEP: n = 3 to 12 step 1 
============================================================ 
============================================================ 
N_GON = 3 
============================================================ 
                                    %pi
Interior angle theta = (n-2)*pi/n = ---  = 60.0 deg 
                                     3
                                   2 %pi
Exterior angle = 2*pi/n          = -----  = 120.0 deg 
                                     3
Flat-vertex count k_flat = floor(2*pi/theta) = 6 
Angular deficit at k_flat copies = 0  = 0.0 deg 
                                      %pi
Angular excess at (k_flat+1) copies = ---  = 60.0 deg 
                                       3
Smallest k>0 with k*theta = (integer)*2*pi:  k = 6 ,  accumulating  1 
                                                                    full turns 
------------------------------------------------------------ 
[n =  3 ] Angle summary: 
                            %pi
  Interior angle  theta   = ---  = 1.047197551196597  rad = 60.0  deg 
                             3
                            2 %pi
  Exterior angle          = -----  = 2.094395102393195  rad 
                              3
                            2 %pi
  Central angle           = -----  = 2.094395102393195  rad 
                              3
  Sum of interior angles  = %pi 
                            %pi
  Avg interior angle      = --- 
                             3
[n =  3 ] k-copy vertex-loop accumulation: 
                %pi     1
  k = 1 : sum = ---  =  - * 2pi  --  open 
                 3      6
                2 %pi     1
  k = 2 : sum = -----  =  - * 2pi  --  open 
                  3       3
                        1
  k = 3 : sum = %pi  =  - * 2pi  --  open 
                        2
                4 %pi     2
  k = 4 : sum = -----  =  - * 2pi  --  open 
                  3       3
                5 %pi     5
  k = 5 : sum = -----  =  - * 2pi  --  open 
                  3       6
  k = 6 : sum = 2 %pi  =  1 * 2pi  --  CLOSES 
                7 %pi     7
  k = 7 : sum = -----  =  - * 2pi  --  open 
                  3       6
                8 %pi     4
  k = 8 : sum = -----  =  - * 2pi  --  open 
                  3       3
                          3
  k = 9 : sum = 3 %pi  =  - * 2pi  --  open 
                          2
                 10 %pi     5
  k = 10 : sum = ------  =  - * 2pi  --  open 
                   3        3
                 11 %pi     11
  k = 11 : sum = ------  =  -- * 2pi  --  open 
                   3        6
  k = 12 : sum = 4 %pi  =  2 * 2pi  --  CLOSES 
Smallest k with full closure: k = 6   (number of full turns = 1 ) 
------------------------------------------------------------ 
[n =  3 ] Cyclotomic / roots-of-unity structure: 
                                    2
  x^n - 1 factorization = (x - 1) (x  + x + 1) 
  totient(n) = phi(n)   = 2   (degree of Q[zeta_n] over Q) 
  Real subfield degree  = 1   (degree of Q(zeta + zeta^{-1}) over Q) 
  Sum of all n-th roots (numeric) = 0.0  (expected 0 for n >= 2) 
  Sum of primitive n-th roots (numeric) = - 1.0 ,  Moebius mu(n) = - 1 
  2*cos(2*pi/n) = - 1  = - 1.0 
                               (algebraic integer in real cyclotomic subfield) 
------------------------------------------------------------ 
[n =  3 ] Rotation matrix R (by exterior angle 2*pi/n): 
            [     1      sqrt(3) ]
            [   - -    - ------- ]
            [     2         2    ]
  Symbolic: [                    ] 
            [ sqrt(3)       1    ]
            [ -------     - -    ]
            [    2          2    ]
            [       - 0.5         - 0.8660254037844386 ]
  Numeric : [                                          ] 
            [ 0.8660254037844386         - 0.5         ]
  det(R) = 1  (expected 1) 
  tr(R) = - 1  = 2 cos(2*pi/n) = - 1.0 
                 [ 1.0  0.0 ]
  R^n  numeric = [          ]  (expected I) 
                 [ 0.0  1.0 ]
[n =  3 ] R^k traces (should equal 2 cos(2 pi k/n)): 
  k = 1 : tr(R^k) = - 1.0  ~ 2cos( 1 *2pi/n) = - 1.0 
  k = 2 : tr(R^k) = - 1.0  ~ 2cos( 2 *2pi/n) = - 1.0 
  k = 3 : tr(R^k) = 2.0  ~ 2cos( 3 *2pi/n) = 2.0 
------------------------------------------------------------ 
[n =  3 ] PRIMARY BASIS VECTORS (unit circumradius, 
                            vertex 0 at top, CCW): 
  v[ 0 ] =  [0, 1]  ~  [0.0, 1.0] 
               sqrt(3)    1
  v[ 1 ] =  [- -------, - -]  ~  [- 0.8660254037844386, - 0.5] 
                  2       2
             sqrt(3)    1
  v[ 2 ] =  [-------, - -]  ~  [0.8660254037844386, - 0.5] 
                2       2
[n =  3 ] EDGE VECTORS e[k] = v[k] - v[k-1] (unit circumradius): 
  e[ 1 ] (numeric) =  [- 0.8660254037844386, - 1.5] 
  e[ 2 ] (numeric) =  [1.732050807568877, 0.0] 
  e[ 3 ] (numeric) =  [- 0.8660254037844386, 1.5] 
[n =  3 ] Side length (unit circumradius) s = sqrt(3)  = 1.732050807568877 
------------------------------------------------------------ 
[n =  3 ] Holonomy / spinor cover analysis: 
  Natural single-vortex fiber order = 6 
  Z_n single-vortex holonomy (n = 6 ) : 1 
  Required loop count to close fiber : 6 
[Anyonic case G = Z_n with n = 3 ]: 
  single-vortex holonomy = 1 
  loop order required    = 3  (expected 3 ) 
[n =  3 ] order(g, n) = n/gcd(g, n) check (g = 0..n-1): 
  All g in Z_n satisfy order(g) = n/gcd(g, n). 
[n =  3 ] Composite holonomy: Loop A = 0 , Loop B = 1 , Composite = 1 
                                                               , Sum mod n = 1 
------------------------------------------------------------ 
[n =  3 ] Cut-and-project ambient lattice Z^n: 
  C_n cyclic shift matrix: 
   [ 0  1  0 ]
   [         ]
   [ 0  0  1 ] 
   [         ]
   [ 1  0  0 ]
                       3
  charpoly(C_n) = 1 - x  
  C_n^n = I_n verified. 
  C_n is orthogonal: C_n . C_n^T = I_n. 
  C_n . (1,...,1)^T - (1,...,1)^T = [ 0  0  0 ]  (should be zero) 
  Projectors P_diag, P_perp: idempotent, orthogonal, complete. 
  dim(orthogonal complement of diagonal) = 2  = n - 1 
[n =  3 ] REAL-INVARIANT 2D SUBSPACES V_k of C_n: 
  V_ 1  (rotation angle 2 pi * 1 /n = 2.094395102393195 ): 
    u_ 1  (cos) = [1.0, - 0.5, - 0.5] 
    w_ 1  (sin) = [0.0, 0.8660254037844386, - 0.8660254037844386] 
  Physical 2D plane E_|| recommended = V_1. 
  Perp subspace E_perp = (diagonal) + 0 * 2D pieces + 0 alternating directions 
                                                           =>  dim(E_perp) = 1 
                       2
  ||pi_perp(e_1)||^2 = -  (= (n-1)/n) 
                       3
------------------------------------------------------------ 
[n =  3 ] CA rule-count analysis (degree k = n): 
  Binary outer-totalistic n-neighbor rules = 256  (= 2^ 8 ) 
  Binary fully totalistic n-neighbor rules = 32  (= 2^ 5 ) 
  Binary fully general    n-neighbor rules = 65536  (= 2^(2^ 4 )) 
  Reference: 4-OT = 1024 , 8-OT = 262144 
------------------------------------------------------------ 
[n =  3 ] Polygon geometry (side s = 1): 
                      1
  Circumradius R = -------  ~ 0.5773502691896258 
                   sqrt(3)
                       1
  Apothem      r = ---------  ~ 0.2886751345948129 
                   2 sqrt(3)
  R/r            = 2  = sec(pi/n) = 2.0 
                   sqrt(3)
  Area A         = -------  ~ 0.4330127018922193 
                      4
  Diagonals (k-step chord lengths, unit side): 
    d[ 1 ] = 1  ~ 1.0 
    d[ 2 ] = 1  ~ 1.0 
------------------------------------------------------------ 
[n =  3 ] Dihedral group D_n symmetries: 
                                   [ 0  0 ]
  S0 . R . S0 - R^{-1} (symbolic): [      ] 
                                   [ 0  0 ]
  S R S = R^{-1} verified. 
  |D_n| = 6 
  Conjugacy classes (n odd): 1 + (n-1)/2 + 1 = 3 
                                   (sum of sizes 1 + (n-1)/2 * 2 + n = 6 = 2n) 
  Irrep dim^2 sum (n odd): 2 + 2(n-1) = 6 (should = 2n = 6 ) 
------------------------------------------------------------ 
[n =  3 ] Graph Laplacians (star and cycle): 
  Star K_{1, 3 }: spectrum = {0, 1 (multiplicity 2 ), 4 } 
  Spectral gap = 1 (positive => connected). 
  Cycle C_ 3  Laplacian eigenvalues = 2 - 2 cos(2 pi k/n): 
   [0.0, 3.0, 3.0] 
  Spectral gap of C_ 3  = 3.0 
  [n = 3 ] iteration complete. 
------------------------------------------------------------ 
[n =  3 ] Inflation / substitution system: 
                          [ 1  0 ]
  Substitution matrix M = [      ] 
                          [ 0  1 ]
  Initial vector v0 = [ 1  0 ] 
  depth = 1 : tile counts = [ 1  0 ]   total = 1 
  depth = 2 : tile counts = [ 1  0 ]   total = 1 
  depth = 3 : tile counts = [ 1  0 ]   total = 1 
  depth = 4 : tile counts = [ 1  0 ]   total = 1 
  depth = 5 : tile counts = [ 1  0 ]   total = 1 
  depth = 6 : tile counts = [ 1  0 ]   total = 1 
  Perron-Frobenius eigenvalue (inflation ratio) = 1 
  Tile-count growth rates (ratio at successive depths): 
   [1.0, 1.0, 1.0, 1.0, 1.0] 
  Converging to PF eigenvalue: 1 
------------------------------------------------------------ 
[n =  3 ] Zeta functions and L-series: 
  Partial Riemann zeta(2) ( 40  terms) = 1.620243963006935   (exact pi^2/6 = 
                                                           1.644934066848226 ) 
  Partial Riemann zeta(3) ( 40  terms) = 1.201752118023676 
                                                    (Apery's constant ~ 1.202) 
  Partial Dedekind zeta_{Q(sqrt5)}(2) (primes <= 30) = 1.153470439104993 
  Partial Dedekind zeta_{Q(sqrt5)}(3) (primes <= 30) = 1.027407641683453 
  Ratio zeta_{Q(sqrt5)}(2) / zeta(2)^2 ~ (class number factor): 
    = 0.4393854233642092 
  Partial L(2, chi_5) ( 40  terms) = 0.7061989804245805 
  Partial L(3, chi_5) ( 40  terms) = 0.8548243026978557 
  Exact L(2, chi_5) = pi^2 / (5 sqrt(5)) ~ 0.8827642540746761 
  Functional equation (numerical check at s=0.7): 
    L(0.7) = 0.3154812660944506   L(0.3) = 0.140960360039939   ratio = 
                                                             2.238084990738273 
  Spectral zeta of C_ 3  at s=2: 0.2222222222222222 
  Spectral zeta of C_ 3  at s=3: 0.07407407407407407 
------------------------------------------------------------ 
[n =  3 ] Diffusion kernel and heat trace: 
  Heat trace Tr(e^{-t L}) for cycle C_ 3 : 
    t = 0.01 :  Tr = 2.940891067097016 
    t = 0.1 :  Tr = 2.481636441363435 
    t = 0.5 :  Tr = 1.446260320296859 
    t = 1.0 :  Tr = 1.099574136735727 
    t = 2.0 :  Tr = 1.004957504353332 
    t = 5.0 :  Tr = 1.000000611804641 
    t = 10.0 :  Tr = 1.000000000000187 
    t = 50.0 :  Tr = 1.0 
  Heat trace Tr(e^{-t L}) for star K_{1, 3 }: 
    t = 0.01 :  Tr = 3.940889106650659 
    t = 0.1 :  Tr = 3.479994882107558 
    t = 0.5 :  Tr = 2.348396602661879 
    t = 1.0 :  Tr = 1.754074521231618 
    t = 2.0 :  Tr = 1.271006029101127 
    t = 5.0 :  Tr = 1.013475896059324 
    t = 10.0 :  Tr = 1.000090799859525 
    t = 50.0 :  Tr = 1.0 
  Effective d_s from heat-trace slope (cycle C_ 3 ): 
    t in [ 0.01 , 0.1 ]:  d_s ~ 0.1474815606481602 
    t in [ 0.1 , 0.5 ]:  d_s ~ 0.6709635188581037 
    t in [ 0.5 , 1.0 ]:  d_s ~ 0.7907647514600357 
    t in [ 1.0 , 2.0 ]:  d_s ~ 0.2596207632462062 
    t in [ 2.0 , 5.0 ]:  d_s ~ 0.01079274168129712 
    t in [ 5.0 , 10.0 ]:  d_s ~ 1.765293964155048E-6 
    t in [ 10.0 , 50.0 ]:  d_s ~ 2.323314939985474E-13 
  Short-time heat-trace asymptotics (2D Weyl law): 
    Tr(e^{-tL}) ~ (4 pi t)^{-1} * A + (4 pi t)^{-1/2} * B/6 + ... 
    t = 0.01 :  Weyl leading term = 7.957747154594768 
    t = 0.05 :  Weyl leading term = 1.591549430918953 
    t = 0.1 :  Weyl leading term = 0.7957747154594768 
  Heat kernel K_t(x) on R^2 (Gaussian, d=2): 
    t = 0.1 :  K(0) = 0.7957747154594768   K(1) = 0.0653211664234246   K(2) = 
                                                          3.612811618862161E-5 
    t = 1.0 :  K(0) = 0.07957747154594767   K(1) = 0.06197499715482649   K(2) =
                                                           0.02927491576215958 
    t = 10.0 :  K(0) = 0.007957747154594767   K(1) = 0.007761269677291536 
                                                   K(2) = 0.007200467388746533 
  Spectral zeta of C_ 3  at s=1,2,3: 
    s = 1 :  zeta_L = 0.6666666666666666 
    s = 2 :  zeta_L = 0.2222222222222222 
    s = 3 :  zeta_L = 0.07407407407407407 
------------------------------------------------------------ 
[n =  3 ] Acceptance-window (cut-and-project) geometry: 
  Acceptance window: regular  3 -gon in perp space 
  Unit-cell area A_cell ~ 0.4330127018922193 
  Acceptance densities (rho = window inradius): 
    rho = 0.5 :  density = 3.0 
    rho = 1.0 :  density = 12.0 
    rho = 1.5 :  density = 26.99999999999999 
    rho = 2.0 :  density = 48.00000000000001 
  Window vertices (rho = 1): 
    v[ 0 ] = ( 1.0 , 0.0 ) 
    v[ 1 ] = ( - 0.5 , 0.8660254037844386 ) 
    v[ 2 ] = ( - 0.5 , - 0.8660254037844386 ) 
  Sample acceptance test (rho = 1, grid [-1.5, 1.5]^2, 20 x 20  grid): 
    Points inside window: 60 / 400   fraction = 0.15 
    Expected fraction (A_window/A_box) = 0.5773502691896257 
------------------------------------------------------------ 
[n =  3 ] Substitution sequences and symbolic dynamics: 
  Fibonacci word (substitution a->ab, b->a): 
    depth = 0 : length = 1   word = a 
    depth = 1 : length = 2   word = ab 
    depth = 2 : length = 3   word = aba 
    depth = 3 : length = 5   word = abaab 
    depth = 4 : length = 8   word = abaababa 
    depth = 5 : length = 13   word = abaababaabaab 
    depth = 6 : length = 21   word = abaababaabaababaababa 
  At depth 6 : |a| = 13   |b| = 8   |a|/|b| = 1.625   phi = 1.618033988749895 
  a/b ratio converging to phi: OK 
  Fibonacci word is Sturmian: complexity p(n) = n + 1 
  (minimum complexity for an aperiodic sequence) 
  Thue-Morse sequence (first 16 terms): 
   [0, 1, 1, 0, 1, 0, 0, 1, 1, 0, 0, 1, 0, 1, 1, 0] 
  Rudin-Shapiro sequence (first 16 terms): 
   [1, 1, 1, - 1, 1, 1, - 1, 1, 1, 1, 1, - 1, - 1, - 1, 1, - 1] 
                                 [ 1  1 ]
  Fibonacci substitution matrix: [      ] 
                                 [ 1  0 ]
                              2
  Characteristic polynomial: x  - x - 1 
  Eigenvalues: phi = 1.618033988749895  and psi = - 0.6180339887498949 
                                                        (roots of x^2 - x - 1) 
  PF eigenvalue = 1.618033988749895  (expected phi = 1.618033988749895 ) 
============================================================ 
N_GON = 4 
============================================================ 
                                    %pi
Interior angle theta = (n-2)*pi/n = ---  = 90.0 deg 
                                     2
                                   %pi
Exterior angle = 2*pi/n          = ---  = 90.0 deg 
                                    2
Flat-vertex count k_flat = floor(2*pi/theta) = 4 
Angular deficit at k_flat copies = 0  = 0.0 deg 
                                      %pi
Angular excess at (k_flat+1) copies = ---  = 90.0 deg 
                                       2
Smallest k>0 with k*theta = (integer)*2*pi:  k = 4 ,  accumulating  1 
                                                                    full turns 
------------------------------------------------------------ 
[n =  4 ] Angle summary: 
                            %pi
  Interior angle  theta   = ---  = 1.570796326794896  rad = 90.0  deg 
                             2
                            %pi
  Exterior angle          = ---  = 1.570796326794896  rad 
                             2
                            %pi
  Central angle           = ---  = 1.570796326794896  rad 
                             2
  Sum of interior angles  = 2 %pi 
                            %pi
  Avg interior angle      = --- 
                             2
[n =  4 ] k-copy vertex-loop accumulation: 
                %pi     1
  k = 1 : sum = ---  =  - * 2pi  --  open 
                 2      4
                        1
  k = 2 : sum = %pi  =  - * 2pi  --  open 
                        2
                3 %pi     3
  k = 3 : sum = -----  =  - * 2pi  --  open 
                  2       4
  k = 4 : sum = 2 %pi  =  1 * 2pi  --  CLOSES 
                5 %pi     5
  k = 5 : sum = -----  =  - * 2pi  --  open 
                  2       4
                          3
  k = 6 : sum = 3 %pi  =  - * 2pi  --  open 
                          2
                7 %pi     7
  k = 7 : sum = -----  =  - * 2pi  --  open 
                  2       4
  k = 8 : sum = 4 %pi  =  2 * 2pi  --  CLOSES 
                9 %pi     9
  k = 9 : sum = -----  =  - * 2pi  --  open 
                  2       4
                           5
  k = 10 : sum = 5 %pi  =  - * 2pi  --  open 
                           2
                 11 %pi     11
  k = 11 : sum = ------  =  -- * 2pi  --  open 
                   2        4
  k = 12 : sum = 6 %pi  =  3 * 2pi  --  CLOSES 
Smallest k with full closure: k = 4   (number of full turns = 1 ) 
------------------------------------------------------------ 
[n =  4 ] Cyclotomic / roots-of-unity structure: 
                                            2
  x^n - 1 factorization = (x - 1) (x + 1) (x  + 1) 
  totient(n) = phi(n)   = 2   (degree of Q[zeta_n] over Q) 
  Real subfield degree  = 1   (degree of Q(zeta + zeta^{-1}) over Q) 
  Sum of all n-th roots (numeric) = 0.0  (expected 0 for n >= 2) 
  Sum of primitive n-th roots (numeric) = 0.0 ,  Moebius mu(n) = 0 
  2*cos(2*pi/n) = 0  = 0.0   (algebraic integer in real cyclotomic subfield) 
------------------------------------------------------------ 
[n =  4 ] Rotation matrix R (by exterior angle 2*pi/n): 
            [ 0  - 1 ]
  Symbolic: [        ] 
            [ 1   0  ]
            [ 0.0  - 1.0 ]
  Numeric : [            ] 
            [ 1.0   0.0  ]
  det(R) = 1  (expected 1) 
  tr(R) = 0  = 2 cos(2*pi/n) = 0.0 
                 [ 1.0  0.0 ]
  R^n  numeric = [          ]  (expected I) 
                 [ 0.0  1.0 ]
[n =  4 ] R^k traces (should equal 2 cos(2 pi k/n)): 
  k = 1 : tr(R^k) = 0.0  ~ 2cos( 1 *2pi/n) = 0.0 
  k = 2 : tr(R^k) = - 2.0  ~ 2cos( 2 *2pi/n) = - 2.0 
  k = 3 : tr(R^k) = 0.0  ~ 2cos( 3 *2pi/n) = 0.0 
  k = 4 : tr(R^k) = 2.0  ~ 2cos( 4 *2pi/n) = 2.0 
------------------------------------------------------------ 
[n =  4 ] PRIMARY BASIS VECTORS (unit circumradius, 
                            vertex 0 at top, CCW): 
  v[ 0 ] =  [0, 1]  ~  [0.0, 1.0] 
  v[ 1 ] =  [- 1, 0]  ~  [- 1.0, 0.0] 
  v[ 2 ] =  [0, - 1]  ~  [0.0, - 1.0] 
  v[ 3 ] =  [1, 0]  ~  [1.0, 0.0] 
[n =  4 ] EDGE VECTORS e[k] = v[k] - v[k-1] (unit circumradius): 
  e[ 1 ] (numeric) =  [- 1.0, - 1.0] 
  e[ 2 ] (numeric) =  [1.0, - 1.0] 
  e[ 3 ] (numeric) =  [1.0, 1.0] 
  e[ 4 ] (numeric) =  [- 1.0, 1.0] 
[n =  4 ] Side length (unit circumradius) s = sqrt(2)  = 1.414213562373095 
------------------------------------------------------------ 
[n =  4 ] Holonomy / spinor cover analysis: 
  Natural single-vortex fiber order = 4 
  Z_n single-vortex holonomy (n = 4 ) : 1 
  Required loop count to close fiber : 4 
[Anyonic case G = Z_n with n = 4 ]: 
  single-vortex holonomy = 1 
  loop order required    = 4  (expected 4 ) 
[n =  4 ] order(g, n) = n/gcd(g, n) check (g = 0..n-1): 
  All g in Z_n satisfy order(g) = n/gcd(g, n). 
[n =  4 ] Composite holonomy: Loop A = 3 , Loop B = 3 , Composite = 2 
                                                               , Sum mod n = 2 
------------------------------------------------------------ 
[n =  4 ] Cut-and-project ambient lattice Z^n: 
  C_n cyclic shift matrix: 
   [ 0  1  0  0 ]
   [            ]
   [ 0  0  1  0 ]
   [            ] 
   [ 0  0  0  1 ]
   [            ]
   [ 1  0  0  0 ]
                   4
  charpoly(C_n) = x  - 1 
  C_n^n = I_n verified. 
  C_n is orthogonal: C_n . C_n^T = I_n. 
  C_n . (1,...,1)^T - (1,...,1)^T = [ 0  0  0  0 ]  (should be zero) 
  Projectors P_diag, P_perp: idempotent, orthogonal, complete. 
  dim(orthogonal complement of diagonal) = 3  = n - 1 
[n =  4 ] REAL-INVARIANT 2D SUBSPACES V_k of C_n: 
  V_ 1  (rotation angle 2 pi * 1 /n = 1.570796326794896 ): 
    u_ 1  (cos) = [1.0, 0.0, - 1.0, 0.0] 
    w_ 1  (sin) = [0.0, 1.0, 0.0, - 1.0] 
  alternating-sign eigenvector (eigenvalue -1) = [1, - 1, 1, - 1] 
  Physical 2D plane E_|| recommended = V_1. 
  Perp subspace E_perp = (diagonal) + 0 * 2D pieces + 1 alternating direction 
                                                           =>  dim(E_perp) = 2 
                       3
  ||pi_perp(e_1)||^2 = -  (= (n-1)/n) 
                       4
------------------------------------------------------------ 
[n =  4 ] CA rule-count analysis (degree k = n): 
  Binary outer-totalistic n-neighbor rules = 1024  (= 2^ 10 ) 
  Binary fully totalistic n-neighbor rules = 64  (= 2^ 6 ) 
  Binary fully general    n-neighbor rules = 4294967296  (= 2^(2^ 5 )) 
  Reference: 4-OT = 1024 , 8-OT = 262144 
------------------------------------------------------------ 
[n =  4 ] Polygon geometry (side s = 1): 
                      1
  Circumradius R = -------  ~ 0.7071067811865475 
                   sqrt(2)
                   1
  Apothem      r = -  ~ 0.5 
                   2
  R/r            = sqrt(2)  = sec(pi/n) = 1.414213562373095 
  Area A         = 1  ~ 1.0 
  Diagonals (k-step chord lengths, unit side): 
    d[ 1 ] = 1  ~ 1.0 
    d[ 2 ] = sqrt(2)  ~ 1.414213562373095 
    d[ 3 ] = 1  ~ 1.0 
------------------------------------------------------------ 
[n =  4 ] Dihedral group D_n symmetries: 
                                   [ 0  0 ]
  S0 . R . S0 - R^{-1} (symbolic): [      ] 
                                   [ 0  0 ]
  S R S = R^{-1} verified. 
  |D_n| = 8 
  Conjugacy classes (n even): 1 + (n-2)/2 + 1 + 2 = 5 
                         (sum of sizes 1 + (n-2)/2 * 2 + 1 + 2*(n/2) = 8 = 2n) 
  Irrep dim^2 sum (n even): 4 + 2(n-2) = 8 (should = 2n = 8 ) 
------------------------------------------------------------ 
[n =  4 ] Graph Laplacians (star and cycle): 
  Star K_{1, 4 }: spectrum = {0, 1 (multiplicity 3 ), 5 } 
  Spectral gap = 1 (positive => connected). 
  Cycle C_ 4  Laplacian eigenvalues = 2 - 2 cos(2 pi k/n): 
   [0.0, 2.0, 4.0, 2.0] 
  Spectral gap of C_ 4  = 2.0 
  [n = 4 ] iteration complete. 
------------------------------------------------------------ 
[n =  4 ] Inflation / substitution system: 
                          [ 1  1 ]
  Substitution matrix M = [      ] 
                          [ 2  1 ]
  Initial vector v0 = [ 1  0 ] 
  depth = 1 : tile counts = [ 1  2 ]   total = 3 
  depth = 2 : tile counts = [ 3  4 ]   total = 7 
  depth = 3 : tile counts = [ 7  10 ]   total = 17 
  depth = 4 : tile counts = [ 17  24 ]   total = 41 
  depth = 5 : tile counts = [ 41  58 ]   total = 99 
  depth = 6 : tile counts = [ 99  140 ]   total = 239 
  Perron-Frobenius eigenvalue (inflation ratio) = 2.414213562373095 
  Tile-count growth rates (ratio at successive depths): 
   [2.333333333333333, 2.428571428571428, 2.411764705882353, 
                                         2.414634146341463, 2.414141414141414] 
  Converging to PF eigenvalue: 2.414213562373095 
  Tiles after 1 inflation step: 3 
  Fractal dimension estimate d_f = log(N)/log(lambda) = 1.246477435729816 
------------------------------------------------------------ 
[n =  4 ] Zeta functions and L-series: 
  Partial Riemann zeta(2) ( 40  terms) = 1.620243963006935   (exact pi^2/6 = 
                                                           1.644934066848226 ) 
  Partial Riemann zeta(3) ( 40  terms) = 1.201752118023676 
                                                    (Apery's constant ~ 1.202) 
  Partial Dedekind zeta_{Q(sqrt5)}(2) (primes <= 30) = 1.153470439104993 
  Partial Dedekind zeta_{Q(sqrt5)}(3) (primes <= 30) = 1.027407641683453 
  Ratio zeta_{Q(sqrt5)}(2) / zeta(2)^2 ~ (class number factor): 
    = 0.4393854233642092 
  Partial L(2, chi_5) ( 40  terms) = 0.7061989804245805 
  Partial L(3, chi_5) ( 40  terms) = 0.8548243026978557 
  Exact L(2, chi_5) = pi^2 / (5 sqrt(5)) ~ 0.8827642540746761 
  Functional equation (numerical check at s=0.7): 
    L(0.7) = 0.3154812660944506   L(0.3) = 0.140960360039939   ratio = 
                                                             2.238084990738273 
  Spectral zeta of C_ 4  at s=2: 0.5625 
  Spectral zeta of C_ 4  at s=3: 0.265625 
------------------------------------------------------------ 
[n =  4 ] Diffusion kernel and heat trace: 
  Heat trace Tr(e^{-t L}) for cycle C_ 4 : 
    t = 0.01 :  Tr = 3.921186785765834 
    t = 0.1 :  Tr = 3.307781552191603 
    t = 0.5 :  Tr = 1.871094165579497 
    t = 1.0 :  Tr = 1.288986205361959 
    t = 2.0 :  Tr = 1.03696674040537 
    t = 5.0 :  Tr = 1.000090801920678 
    t = 10.0 :  Tr = 1.000000004122307 
    t = 50.0 :  Tr = 1.0 
  Heat trace Tr(e^{-t L}) for star K_{1, 4 }: 
    t = 0.01 :  Tr = 4.921378925748218 
    t = 0.1 :  Tr = 4.321042913820512 
    t = 0.5 :  Tr = 2.901676977761799 
    t = 1.0 :  Tr = 2.110376270513412 
    t = 2.0 :  Tr = 1.4060512496396 
    t = 5.0 :  Tr = 1.020213841011144 
    t = 10.0 :  Tr = 1.000136199789287 
    t = 50.0 :  Tr = 1.0 
  Effective d_s from heat-trace slope (cycle C_ 4 ): 
    t in [ 0.01 , 0.1 ]:  d_s ~ 0.1477614192914646 
    t in [ 0.1 , 0.5 ]:  d_s ~ 0.7080165806024122 
    t in [ 0.5 , 1.0 ]:  d_s ~ 1.075290684005808 
    t in [ 1.0 , 2.0 ]:  d_s ~ 0.6277344043283197 
    t in [ 2.0 , 5.0 ]:  d_s ~ 0.07903399385722186 
    t in [ 5.0 , 10.0 ]:  d_s ~ 2.619751725833727E-4 
    t in [ 10.0 , 50.0 ]:  d_s ~ 5.122667167202801E-9 
  Short-time heat-trace asymptotics (2D Weyl law): 
    Tr(e^{-tL}) ~ (4 pi t)^{-1} * A + (4 pi t)^{-1/2} * B/6 + ... 
    t = 0.01 :  Weyl leading term = 7.957747154594768 
    t = 0.05 :  Weyl leading term = 1.591549430918953 
    t = 0.1 :  Weyl leading term = 0.7957747154594768 
  Heat kernel K_t(x) on R^2 (Gaussian, d=2): 
    t = 0.1 :  K(0) = 0.7957747154594768   K(1) = 0.0653211664234246   K(2) = 
                                                          3.612811618862161E-5 
    t = 1.0 :  K(0) = 0.07957747154594767   K(1) = 0.06197499715482649   K(2) =
                                                           0.02927491576215958 
    t = 10.0 :  K(0) = 0.007957747154594767   K(1) = 0.007761269677291536 
                                                   K(2) = 0.007200467388746533 
  Spectral zeta of C_ 4  at s=1,2,3: 
    s = 1 :  zeta_L = 1.25 
    s = 2 :  zeta_L = 0.5625 
    s = 3 :  zeta_L = 0.265625 
------------------------------------------------------------ 
[n =  4 ] Acceptance-window (cut-and-project) geometry: 
  Acceptance window: regular  4 -gon in perp space 
  Unit-cell area A_cell ~ 1.0 
  Acceptance densities (rho = window inradius): 
    rho = 0.5 :  density = 1.0 
    rho = 1.0 :  density = 4.0 
    rho = 1.5 :  density = 9.0 
    rho = 2.0 :  density = 16.0 
  Window vertices (rho = 1): 
    v[ 0 ] = ( 1.0 , 0.0 ) 
    v[ 1 ] = ( 0.0 , 1.0 ) 
    v[ 2 ] = ( - 1.0 , 0.0 ) 
    v[ 3 ] = ( 0.0 , - 1.0 ) 
  Sample acceptance test (rho = 1, grid [-1.5, 1.5]^2, 20 x 20  grid): 
    Points inside window: 81 / 400   fraction = 0.2025 
    Expected fraction (A_window/A_box) = 0.4444444444444444 
------------------------------------------------------------ 
[n =  4 ] Substitution sequences and symbolic dynamics: 
  Fibonacci word (substitution a->ab, b->a): 
    depth = 0 : length = 1   word = a 
    depth = 1 : length = 2   word = ab 
    depth = 2 : length = 3   word = aba 
    depth = 3 : length = 5   word = abaab 
    depth = 4 : length = 8   word = abaababa 
    depth = 5 : length = 13   word = abaababaabaab 
    depth = 6 : length = 21   word = abaababaabaababaababa 
  At depth 6 : |a| = 13   |b| = 8   |a|/|b| = 1.625   phi = 1.618033988749895 
  a/b ratio converging to phi: OK 
  Fibonacci word is Sturmian: complexity p(n) = n + 1 
  (minimum complexity for an aperiodic sequence) 
  Thue-Morse sequence (first 16 terms): 
   [0, 1, 1, 0, 1, 0, 0, 1, 1, 0, 0, 1, 0, 1, 1, 0] 
  Rudin-Shapiro sequence (first 16 terms): 
   [1, 1, 1, - 1, 1, 1, - 1, 1, 1, 1, 1, - 1, - 1, - 1, 1, - 1] 
                                 [ 1  1 ]
  Fibonacci substitution matrix: [      ] 
                                 [ 1  0 ]
                              2
  Characteristic polynomial: x  - x - 1 
  Eigenvalues: phi = 1.618033988749895  and psi = - 0.6180339887498949 
                                                        (roots of x^2 - x - 1) 
  PF eigenvalue = 1.618033988749895  (expected phi = 1.618033988749895 ) 
============================================================ 
N_GON = 5 
============================================================ 
                                    3 %pi
Interior angle theta = (n-2)*pi/n = -----  = 108.0 deg 
                                      5
                                   2 %pi
Exterior angle = 2*pi/n          = -----  = 72.0 deg 
                                     5
Flat-vertex count k_flat = floor(2*pi/theta) = 3 
                                   %pi
Angular deficit at k_flat copies = ---  = 36.0 deg 
                                    5
                                      2 %pi
Angular excess at (k_flat+1) copies = -----  = 72.0 deg 
                                        5
Smallest k>0 with k*theta = (integer)*2*pi:  k = 10 ,  accumulating  3 
                                                                    full turns 
------------------------------------------------------------ 
[n =  5 ] Angle summary: 
                            3 %pi
  Interior angle  theta   = -----  = 1.884955592153875  rad = 108.0  deg 
                              5
                            2 %pi
  Exterior angle          = -----  = 1.256637061435917  rad 
                              5
                            2 %pi
  Central angle           = -----  = 1.256637061435917  rad 
                              5
  Sum of interior angles  = 3 %pi 
                            3 %pi
  Avg interior angle      = ----- 
                              5
[n =  5 ] k-copy vertex-loop accumulation: 
                3 %pi     3
  k = 1 : sum = -----  =  -- * 2pi  --  open 
                  5       10
                6 %pi     3
  k = 2 : sum = -----  =  - * 2pi  --  open 
                  5       5
                9 %pi     9
  k = 3 : sum = -----  =  -- * 2pi  --  open 
                  5       10
                12 %pi     6
  k = 4 : sum = ------  =  - * 2pi  --  open 
                  5        5
                          3
  k = 5 : sum = 3 %pi  =  - * 2pi  --  open 
                          2
                18 %pi     9
  k = 6 : sum = ------  =  - * 2pi  --  open 
                  5        5
                21 %pi     21
  k = 7 : sum = ------  =  -- * 2pi  --  open 
                  5        10
                24 %pi     12
  k = 8 : sum = ------  =  -- * 2pi  --  open 
                  5        5
                27 %pi     27
  k = 9 : sum = ------  =  -- * 2pi  --  open 
                  5        10
  k = 10 : sum = 6 %pi  =  3 * 2pi  --  CLOSES 
                 33 %pi     33
  k = 11 : sum = ------  =  -- * 2pi  --  open 
                   5        10
                 36 %pi     18
  k = 12 : sum = ------  =  -- * 2pi  --  open 
                   5        5
Smallest k with full closure: k = 10   (number of full turns = 3 ) 
------------------------------------------------------------ 
[n =  5 ] Cyclotomic / roots-of-unity structure: 
                                    4    3    2
  x^n - 1 factorization = (x - 1) (x  + x  + x  + x + 1) 
  totient(n) = phi(n)   = 4   (degree of Q[zeta_n] over Q) 
  Real subfield degree  = 2   (degree of Q(zeta + zeta^{-1}) over Q) 
  Sum of all n-th roots (numeric) = 2.220446049250313E-16 
                                                       (expected 0 for n >= 2) 
  Sum of primitive n-th roots (numeric) = - 0.9999999999999998 
                                                        ,  Moebius mu(n) = - 1 
                        2 %pi
  2*cos(2*pi/n) = 2 cos(-----)  = 0.6180339887498949 
                          5
                               (algebraic integer in real cyclotomic subfield) 
  [Pentagon] 2*cos(72)  - (sqrt 5 - 1)/2  ~ 0.0 
  [Pentagon] 2*cos(144) - (-(sqrt 5 + 1)/2) ~ 2.220446049250313E-16 
------------------------------------------------------------ 
[n =  5 ] Rotation matrix R (by exterior angle 2*pi/n): 
            [     2 %pi         2 %pi  ]
            [ cos(-----)  - sin(-----) ]
            [       5             5    ]
  Symbolic: [                          ] 
            [     2 %pi        2 %pi   ]
            [ sin(-----)   cos(-----)  ]
            [       5            5     ]
            [ 0.3090169943749474  - 0.9510565162951535 ]
  Numeric : [                                          ] 
            [ 0.9510565162951535   0.3090169943749474  ]
  det(R) = 1  (expected 1) 
                2 %pi
  tr(R) = 2 cos(-----)  = 2 cos(2*pi/n) = 0.6180339887498949 
                  5
                 [           1.0            2.375740894749007E-16 ]
  R^n  numeric = [                                                ] 
                 [ - 2.375740894749007E-16           1.0          ]
                                                                  (expected I) 
[n =  5 ] R^k traces (should equal 2 cos(2 pi k/n)): 
  k = 1 : tr(R^k) = 0.6180339887498949  ~ 2cos( 1 *2pi/n) = 0.6180339887498949 
  k = 2 : tr(R^k) = - 1.618033988749895  ~ 2cos( 2 *2pi/n) = 
                                                           - 1.618033988749894 
  k = 3 : tr(R^k) = - 1.618033988749895  ~ 2cos( 3 *2pi/n) = 
                                                           - 1.618033988749895 
  k = 4 : tr(R^k) = 0.6180339887498947  ~ 2cos( 4 *2pi/n) = 0.6180339887498945 
  k = 5 : tr(R^k) = 2.0  ~ 2cos( 5 *2pi/n) = 2.0 
------------------------------------------------------------ 
[n =  5 ] PRIMARY BASIS VECTORS (unit circumradius, 
                            vertex 0 at top, CCW): 
  v[ 0 ] =  [0, 1]  ~  [0.0, 1.0] 
                 9 %pi       9 %pi
  v[ 1 ] =  [cos(-----), sin(-----)]  ~  
                  10          10
                                    [- 0.9510565162951535, 0.3090169943749475] 
                 13 %pi       13 %pi
  v[ 2 ] =  [cos(------), sin(------)]  ~  
                   10           10
                                  [- 0.5877852522924733, - 0.8090169943749473] 
                 17 %pi       17 %pi
  v[ 3 ] =  [cos(------), sin(------)]  ~  
                   10           10
                                    [0.5877852522924729, - 0.8090169943749476] 
                 21 %pi       21 %pi
  v[ 4 ] =  [cos(------), sin(------)]  ~  
                   10           10
                                      [0.9510565162951536, 0.3090169943749472] 
[n =  5 ] EDGE VECTORS e[k] = v[k] - v[k-1] (unit circumradius): 
  e[ 1 ] (numeric) =  [- 0.9510565162951535, - 0.6909830056250526] 
  e[ 2 ] (numeric) =  [0.3632712640026803, - 1.118033988749895] 
  e[ 3 ] (numeric) =  [1.175570504584946, - 2.220446049250313E-16] 
  e[ 4 ] (numeric) =  [0.3632712640026807, 1.118033988749894] 
  e[ 5 ] (numeric) =  [- 0.9510565162951536, 0.6909830056250528] 
                                                    %pi
[n =  5 ] Side length (unit circumradius) s = 2 sin(---)  = 1.175570504584946 
                                                     5
  [Pentagon] cos(72) - (phi-1)/2 = 0 
  [Pentagon] cos(36) - phi/2     = 0 
  [Pentagon] cos^2(72) + sin^2(72) = 1 
  [Pentagon] cos^2(36) + sin^2(36) = 1 
                                [ 1  0 ]
  [Pentagon] R72^5 (radcan'd) = [      ] 
                                [ 0  1 ]
                                 [ 0.0  0.0 ]
  [Pentagon] R72^5 - I numeric = [          ] 
                                 [ 0.0  0.0 ]
------------------------------------------------------------ 
[n =  5 ] Holonomy / spinor cover analysis: 
  Natural single-vortex fiber order = 10 
  Z_n single-vortex holonomy (n = 10 ) : 1 
  Required loop count to close fiber : 10 
[Anyonic case G = Z_n with n = 5 ]: 
  single-vortex holonomy = 1 
  loop order required    = 5  (expected 5 ) 
[n =  5 ] order(g, n) = n/gcd(g, n) check (g = 0..n-1): 
  All g in Z_n satisfy order(g) = n/gcd(g, n). 
[n =  5 ] Composite holonomy: Loop A = 3 , Loop B = 2 , Composite = 0 
                                                               , Sum mod n = 0 
------------------------------------------------------------ 
[n =  5 ] Cut-and-project ambient lattice Z^n: 
  C_n cyclic shift matrix: 
   [ 0  1  0  0  0 ]
   [               ]
   [ 0  0  1  0  0 ]
   [               ]
   [ 0  0  0  1  0 ] 
   [               ]
   [ 0  0  0  0  1 ]
   [               ]
   [ 1  0  0  0  0 ]
                       5
  charpoly(C_n) = 1 - x  
  C_n^n = I_n verified. 
  C_n is orthogonal: C_n . C_n^T = I_n. 
  C_n . (1,...,1)^T - (1,...,1)^T = [ 0  0  0  0  0 ]  (should be zero) 
  Projectors P_diag, P_perp: idempotent, orthogonal, complete. 
  dim(orthogonal complement of diagonal) = 4  = n - 1 
[n =  5 ] REAL-INVARIANT 2D SUBSPACES V_k of C_n: 
  V_ 1  (rotation angle 2 pi * 1 /n = 1.256637061435917 ): 
    u_ 1  (cos) = [1.0, 0.3090169943749474, - 0.8090169943749473, 
                                     - 0.8090169943749476, 0.3090169943749472] 
    w_ 1  (sin) = [0.0, 0.9510565162951535, 0.5877852522924733, 
                                    - 0.587785252292473, - 0.9510565162951536] 
  V_ 2  (rotation angle 2 pi * 2 /n = 2.513274122871834 ): 
    u_ 2  (cos) = [1.0, - 0.8090169943749473, 0.3090169943749472, 
                                     0.3090169943749477, - 0.8090169943749477] 
    w_ 2  (sin) = [0.0, 0.5877852522924733, - 0.9510565162951536, 
                                     0.9510565162951535, - 0.5877852522924728] 
  Physical 2D plane E_|| recommended = V_1. 
  Perp subspace E_perp = (diagonal) + 1 * 2D pieces + 0 alternating directions 
                                                           =>  dim(E_perp) = 3 
                       4
  ||pi_perp(e_1)||^2 = -  (= (n-1)/n) 
                       5
------------------------------------------------------------ 
[n =  5 ] CA rule-count analysis (degree k = n): 
  Binary outer-totalistic n-neighbor rules = 4096  (= 2^ 12 ) 
  Binary fully totalistic n-neighbor rules = 128  (= 2^ 7 ) 
  Binary fully general    n-neighbor rules = 18446744073709551616  (= 2^(2^ 6 
                                                                            )) 
  [Pentagon] 4096 outer-totalistic rules confirmed. 
  Reference: 4-OT = 1024 , 8-OT = 262144 
------------------------------------------------------------ 
[n =  5 ] Polygon geometry (side s = 1): 
                       1
  Circumradius R = ----------  ~ 0.8506508083520399 
                         %pi
                   2 sin(---)
                          5
                       1
  Apothem      r = ----------  ~ 0.6881909602355868 
                         %pi
                   2 tan(---)
                          5
                       %pi
                   tan(---)
                        5
  R/r            = --------  = sec(pi/n) = 1.236067977499789 
                       %pi
                   sin(---)
                        5
                         %pi
                   5 cot(---)
                          5
  Area A         = ----------  ~ 1.720477400588967 
                       4
  Diagonals (k-step chord lengths, unit side): 
    d[ 1 ] = 1  ~ 1.0 
                 2 %pi
             sin(-----)
                   5
    d[ 2 ] = ----------  ~ 1.618033988749894 
                  %pi
              sin(---)
                   5
                 3 %pi
             sin(-----)
                   5
    d[ 3 ] = ----------  ~ 1.618033988749895 
                  %pi
              sin(---)
                   5
                 4 %pi
             sin(-----)
                   5
    d[ 4 ] = ----------  ~ 1.0 
                  %pi
              sin(---)
                   5
  [Pentagon] (d/s)^2 = phi^2 confirmed 
  [Pentagon] pentagram self-similarity: 1/phi^2 = 2 - phi 
------------------------------------------------------------ 
[n =  5 ] Dihedral group D_n symmetries: 
                                   [ 0  0 ]
  S0 . R . S0 - R^{-1} (symbolic): [      ] 
                                   [ 0  0 ]
  S R S = R^{-1} verified. 
  |D_n| = 10 
  Conjugacy classes (n odd): 1 + (n-1)/2 + 1 = 4 
                                  (sum of sizes 1 + (n-1)/2 * 2 + n = 10 = 2n) 
  Irrep dim^2 sum (n odd): 2 + 2(n-1) = 10 (should = 2n = 10 ) 
------------------------------------------------------------ 
[n =  5 ] Graph Laplacians (star and cycle): 
  Star K_{1, 5 }: spectrum = {0, 1 (multiplicity 4 ), 6 } 
  Spectral gap = 1 (positive => connected). 
  Cycle C_ 5  Laplacian eigenvalues = 2 - 2 cos(2 pi k/n): 
   [0.0, 1.381966011250105, 3.618033988749895, 3.618033988749895, 
                                                            1.381966011250105] 
  Spectral gap of C_ 5  = 1.381966011250105 
                                       5          4         3         2
  [Pentagon] charpoly(L_{C_5}) = (- lam ) + 10 lam  - 35 lam  + 50 lam
                                                                      - 25 lam 
  [n = 5 ] iteration complete. 
------------------------------------------------------------ 
[n =  5 ] Inflation / substitution system: 
                          [ 1  1 ]
  Substitution matrix M = [      ] 
                          [ 3  2 ]
  Initial vector v0 = [ 1  0 ] 
  depth = 1 : tile counts = [ 1  3 ]   total = 4 
  depth = 2 : tile counts = [ 4  9 ]   total = 13 
  depth = 3 : tile counts = [ 13  30 ]   total = 43 
  depth = 4 : tile counts = [ 43  99 ]   total = 142 
  depth = 5 : tile counts = [ 142  327 ]   total = 469 
  depth = 6 : tile counts = [ 469  1080 ]   total = 1549 
  Perron-Frobenius eigenvalue (inflation ratio) = 3.302775637731995 
  [Pentagon] phi^2 = 2.618033988749895   PF eigenvalue = 3.302775637731995 
                                                     diff = 0.6847416489820999 
Pentagon inflation ratio != phi^2
 -- an error. To debug this try: debugmode(true);
