batchload("experiment.mac")
============================================================ 
experiment.mac : Multi-Sheeted N-Gon Tiling Experiments 
============================================================ 
------------------------------------------------------------ 
PARAMETERIZATION:  N_GON = 5 
------------------------------------------------------------ 
  Interior angle = 108.0 deg 
  Flat-vertex count k_flat = 3 
  Angular deficit = 36.0 deg 
  Loop-closure index k_loop = 10 
  Natural fiber group order = 10 
  Fiber groups for holonomy survey: [2, 3, 4, 5, 6, 10] 
Configuration: 
  preset    = huge 
  TAU_MODE  = signed3 
  BFS_DEPTH = 5 
  M_WALKS   = 20000 
  T_STEPS   = 500 
  T_CA      = 64 
  SKIP_EIG  = true 
  EIG_MAX_N = 3000 
  MSD fit window t in [ 2 , 5 ] 
  P_0 fit window t in [ 2 , 10 ] (even t) 
  KPM_MOMENTS = 256 
  KPM_SAMPLES = 24 
  LONG_LOOP_MAX = 8 
  N_GON = 5 
Section 1: Q(sqrt(5)) arithmetic primitives OK. 
Section 2: N-gon geometry primitives OK (N_GON = 5 ). 
  CHIRAL_ACTIVE = true  (odd n: bipartite orientation bigraph) 
Section 3: created origin 5 -gon, id = 1   (TAU_MODE = signed3 ) 
Section 3: after BFS depth 5 , cell_count = 3906   (N_GON = 5 ) 
First 5 cells (id, chirality, sheet, #neighbors): 
   1  chir= 0  sheet= 0  deg= 5  (interior target: 5 ) 
   2  chir= 1  sheet= - 1  deg= 6  (interior target: 5 ) 
   3  chir= 1  sheet= 0  deg= 6  (interior target: 5 ) 
   4  chir= 1  sheet= 1  deg= 6  (interior target: 5 ) 
   5  chir= 1  sheet= - 1  deg= 6  (interior target: 5 ) 
Bipartite check (odd n): same-chirality edges = 0  (should be 0) 
Degree stats: min = 1 , mean = 1.999487967229903 , max = 6  (interior 5 
                                                     -gons should have deg 5 ) 
Chirality distribution: up = 651 , down = 3255 
                                 (bipartite ratio ~ 1 expected at large depth) 
Sheets present in cluster: [- 5, - 4, - 3, - 2, - 1, 0, 1, 2, 3, 4, 5] 
------------------------------------------------------------ 
SECTION 3b: Distance ring pre-computation 
------------------------------------------------------------ 
Computing origin-to-all squared distances (N = 3906 )... 
Computing all-pairs squared distances (cap = 200000 )... 
WARNING: distance pair computation capped at 200000 
                          pairs.  Increase DIST_PAIR_CAP for complete catalog. 
Sorting distance classes... 
  (pre-computing float keys for 203585 classes...) 
