batchload("experiment.mac")
============================================================ 
experiment.mac : Multi-Sheeted N-Gon Tiling Experiments 
============================================================ 
------------------------------------------------------------ 
PARAMETERIZATION:  N_GON = 5 
------------------------------------------------------------ 
  Interior angle = 108.0 deg 
  Flat-vertex count k_flat = 3 
  Angular deficit = 36.0 deg 
  Loop-closure index k_loop = 10 
  Natural fiber group order = 10 
  Fiber groups for holonomy survey: [2, 3, 4, 5, 6, 10] 
Configuration: 
  preset    = huge 
  TAU_MODE  = signed3 
  BFS_DEPTH = 5 
  M_WALKS   = 20000 
  T_STEPS   = 500 
  T_CA      = 64 
  SKIP_EIG  = true 
  EIG_MAX_N = 3000 
  MSD fit window t in [ 2 , 5 ] 
  P_0 fit window t in [ 2 , 10 ] (even t) 
  KPM_MOMENTS = 256 
  KPM_SAMPLES = 24 
  LONG_LOOP_MAX = 8 
  N_GON = 5 
Section 1: Q(sqrt(5)) arithmetic primitives OK. 
Section 2: N-gon geometry primitives OK (N_GON = 5 ). 
  CHIRAL_ACTIVE = true  (odd n: bipartite orientation bigraph) 
Section 3: created origin 5 -gon, id = 1   (TAU_MODE = signed3 ) 
