batchload("experiment.mac")
============================================================ 
experiment.mac : Multi-Sheeted N-Gon Tiling Experiments 
============================================================ 
------------------------------------------------------------ 
PARAMETERIZATION:  N_GON = 5 
------------------------------------------------------------ 
  Interior angle = 108.0 deg 
  Flat-vertex count k_flat = 3 
  Angular deficit = 36.0 deg 
  Loop-closure index k_loop = 10 
  Natural fiber group order = 10 
  Fiber groups for holonomy survey: [2, 3, 4, 5, 6, 10] 
Configuration: 
  preset    = tiny 
  TAU_MODE  = signed3 
  BFS_DEPTH = 1 
  M_WALKS   = 50 
  T_STEPS   = 10 
  T_CA      = 4 
  SKIP_EIG  = false 
  EIG_MAX_N = 1500 
  MSD fit window t in [ 2 , 4 ] 
  P_0 fit window t in [ 2 , 4 ] (even t) 
  KPM_MOMENTS = 64 
  KPM_SAMPLES = 8 
  LONG_LOOP_MAX = 6 
  N_GON = 5 
Section 1: Q(sqrt(5)) arithmetic primitives OK. 
Section 2: N-gon geometry primitives OK (N_GON = 5 ). 
  CHIRAL_ACTIVE = true  (odd n: bipartite orientation bigraph) 
Section 3: created origin 5 -gon, id = 1   (TAU_MODE = signed3 ) 
Section 3: after BFS depth 1 , cell_count = 6   (N_GON = 5 ) 
First 5 cells (id, chirality, sheet, #neighbors): 
   1  chir= 0  sheet= 0  deg= 5  (interior target: 5 ) 
   2  chir= 1  sheet= - 1  deg= 1  (interior target: 5 ) 
   3  chir= 1  sheet= 0  deg= 1  (interior target: 5 ) 
   4  chir= 1  sheet= 1  deg= 1  (interior target: 5 ) 
   5  chir= 1  sheet= - 1  deg= 1  (interior target: 5 ) 
Bipartite check (odd n): same-chirality edges = 0  (should be 0) 
Degree stats: min = 1 , mean = 1.666666666666666 , max = 5  (interior 5 
                                                     -gons should have deg 5 ) 
Chirality distribution: up = 1 , down = 5 
                                 (bipartite ratio ~ 1 expected at large depth) 
Sheets present in cluster: [- 1, 0, 1] 
------------------------------------------------------------ 
SECTION 3b: Distance ring pre-computation 
------------------------------------------------------------ 
Computing origin-to-all squared distances (N = 6 )... 
Computing all-pairs squared distances (cap = 200000 )... 
All-pairs computation complete: 15 pairs. 
Distinct squared distances found: 20 
Distance ring table (first 15 rings from origin): 
  k  |  sq_dist (r,s)  |  float  |  ring_size  |  total_pairs  |  notes 
   1   [ 2.618033988749895 , 0.0 ]   ~ 2.618033988749895   ring= 0   pairs= 1 
                                             norm= 6.854101966249686  rational 
   2   [ 2.618033988749895 , 0.0 ]   ~ 2.618033988749895   ring= 0   pairs= 1 
                                             norm= 6.854101966249686  rational 
   3   [ 2.618033988749895 , 0.0 ]   ~ 2.618033988749895   ring= 0   pairs= 1 
                                             norm= 6.854101966249684  rational 
   4   [ 2.618033988749895 , 0.0 ]   ~ 2.618033988749895   ring= 0   pairs= 1 
                                             norm= 6.854101966249684  rational 
   5   [ 2.618033988749895 , 0.0 ]   ~ 2.618033988749895   ring= 0   pairs= 1 
                                             norm= 6.854101966249686  rational 
   6   [ 2.618033988749895 , 0.0 ]   ~ 2.618033988749895   ring= 0   pairs= 1 
                                             norm= 6.854101966249686  rational 
   7   [ 2.618033988749894 , 0.0 ]   ~ 2.618033988749894   ring= 0   pairs= 1 
                                             norm= 6.854101966249682  rational 
   8   [ 2.618033988749894 , 0.0 ]   ~ 2.618033988749894   ring= 0   pairs= 1 
                                             norm= 6.854101966249682  rational 
   9   [ 2.618033988749895 , 0.0 ]   ~ 2.618033988749895   ring= 0   pairs= 1 
                                             norm= 6.854101966249685  rational 
   10   [ 2.618033988749895 , 0.0 ]   ~ 2.618033988749895   ring= 0   pairs= 1 
                                             norm= 6.854101966249685  rational 
   11   [ 3.618033988749895 , 0.0 ]   ~ 3.618033988749895   ring= 0   pairs= 1 
                                             norm= 13.09016994374947  rational 
   12   [ 3.618033988749895 , 0.0 ]   ~ 3.618033988749895   ring= 0   pairs= 1 
                                             norm= 13.09016994374947  rational 
   13   [ 3.618033988749894 , 0.0 ]   ~ 3.618033988749894   ring= 0   pairs= 1 
                                             norm= 13.09016994374947  rational 
   14   [ 3.618033988749895 , 0.0 ]   ~ 3.618033988749895   ring= 0   pairs= 1 
                                             norm= 13.09016994374947  rational 
   15   [ 3.618033988749895 , 0.0 ]   ~ 3.618033988749895   ring= 0   pairs= 1 
                                             norm= 13.09016994374947  rational 
Section 4: Laplacian symmetry residual = 0 
Laplacian row-sum max |.| = 0  (should be 0) 
Number of eigenvalues: 6  (expected N = 6 ) 
Smallest 5 eigenvalues: [- 6.945399116942141E-16, 0.9999999999999998, 1.0, 
                                                                     1.0, 1.0] 
Largest 3 eigenvalues: [5.999999999999998, 1.0, 1.0] 
Spectral gap (algebraic connectivity) = 0.9999999999999998 
Spectral CDF samples [lambda, N(<=lambda)]: 
   [0.2999999999999999, 1] 
   [0.5999999999999999, 1] 
   [1.199999999999999, 5] 
   [1.799999999999999, 5] 
   [2.399999999999999, 5] 
Spectral-CDF least-squares slope ~ 0.9511627951794527 
  => d_spec_estimate (DOS) ~ 1.902325590358905   (log-C = 0.9788309246565348 ) 
BFS cumulative volumes N(<=r) from origin: 
  r = 0 : N = 1 
  r = 1 : N = 6 
Cluster too small for reliable interior d_eff fit. 
Section 6: running 50 random walks of length 10 from origin id = 1 
MSD samples [t, <d^2>]: [[1, 1.0], [5, 1.0], [10, 0.0]] 
P_0 samples [t, P_0(t)]: [[2, 1.0], [4, 1.0], [10, 1.0]] 
Too few MSD data points for d_w fit. 
MSD late-time log-log slope = 0.0   (near 0 => boundary saturation) 
Too few P_0 data points (small cluster) -- using AO fallback. 
------------------------------------------------------------ 
------------------------------------------------------------ 
Dimension estimates summary: 
  d_eff   (BFS volume growth) ~ 2.0 
  d_eff   (BFS, full range)   ~ 2.0 
  d_w     (MSD scaling)       ~ 2.0 
  d_spec  (P_0 decay, early)  ~ 0.0 
  d_spec  (DOS log-log)       ~ 1.902325590358905 
  d_spec  (Alexander-Orbach 2*d_eff/d_w) ~ 2.0 
OK: d_spec(DOS) < d_eff(BFS), consistent with sub-diffusion. 
Note: d_eff outside (2,3); cluster may be too small. 
Note: these are small-cluster estimates; quantitative agreement 
with the paper's predicted regime 2 < d_eff < 3 requires larger 
clusters and the cut-and-project window for proper local finiteness. 
Section 8: no 3-cycle through origin in cluster. 
Longer cycles through origin (lengths 4-5): 0 found. 
Vortex edges in cluster (sheet shift != 0): 3 
Total edges in cluster: 5 
Vortex fraction = 0.6 
Per-sheet cell counts: 
  sheet - 1 : 2 cells 
  sheet 0 : 3 cells 
  sheet 1 : 1 cells 
Section 9: CA default rule B 2 /S 1 2   (n_int = 5 ) 
Section 9: CA initial population = 3 
CA population history (t = 0.. 4 ): 
  t = 0  population = 3 
  t = 1  population = 3 
  t = 2  population = 3 
  t = 3  population = 3 
  t = 4  population = 3 
CA final population = 3   (still life) 
Live cells per sheet at t = 4 : [[- 1, 1], [0, 2], [1, 0]] 
============================================================ 
SECTION 10: Extended ruleset survey 
============================================================ 
Panel seed population = 3 
Panel run length T = 4 
 
   B2/S12   fate= still   period= 1   transient= 0   max_pop= 3   final_pop= 3 
   B2/S23   fate= extinct   period= 1   transient= 2   max_pop= 3   final_pop= 
                                                                             0 
   B3/S23   fate= extinct   period= 1   transient= 2   max_pop= 3   final_pop= 
                                                                             0 
   B2/S123   fate= still   period= 1   transient= 0   max_pop= 3   final_pop= 3
                                                                               
   B3/S123   fate= still   period= 1   transient= 0   max_pop= 3   final_pop= 3
                                                                               
   B23/S23   fate= extinct   period= 1   transient= 2   max_pop= 3   final_pop=
                                                                             0 
   B1/S12   fate= extinct   period= 1   transient= 3   max_pop= 6   final_pop= 
                                                                             0 
   B1/S1   fate= extinct   period= 1   transient= 2   max_pop= 5   final_pop= 0
                                                                               
   B2/S3   fate= extinct   period= 1   transient= 1   max_pop= 3   final_pop= 0
                                                                               
   B3/S3   fate= extinct   period= 1   transient= 1   max_pop= 3   final_pop= 0
                                                                               
   B22/S123   fate= still   period= 1   transient= 0   max_pop= 3   final_pop= 
                                                                             3 
   B2/S12   fate= still   period= 1   transient= 0   max_pop= 3   final_pop= 3 
   B12/S12   fate= extinct   period= 1   transient= 3   max_pop= 6   final_pop=
                                                                             0 
   B3/S234   fate= extinct   period= 1   transient= 2   max_pop= 3   final_pop=
                                                                             0 
   B2/S1234   fate= still   period= 1   transient= 0   max_pop= 3   final_pop= 
                                                                             3 
 
Panel classification: 
  extinct = 9   still = 6   periodic = 0   growing = 0   active = 0 
============================================================ 
SECTION 11: Alternative tau-rule survey 
============================================================ 
  tau = none      (flat)   cells= 6   sheets= 1   edges= done    vortex= done  
                                                             2               1
                                 done
                                     1
  vfrac= if done  > 0 then float(-----) else 0   meanDeg= 1.666666666666666 
                2                done
                                     2
  cycles= 0   holonomy_nontrivial= [0, 0, 0, 0, 0, 0]   (groups= 
[2, 3, 4, 5, 6, 10] ) 
  tau = every3    (default)   cells= 6   sheets= 2   edges= done    vortex= 
                                                                2
                                       done
                                           1
done    vfrac= if done  > 0 then float(-----) else 0   meanDeg= 
    1                 2                done
                                           2
1.666666666666666   cycles= 0   holonomy_nontrivial= [0, 0, 0, 0, 0, 0] 
  (groups= [2, 3, 4, 5, 6, 10] ) 
  tau = every2   cells= 6   sheets= 2   edges= done    vortex= done    vfrac= 
                                                   2               1
                        done
                            1
if done  > 0 then float(-----) else 0   meanDeg= 1.666666666666666   cycles= 0 
       2                done
                            2
  holonomy_nontrivial= [0, 0, 0, 0, 0, 0]   (groups= [2, 3, 4, 5, 6, 10] ) 
  tau = every5   cells= 6   sheets= 2   edges= done    vortex= done    vfrac= 
                                                   2               1
                        done
                            1
if done  > 0 then float(-----) else 0   meanDeg= 1.666666666666666   cycles= 0 
       2                done
                            2
  holonomy_nontrivial= [0, 0, 0, 0, 0, 0]   (groups= [2, 3, 4, 5, 6, 10] ) 
  tau = k-parity   cells= 6   sheets= 2   edges= done    vortex= done    vfrac=
                                                     2               1
                         done
                             1
 if done  > 0 then float(-----) else 0   meanDeg= 1.666666666666666   cycles= 0
        2                done
                             2
   holonomy_nontrivial= [0, 0, 0, 0, 0, 0]   (groups= [2, 3, 4, 5, 6, 10] ) 
  tau = chiral   cells= 6   sheets= 2   edges= done    vortex= done    vfrac= 
                                                   2               1
                        done
                            1
if done  > 0 then float(-----) else 0   meanDeg= 1.666666666666666   cycles= 0 
       2                done
                            2
  holonomy_nontrivial= [0, 0, 0, 0, 0, 0]   (groups= [2, 3, 4, 5, 6, 10] ) 
  tau = signed-3   cells= 6   sheets= 3   edges= done    vortex= done    vfrac=
                                                     2               1
                         done
                             1
 if done  > 0 then float(-----) else 0   meanDeg= 1.666666666666666   cycles= 0
        2                done
                             2
   holonomy_nontrivial= [0, 0, 0, 0, 0, 0]   (groups= [2, 3, 4, 5, 6, 10] ) 
  tau = fibonacci-mod8   cells= 6   sheets= 2   edges= done    vortex= done  
                                                           2               1
                                 done
                                     1
  vfrac= if done  > 0 then float(-----) else 0   meanDeg= 1.666666666666666 
                2                done
                                     2
  cycles= 0   holonomy_nontrivial= [0, 0, 0, 0, 0, 0]   (groups= 
[2, 3, 4, 5, 6, 10] ) 
  tau = every-n   cells= 6   sheets= 2   edges= done    vortex= done    vfrac= 
                                                    2               1
                        done
                            1
if done  > 0 then float(-----) else 0   meanDeg= 1.666666666666666   cycles= 0 
       2                done
                            2
  holonomy_nontrivial= [0, 0, 0, 0, 0, 0]   (groups= [2, 3, 4, 5, 6, 10] ) 
  tau = signed-n   cells= 6   sheets= 3   edges= done    vortex= done    vfrac=
                                                     2               1
                         done
                             1
 if done  > 0 then float(-----) else 0   meanDeg= 1.666666666666666   cycles= 0
        2                done
                             2
   holonomy_nontrivial= [0, 0, 0, 0, 0, 0]   (groups= [2, 3, 4, 5, 6, 10] ) 
  tau = k-mod-n   cells= 6   sheets= 2   edges= done    vortex= done    vfrac= 
                                                    2               1
                        done
                            1
if done  > 0 then float(-----) else 0   meanDeg= 1.666666666666666   cycles= 0 
       2                done
                            2
  holonomy_nontrivial= [0, 0, 0, 0, 0, 0]   (groups= [2, 3, 4, 5, 6, 10] ) 
  tau = chiral-n   cells= 6   sheets= 2   edges= done    vortex= done    vfrac=
                                                     2               1
                         done
                             1
 if done  > 0 then float(-----) else 0   meanDeg= 1.666666666666666   cycles= 0
        2                done
                             2
   holonomy_nontrivial= [0, 0, 0, 0, 0, 0]   (groups= [2, 3, 4, 5, 6, 10] ) 
 
Richest-holonomy tau-rule (sum of Z_2/Z_3/Z_5 non-trivial counts): 
                                                  none      (flat)   score = 0 
============================================================ 
SECTION 12: Extended holonomy on main cluster 
============================================================ 
Examining 0 long cycles in main cluster. 
(no long cycles to analyze) 
============================================================ 
SECTION 13: Structural patterns in main cluster 
============================================================ 
Degree histogram [deg, count]: 
   [1, 5] 
   [5, 1] 
Mean local clustering coefficient = 0.0  over 1 nodes (deg >= 2) 
Triangle count in main cluster = 0 
Girth (shortest cycle) through origin = > 8 
Sheets present: [- 1, 0, 1] 
Sheet-to-sheet edge matrix (rows=sheet_list, cols=sheet_list): 
  sheet - 1 : [0, 2, 0] 
  sheet 0 : [2, 2, 1] 
  sheet 1 : [0, 1, 0] 
Inter-sheet (vortex) edges = 3  (cross-check vs Section 8: 3 ) 
============================================================ 
SECTION 14: Per-sheet sub-graph statistics 
============================================================ 
  sheet - 1 :  nodes= 2   intra-edges= 0   meanIntraDeg= 0.0 
  sheet 0 :  nodes= 3   intra-edges= 2   meanIntraDeg= 1.333333333333333 
  sheet 1 :  nodes= 1   intra-edges= 0   meanIntraDeg= 0.0 
Sheet-population sequence: [[- 1, 2], [0, 3], [1, 1]] 
  log-pop vs sheet-index slope = - 0.3465735902799726   => decay rate r = 
                             0.7071067811865476   (geometric falloff if r < 1) 
============================================================ 
SECTION 15: Glider / oscillator hunt 
============================================================ 
Trying 5 rules x several seed shapes. 
 
Glider hunt summary: 
  trials = 25   oscillators = 0   gliders = 0 
============================================================ 
SECTION 16: Long-loop holonomy enumeration 
============================================================ 
Enumerating simple cycles through origin up to length 6 ... 
Total cycles through origin found: 0 
============================================================ 
SECTION 17: Cut-and-project acceptance-window tau-rule 
============================================================ 
Cells inside acceptance window: 2 / 6  (fraction = 0.3333333333333333 ) 
Building cap-window cluster at depth 1 ... 
Cap-window cluster: N = 6 , sheets = [0, 1] 
  vortex edges = done  / done    (fraction = 
                     1       2
                                                        cap_ve_pair
                                                                   1
                                if done  > 0 then float(------------) else 0 ) 
                                       2                cap_ve_pair
                                                                   2
  cycles through cap_root: 0 
Cap-window BFS volumes: [1, 6] 
============================================================ 
SECTION 18: KPM spectral density approximation 
============================================================ 
KPM rescaling: a = 1.666666666666666   b = 6.0 
  rescaled lam_max bound = 1.388888888888889 
                                         WARNING: may exceed 1; increase kpm_b 
Running KPM with M = 64 moments, 8 random samples... 
KPM moment summary: mu_0 = 1.0  (should be ~ 1.0) 
                    mu_1 = 0.02777777777777775   mu_2 = - 0.7777777777777777 
                                                   mu_4 = - 0.6836789032084464 
KPM moment variance (first 5 moments, split-batch): 
  mu_ 1  variance ~ 0.0   std ~ 0.0 
  mu_ 2  variance ~ 4.81482486096809E-35   std ~ 6.938893903907229E-18 
  mu_ 3  variance ~ 0.0   std ~ 0.0 
  mu_ 4  variance ~ 0.0   std ~ 0.0 
  mu_ 5  variance ~ 0.0   std ~ 0.0 
DOS samples [lambda, rho(lambda)]: 
  lam = - 4.033333333333332   rho_est = 1.591524621700208 
  lam = - 3.133333333333333   rho_est = 1.071844018296839 
  lam = - 1.333333333333333   rho_est = 0.6483527130898763 
  lam = 0.4666666666666665   rho_est = 0.4748401002486894 
  lam = 1.666666666666666   rho_est = 0.1711444224287356 
  lam = 2.866666666666667   rho_est = 0.7812515692419043 
  lam = 4.666666666666667   rho_est = 0.704842230717112 
  lam = 6.466666666666668   rho_est = 0.9458975768981345 
  lam = 7.366666666666666   rho_est = 1.765627613141982 
KPM low-tail sample count = 0 
KPM tail too short for slope fit. 
KPM integrated DOS log-log slope = 0.0622092231022972 
  => d_spec_KPM_CDF (= 2*slope) ~ 0.1244184462045944 
============================================================ 
SECTION 19: Per-sheet random walk diagnostics 
============================================================ 
Running 100 intra-sheet walks of length 10 ... 
Intra-sheet MSD at t = 1, 5, 10: 1.0 1.0 0.0 
Mean sheet crossings per 10 -step walk = 6.32  (= 0.632 per step) 
============================================================ 
SECTION 20: Cross-tau dimensional comparison 
============================================================ 
  tau = none      (flat)   N= 6   BFS-radius= 1   vols(last)= 6   d_eff~ 0.0 
  tau = every3    (default)   N= 6   BFS-radius= 1   vols(last)= 6   d_eff~ 0.0
                                                                               
  tau = every2   N= 6   BFS-radius= 1   vols(last)= 6   d_eff~ 0.0 
  tau = every5   N= 6   BFS-radius= 1   vols(last)= 6   d_eff~ 0.0 
  tau = k-parity   N= 6   BFS-radius= 1   vols(last)= 6   d_eff~ 0.0 
  tau = chiral   N= 6   BFS-radius= 1   vols(last)= 6   d_eff~ 0.0 
  tau = signed-3   N= 6   BFS-radius= 1   vols(last)= 6   d_eff~ 0.0 
  tau = fibonacci-mod8   N= 6   BFS-radius= 1   vols(last)= 6   d_eff~ 0.0 
  tau = every-n   N= 6   BFS-radius= 1   vols(last)= 6   d_eff~ 0.0 
  tau = signed-n   N= 6   BFS-radius= 1   vols(last)= 6   d_eff~ 0.0 
  tau = k-mod-n   N= 6   BFS-radius= 1   vols(last)= 6   d_eff~ 0.0 
  tau = chiral-n   N= 6   BFS-radius= 1   vols(last)= 6   d_eff~ 0.0 
Most-fractional (closest to d_eff=2.5) tau-rule:    |d_eff - 2.5| = 1000 
============================================================ 
SECTION 23: Erdős Distance Problem Catalog 
============================================================ 
Full distance ring table: 
  k | sq_dist [r,s] | float | ring_size | pairs | norm | Z[phi] basis | notes 
   1  [ 2.618033988749895 , 0.0 ]  ~ 2.618033988749895  ring= 0  pairs= 1 
         norm= 6.854101966249686  Z[phi]=[ 2.618033988749895 , 0.0 ]  rational 
   2  [ 2.618033988749895 , 0.0 ]  ~ 2.618033988749895  ring= 0  pairs= 1 
         norm= 6.854101966249686  Z[phi]=[ 2.618033988749895 , 0.0 ]  rational 
   3  [ 2.618033988749895 , 0.0 ]  ~ 2.618033988749895  ring= 0  pairs= 1 
         norm= 6.854101966249684  Z[phi]=[ 2.618033988749895 , 0.0 ]  rational 
   4  [ 2.618033988749895 , 0.0 ]  ~ 2.618033988749895  ring= 0  pairs= 1 
         norm= 6.854101966249684  Z[phi]=[ 2.618033988749895 , 0.0 ]  rational 
   5  [ 2.618033988749895 , 0.0 ]  ~ 2.618033988749895  ring= 0  pairs= 1 
         norm= 6.854101966249686  Z[phi]=[ 2.618033988749895 , 0.0 ]  rational 
   6  [ 2.618033988749895 , 0.0 ]  ~ 2.618033988749895  ring= 0  pairs= 1 
         norm= 6.854101966249686  Z[phi]=[ 2.618033988749895 , 0.0 ]  rational 
   7  [ 2.618033988749894 , 0.0 ]  ~ 2.618033988749894  ring= 0  pairs= 1 
         norm= 6.854101966249682  Z[phi]=[ 2.618033988749894 , 0.0 ]  rational 
   8  [ 2.618033988749894 , 0.0 ]  ~ 2.618033988749894  ring= 0  pairs= 1 
         norm= 6.854101966249682  Z[phi]=[ 2.618033988749894 , 0.0 ]  rational 
   9  [ 2.618033988749895 , 0.0 ]  ~ 2.618033988749895  ring= 0  pairs= 1 
         norm= 6.854101966249685  Z[phi]=[ 2.618033988749895 , 0.0 ]  rational 
   10  [ 2.618033988749895 , 0.0 ]  ~ 2.618033988749895  ring= 0  pairs= 1 
         norm= 6.854101966249685  Z[phi]=[ 2.618033988749895 , 0.0 ]  rational 
   11  [ 3.618033988749895 , 0.0 ]  ~ 3.618033988749895  ring= 0  pairs= 1 
         norm= 13.09016994374947  Z[phi]=[ 3.618033988749895 , 0.0 ]  rational 
   12  [ 3.618033988749895 , 0.0 ]  ~ 3.618033988749895  ring= 0  pairs= 1 
         norm= 13.09016994374947  Z[phi]=[ 3.618033988749895 , 0.0 ]  rational 
   13  [ 3.618033988749894 , 0.0 ]  ~ 3.618033988749894  ring= 0  pairs= 1 
         norm= 13.09016994374947  Z[phi]=[ 3.618033988749894 , 0.0 ]  rational 
   14  [ 3.618033988749895 , 0.0 ]  ~ 3.618033988749895  ring= 0  pairs= 1 
         norm= 13.09016994374947  Z[phi]=[ 3.618033988749895 , 0.0 ]  rational 
   15  [ 3.618033988749895 , 0.0 ]  ~ 3.618033988749895  ring= 0  pairs= 1 
         norm= 13.09016994374947  Z[phi]=[ 3.618033988749895 , 0.0 ]  rational 
   16  [ 9.47213595499958 , 0.0 ]  ~ 9.47213595499958  ring= 0  pairs= 1  norm=
                89.72135954999583  Z[phi]=[ 9.47213595499958 , 0.0 ]  rational 
   17  [ 9.47213595499958 , 0.0 ]  ~ 9.47213595499958  ring= 0  pairs= 1  norm=
                89.72135954999581  Z[phi]=[ 9.47213595499958 , 0.0 ]  rational 
   18  [ 9.47213595499958 , 0.0 ]  ~ 9.47213595499958  ring= 0  pairs= 1  norm=
                89.72135954999581  Z[phi]=[ 9.47213595499958 , 0.0 ]  rational 
   19  [ 9.47213595499958 , 0.0 ]  ~ 9.47213595499958  ring= 0  pairs= 1  norm=
                89.72135954999578  Z[phi]=[ 9.47213595499958 , 0.0 ]  rational 
   20  [ 9.472135954999578 , 0.0 ]  ~ 9.472135954999578  ring= 0  pairs= 1 
          norm= 89.7213595499958  Z[phi]=[ 9.472135954999578 , 0.0 ]  rational 
 
(b) Fibonacci spacing ratio delta_{k+1}/delta_k: 
  delta_ 2 /delta_ 1  = 1.0 
  delta_ 3 /delta_ 2  = 1.0 
  delta_ 4 /delta_ 3  = 1.0 
  delta_ 5 /delta_ 4  = 1.0 
  delta_ 6 /delta_ 5  = 1.0 
  delta_ 7 /delta_ 6  = 0.9999999999999997 
  delta_ 8 /delta_ 7  = 1.0 
  delta_ 9 /delta_ 8  = 1.0 
  delta_ 10 /delta_ 9  = 1.0 
  delta_ 11 /delta_ 10  = 1.381966011250105 
  Mean ratio = 1.105263157894737   phi^2 = 2.618033988749895   deviation = 
                                                             1.512770830855158 
  Note: spacing ratio deviates from phi^2; 
                                       cluster may be too small or N_GON != 5. 
 
(c) Multiplicity analysis: 
  Mean ring size = 0.0 
  High-multiplicity threshold = 5 
  High-multiplicity rings (ring_size >= 5 ): 
    (none found; cluster may be too small) 
 
(d) Erdős distinct-distance count D(P_n): 
  n = 6   D(P_n) = 20 
  Integer-lattice bound Theta(n/sqrt(log n)) ~ 4.482408120178806 
  Pentagonal upper bound O(log n) ~ 1.791759469228055 
  Pentagonal lower bound Omega(log n / log log n) ~ 1.745211143168532 
  Ratio D(P_n) / log(n) = 11.16221253102494 
                                       (should be O(1) for pentagonal lattice) 
  Note: D(P_n) exceeds 2*log(n); boundary effects likely. 
 
(e) Galois conjugate distance pairings (sigma: sqrt5 -> -sqrt5): 
  Total Galois conjugate pairs found: 0 
  (No pairs found; cluster may be too small or distances are rational.) 
 
(f) Pythagorean triples d1^2 + d2^2 = d3^2 in distance set: 
  Pythagorean triples found: 0 
============================================================ 
SECTION 24: Distance Web Analysis 
============================================================ 
  Building web for distance class k= 1  (sq_dist~ 2.618033988749895 )... 
  Web W_ 1 :   edges= 1   deg_min= 0   deg_max= 1   deg_mean= 
                 0.3333333333333333   components= 5   triangles= 0   BIREGULAR 
    Component sizes: [1, 1, 1, 1, 2] 
  Building web for distance class k= 2  (sq_dist~ 2.618033988749895 )... 
  Web W_ 2 :   edges= 1   deg_min= 0   deg_max= 1   deg_mean= 
                 0.3333333333333333   components= 5   triangles= 0   BIREGULAR 
    Component sizes: [1, 1, 1, 1, 2] 
  Building web for distance class k= 3  (sq_dist~ 2.618033988749895 )... 
  Web W_ 3 :   edges= 1   deg_min= 0   deg_max= 1   deg_mean= 
                 0.3333333333333333   components= 5   triangles= 0   BIREGULAR 
    Component sizes: [1, 1, 1, 1, 2] 
  Building web for distance class k= 4  (sq_dist~ 2.618033988749895 )... 
  Web W_ 4 :   edges= 1   deg_min= 0   deg_max= 1   deg_mean= 
                 0.3333333333333333   components= 5   triangles= 0   BIREGULAR 
    Component sizes: [1, 1, 1, 1, 2] 
  Building web for distance class k= 5  (sq_dist~ 2.618033988749895 )... 
  Web W_ 5 :   edges= 1   deg_min= 0   deg_max= 1   deg_mean= 
                 0.3333333333333333   components= 5   triangles= 0   BIREGULAR 
    Component sizes: [1, 1, 1, 1, 2] 
  Building web for distance class k= 6  (sq_dist~ 2.618033988749895 )... 
  Web W_ 6 :   edges= 1   deg_min= 0   deg_max= 1   deg_mean= 
                 0.3333333333333333   components= 5   triangles= 0   BIREGULAR 
    Component sizes: [1, 1, 1, 1, 2] 
 
Web intersection analysis (W_i ∩ W_j = shared edges): 
  |W_1 ∩ W_2| = 1 shared edges 
 
W_1 vs adjacency graph comparison: 
  Mismatch at node 1 : web1= [5]  nbrs= [2, 3, 4, 5, 6] 
  Mismatch at node 2 : web1= []  nbrs= [1] 
  Mismatch at node 3 : web1= []  nbrs= [1] 
  Mismatch at node 4 : web1= []  nbrs= [1] 
  Mismatch at node 6 : web1= []  nbrs= [1] 
  W_1 != adjacency graph; first distance class is not the edge length. 
============================================================ 
SECTION 25: Pinwheel Phenomenon and Direction Analysis 
============================================================ 
Pinwheel threshold (max angular gap < pi/n = 0.6283185307179586 rad): 
  Distance class k= 1  (sq_dist~ 2.618033988749895 ):   n_directions= 2 
                        max_gap= 3.1416   mean_gap= 3.141592653589793   sparse 
  Distance class k= 2  (sq_dist~ 2.618033988749895 ):   n_directions= 2 
                        max_gap= 3.1416   mean_gap= 3.141592653589793   sparse 
  Distance class k= 3  (sq_dist~ 2.618033988749895 ):   n_directions= 2 
                        max_gap= 3.1416   mean_gap= 3.141592653589793   sparse 
  Distance class k= 4  (sq_dist~ 2.618033988749895 ):   n_directions= 2 
                        max_gap= 3.1416   mean_gap= 3.141592653589793   sparse 
  Distance class k= 5  (sq_dist~ 2.618033988749895 ):   n_directions= 2 
                        max_gap= 3.1416   mean_gap= 3.141592653589793   sparse 
  Distance class k= 6  (sq_dist~ 2.618033988749895 ):   n_directions= 2 
                        max_gap= 3.1416   mean_gap= 3.141592653589793   sparse 
  Distance class k= 7  (sq_dist~ 2.618033988749894 ):   n_directions= 2 
                        max_gap= 3.1416   mean_gap= 3.141592653589793   sparse 
  Distance class k= 8  (sq_dist~ 2.618033988749894 ):   n_directions= 2 
                        max_gap= 3.1416   mean_gap= 3.141592653589793   sparse 
 
Pinwheel summary: 0 / 8 distance classes show dense directions. 
  No pinwheel detected; cluster may be too small for 
                                    irrational angle accumulation to manifest. 
 
Direction count vs distance class (log-log fit): 
  log(n_directions) vs log(sq_dist) slope = 1.0 
  Positive slope => more directions at larger distances 
                                      (consistent with pinwheel accumulation). 
============================================================ 
SECTION 21: Commute-time sampling 
============================================================ 
Commute-time samples from origin (subset): 
  target= 2  dist= 1  sheet= - 1  commute_est= 8.3 
  target= 3  dist= 1  sheet= 0  commute_est= 8.1 
============================================================ 
experiment.mac : summary  (N_GON = 5 ) 
============================================================ 
Preset = tiny  (BFS_DEPTH = 1 , M_WALKS = 50 , T_STEPS = 10 , T_CA = 4 ) 
N_GON = 5   interior angle = 108.0 deg   k_flat = 3   fiber order = 10 
Cluster size N = 6 
Mean degree = 1.666666666666666  ( 5 -regular target; lower at boundary) 
Sheets occupied = [- 1, 0, 1] 
Spectral gap = 0.9999999999999998 
d_eff estimate (BFS) = 2.0 
d_eff estimate (BFS, full) = 2.0 
d_spec estimate (DOS) = 1.902325590358905 
d_w   estimate (MSD) = 2.0 
d_spec estimate (P_0) = 0.0 
d_spec (Alexander-Orbach) = 2.0 
d_spec (KPM integrated)   = 0.1244184462045944 
Vortex edges = 3  / total edges = 5 
CA final population = 3 after 4 steps 
Rule panel: extinct= 9  still= 6  periodic= 0  growing= 0  active= 0 
Richest-holonomy tau-rule = none      (flat)   score = 0 
Triangles in main cluster = 0 
Girth through origin = > 8 
Glider hunt: oscillators = 0   gliders = 0  (trials = 25 ) 
Long cycles enumerated through origin: 0  (up to length 6 ) 
Cap-window cluster: N = 6 , sheets = [0, 1] 
Most-fractional tau-rule:    |d_eff - 2.5| = 1000 
------------------------------------------------------------ 
Erdős distance catalog (Section 23): 
  Distinct squared distances: 20 
  High-multiplicity rings: 0 
  Galois conjugate pairs: 0 
  Pythagorean triples: 0 
  D(P_n)/log(n) = 11.16221253102494   (O(1) expected for pentagonal lattice) 
Distance web summary (Section 24): 
  W_ 1 : edges= 1  deg=[ 0 , 1 ]  comps= 5  tri= 0  BIREGULAR 
  W_ 2 : edges= 1  deg=[ 0 , 1 ]  comps= 5  tri= 0  BIREGULAR 
  W_ 3 : edges= 1  deg=[ 0 , 1 ]  comps= 5  tri= 0  BIREGULAR 
  W_ 4 : edges= 1  deg=[ 0 , 1 ]  comps= 5  tri= 0  BIREGULAR 
  W_ 5 : edges= 1  deg=[ 0 , 1 ]  comps= 5  tri= 0  BIREGULAR 
  W_ 6 : edges= 1  deg=[ 0 , 1 ]  comps= 5  tri= 0  BIREGULAR 
Pinwheel summary (Section 25): 
  Pinwheel classes: 0 / 8 
  k= 1  n_dir= 2  max_gap= 3.1416  
  k= 2  n_dir= 2  max_gap= 3.1416  
  k= 3  n_dir= 2  max_gap= 3.1416  
  k= 4  n_dir= 2  max_gap= 3.1416  
  k= 5  n_dir= 2  max_gap= 3.1416  
  k= 6  n_dir= 2  max_gap= 3.1416  
  k= 7  n_dir= 2  max_gap= 3.1416  
  k= 8  n_dir= 2  max_gap= 3.1416  
------------------------------------------------------------ 
Active TAU_MODE for main cluster: signed3 
Preset: tiny 
N_GON: 5 
------------------------------------------------------------ 
Caveats: 
  * N_GON controls the polygon type.  Set it at the top of 
    Section 0 to study triangles (3), squares (4), pentagons 
    (5), hexagons (6), heptagons (7), etc. 
  * For n in {3,4,6} the tiling closes flat (deficit=0); the 
    sheet structure is driven entirely by the tau rule. 
  * Deeper BFS (depth 6, xhuge preset) gives ~thousands of 
    cells; dimension fits are improved but still finite-size. 
  * TAU_MODE controls whether the main cluster uses the 
    didactic every-n rule, the signed-n rule (richer monodromy), 
    or the rigorous cut-and-project window of idea.md §2.4. 
  * KPM spectral analysis (Section 18) is the preferred 
    method for large clusters where dense eigendecomposition 
    is infeasible.  Both low-lambda slope and integrated-DOS 
    slope are reported for cross-validation. 
  * Same-orientation tiling is geometrically frustrated; this 
    experiment lets the sheet index absorb the angular deficit, 
    consistent with the multi-sheeted construction. 
  * Section 23 catalogs the Erdős distance problem on the 
    pentagonal lattice: ring table, Fibonacci spacing, Galois 
    conjugate pairings, and D(P_n) vs log(n) scaling. 
  * Section 24 builds distance webs W_d and checks regularity, 
    connectivity, and intersection with the adjacency graph. 
  * Section 25 analyzes the pinwheel phenomenon: whether each 
    distance class has a dense set of directions in [0,2*pi). 
============================================================ 
experiment.mac : done. 
============================================================ 
