
batchload("experiment.mac")
============================================================ 
experiment.mac : Multi-Sheeted N-Gon Tiling Experiments 
============================================================ 
------------------------------------------------------------ 
PARAMETERIZATION:  N_GON = 5 
------------------------------------------------------------ 
  Interior angle = 108.0 deg 
  Flat-vertex count k_flat = 3 
  Angular deficit = 36.0 deg 
  Loop-closure index k_loop = 10 
  Natural fiber group order = 10 
  Fiber groups for holonomy survey: [2, 3, 4, 5, 6, 10] 
Configuration: 
  preset    = huge 
  TAU_MODE  = signed3 
  BFS_DEPTH = 5 
  M_WALKS   = 20000 
  T_STEPS   = 500 
  T_CA      = 64 
  SKIP_EIG  = true 
  EIG_MAX_N = 3000 
  MSD fit window t in [ 2 , 5 ] 
  P_0 fit window t in [ 2 , 10 ] (even t) 
  KPM_MOMENTS = 256 
  KPM_SAMPLES = 24 
  LONG_LOOP_MAX = 8 
  N_GON = 5 
Section 1: Q(sqrt(5)) arithmetic primitives OK. 
Section 2: N-gon geometry primitives OK (N_GON = 5 ). 
  CHIRAL_ACTIVE = true  (odd n: bipartite orientation bigraph) 
Section 3: created origin 5 -gon, id = 1   (TAU_MODE = signed3 ) 
Section 3: after BFS depth 5 , cell_count = 3906   (N_GON = 5 ) 
First 5 cells (id, chirality, sheet, #neighbors): 
   1  chir= 0  sheet= 0  deg= 5  (interior target: 5 ) 
   2  chir= 1  sheet= - 1  deg= 6  (interior target: 5 ) 
   3  chir= 1  sheet= 0  deg= 6  (interior target: 5 ) 
   4  chir= 1  sheet= 1  deg= 6  (interior target: 5 ) 
   5  chir= 1  sheet= - 1  deg= 6  (interior target: 5 ) 
Bipartite check (odd n): same-chirality edges = 0  (should be 0) 
Degree stats: min = 1 , mean = 1.999487967229902 , max = 6  (interior 5 
                                                     -gons should have deg 5 ) 
Chirality distribution: up = 651 , down = 3255 
                                 (bipartite ratio ~ 1 expected at large depth) 
Sheets present in cluster: [- 5, - 4, - 3, - 2, - 1, 0, 1, 2, 3, 4, 5] 
Section 4: skipping eigendecomposition (SKIP_EIG = true , N = 3906 
                                                          , EIG_MAX_N = 3000 ) 
BFS cumulative volumes N(<=r) from origin: 
  r = 0 : N = 1 
  r = 1 : N = 6 
  r = 2 : N = 31 
  r = 3 : N = 156 
  r = 4 : N = 781 
  r = 5 : N = 3906 
Log-log fit (interior, r in [ 1 , 4 ]): 
  d_eff estimate = 3.417785804713903 
  prefactor log C = 1.518567640705642   =>  C = 4.565680813959509 
Log-log fit (full, r in [1, 5 ]): 
  d_eff (full) = 3.922628734398218   log-C = 1.285378853261598 
Section 6: running 20000 random walks of length 500 from origin id = 1 
MSD samples [t, <d^2>]: [[1, 1.0], [5, 15.8764], [10, 15.2676], [20, 15.499]] 
P_0 samples [t, P_0(t)]: [[2, 0.16525], [4, 0.04925], [10, 0.00355], 
                                                                 [20, 0.0018]] 
MSD early-time log-log slope = 1.700902426822298   =>  d_w estimate = 
                                                             1.175846402745446 
MSD late-time log-log slope = 0.003849743176484639 
                                               (near 0 => boundary saturation) 
P_0 early-time log-log slope = - 2.340221023461611   =>  d_spec estimate = 
                                                             4.680442046923223 
------------------------------------------------------------ 
------------------------------------------------------------ 
Dimension estimates summary: 
  d_eff   (BFS volume growth) ~ 3.417785804713903 
  d_eff   (BFS, full range)   ~ 3.922628734398218 
  d_w     (MSD scaling)       ~ 1.175846402745446 
  d_spec  (P_0 decay, early)  ~ 4.680442046923223 
  d_spec  (Alexander-Orbach 2*d_eff/d_w) ~ 5.813320169596681 
  Direct vs AO discrepancy: 1.132878122673457 
Note: d_eff outside (2,3); cluster may be too small. 
Note: these are small-cluster estimates; quantitative agreement 
with the paper's predicted regime 2 < d_eff < 3 requires larger 
clusters and the cut-and-project window for proper local finiteness. 
Section 8: no 3-cycle through origin in cluster. 
Longer cycles through origin (lengths 4-5): 0 found. 
Vortex edges in cluster (sheet shift != 0): 2603 
Total edges in cluster: 3905 
Vortex fraction = 0.6665813060179258 
Per-sheet cell counts: 
  sheet - 5 : 8 cells 
  sheet - 4 : 76 cells 
  sheet - 3 : 264 cells 
  sheet - 2 : 496 cells 
  sheet - 1 : 846 cells 
  sheet 0 : 847 cells 
  sheet 1 : 735 cells 
  sheet 2 : 379 cells 
  sheet 3 : 191 cells 
  sheet 4 : 63 cells 
  sheet 5 : 1 cells 
Section 9: CA default rule B 2 /S 1 2   (n_int = 5 ) 
Section 9: CA initial population = 3 
CA population history (t = 0.. 64 ): 
  t = 0  population = 3 
  t = 1  population = 3 
  t = 2  population = 3 
  t = 3  population = 3 
  t = 4  population = 3 
  t = 5  population = 3 
  t = 6  population = 3 
  t = 7  population = 3 
  t = 8  population = 3 
  t = 9  population = 3 
  t = 10  population = 3 
  t = 11  population = 3 
  t = 12  population = 3 
  t = 13  population = 3 
  t = 14  population = 3 
  t = 15  population = 3 
  t = 16  population = 3 
  t = 17  population = 3 
  t = 18  population = 3 
  t = 19  population = 3 
  t = 20  population = 3 
  t = 21  population = 3 
  t = 22  population = 3 
  t = 23  population = 3 
  t = 24  population = 3 
  t = 25  population = 3 
  t = 26  population = 3 
  t = 27  population = 3 
  t = 28  population = 3 
  t = 29  population = 3 
  t = 30  population = 3 
  t = 31  population = 3 
  t = 32  population = 3 
  t = 33  population = 3 
  t = 34  population = 3 
  t = 35  population = 3 
  t = 36  population = 3 
  t = 37  population = 3 
  t = 38  population = 3 
  t = 39  population = 3 
  t = 40  population = 3 
  t = 41  population = 3 
  t = 42  population = 3 
  t = 43  population = 3 
  t = 44  population = 3 
  t = 45  population = 3 
  t = 46  population = 3 
  t = 47  population = 3 
  t = 48  population = 3 
  t = 49  population = 3 
  t = 50  population = 3 
  t = 51  population = 3 
  t = 52  population = 3 
  t = 53  population = 3 
  t = 54  population = 3 
  t = 55  population = 3 
  t = 56  population = 3 
  t = 57  population = 3 
  t = 58  population = 3 
  t = 59  population = 3 
  t = 60  population = 3 
  t = 61  population = 3 
  t = 62  population = 3 
  t = 63  population = 3 
  t = 64  population = 3 
CA final population = 3   (still life) 
Live cells per sheet at t = 64 : [[- 5, 0], [- 4, 0], [- 3, 0], [- 2, 0], 
                     [- 1, 1], [0, 2], [1, 0], [2, 0], [3, 0], [4, 0], [5, 0]] 
============================================================ 
SECTION 10: Extended ruleset survey 
============================================================ 
Panel seed population = 3 
Panel run length T = 64 
 
   B2/S12   fate= still   period= 1   transient= 0   max_pop= 3   final_pop= 3 
   B2/S23   fate= extinct   period= 1   transient= 2   max_pop= 3   final_pop= 
                                                                             0 
   B3/S23   fate= extinct   period= 1   transient= 2   max_pop= 3   final_pop= 
                                                                             0 
   B2/S123   fate= still   period= 1   transient= 0   max_pop= 3   final_pop= 3
                                                                               
   B3/S123   fate= still   period= 1   transient= 0   max_pop= 3   final_pop= 3
                                                                               
   B23/S23   fate= extinct   period= 1   transient= 2   max_pop= 3   final_pop=
                                                                             0 
   B1/S12   fate= extinct   period= 1   transient= 7   max_pop= 3500 
                                                                  final_pop= 0 
   B1/S1   fate= extinct   period= 1   transient= 6   max_pop= 3125 
                                                                  final_pop= 0 
   B2/S3   fate= extinct   period= 1   transient= 1   max_pop= 3   final_pop= 0
                                                                               
   B3/S3   fate= extinct   period= 1   transient= 1   max_pop= 3   final_pop= 0
                                                                               
   B22/S123   fate= still   period= 1   transient= 0   max_pop= 3   final_pop= 
                                                                             3 
   B2/S12   fate= still   period= 1   transient= 0   max_pop= 3   final_pop= 3 
   B12/S12   fate= extinct   period= 1   transient= 7   max_pop= 3500 
                                                                  final_pop= 0 
   B3/S234   fate= extinct   period= 1   transient= 2   max_pop= 3   final_pop=
                                                                             0 
   B2/S1234   fate= still   period= 1   transient= 0   max_pop= 3   final_pop= 
                                                                             3 
 
Panel classification: 
  extinct = 9   still = 6   periodic = 0   growing = 0   active = 0 
Most active non-degenerate rule: B2/S12  with max_pop = 3  fate= still 
============================================================ 
SECTION 11: Alternative tau-rule survey 
============================================================ 
  tau = none      (flat)   cells= 156   sheets= 1   edges= done    vortex= 
                                                               2
                                       done
                                           1
done    vfrac= if done  > 0 then float(-----) else 0   meanDeg= 
    1                 2                done
                                           2
1.987179487179487   cycles= 0   holonomy_nontrivial= [0, 0, 0, 0, 0, 0] 
  (groups= [2, 3, 4, 5, 6, 10] ) 
  tau = every3    (default)   cells= 156   sheets= 4   edges= done    vortex= 
                                                                  2
                                       done
                                           1
done    vfrac= if done  > 0 then float(-----) else 0   meanDeg= 
    1                 2                done
                                           2
1.987179487179487   cycles= 0   holonomy_nontrivial= [0, 0, 0, 0, 0, 0] 
  (groups= [2, 3, 4, 5, 6, 10] ) 
  tau = every2   cells= 156   sheets= 4   edges= done    vortex= done    vfrac=
                                                     2               1
                         done
                             1
 if done  > 0 then float(-----) else 0   meanDeg= 1.987179487179487   cycles= 0
        2                done
                             2
   holonomy_nontrivial= [0, 0, 0, 0, 0, 0]   (groups= [2, 3, 4, 5, 6, 10] ) 
  tau = every5   cells= 156   sheets= 4   edges= done    vortex= done    vfrac=
                                                     2               1
                         done
                             1
 if done  > 0 then float(-----) else 0   meanDeg= 1.987179487179487   cycles= 0
        2                done
                             2
   holonomy_nontrivial= [0, 0, 0, 0, 0, 0]   (groups= [2, 3, 4, 5, 6, 10] ) 
  tau = k-parity   cells= 156   sheets= 4   edges= done    vortex= done  
                                                       2               1
                                 done
                                     1
  vfrac= if done  > 0 then float(-----) else 0   meanDeg= 1.987179487179487 
                2                done
                                     2
  cycles= 0   holonomy_nontrivial= [0, 0, 0, 0, 0, 0]   (groups= 
[2, 3, 4, 5, 6, 10] ) 
  tau = chiral   cells= 156   sheets= 4   edges= done    vortex= done    vfrac=
                                                     2               1
                         done
                             1
 if done  > 0 then float(-----) else 0   meanDeg= 1.987179487179487   cycles= 0
        2                done
                             2
   holonomy_nontrivial= [0, 0, 0, 0, 0, 0]   (groups= [2, 3, 4, 5, 6, 10] ) 
  tau = signed-3   cells= 156   sheets= 7   edges= done    vortex= done  
                                                       2               1
                                 done
                                     1
  vfrac= if done  > 0 then float(-----) else 0   meanDeg= 1.987179487179487 
                2                done
                                     2
  cycles= 0   holonomy_nontrivial= [0, 0, 0, 0, 0, 0]   (groups= 
[2, 3, 4, 5, 6, 10] ) 
  tau = fibonacci-mod8   cells= 156   sheets= 4   edges= done    vortex= done  
                                                             2               1
                                 done
                                     1
  vfrac= if done  > 0 then float(-----) else 0   meanDeg= 1.987179487179487 
                2                done
                                     2
  cycles= 0   holonomy_nontrivial= [0, 0, 0, 0, 0, 0]   (groups= 
[2, 3, 4, 5, 6, 10] ) 
  tau = every-n   cells= 156   sheets= 4   edges= done    vortex= done  
                                                      2               1
                                 done
                                     1
  vfrac= if done  > 0 then float(-----) else 0   meanDeg= 1.987179487179487 
                2                done
                                     2
  cycles= 0   holonomy_nontrivial= [0, 0, 0, 0, 0, 0]   (groups= 
[2, 3, 4, 5, 6, 10] ) 
  tau = signed-n   cells= 156   sheets= 7   edges= done    vortex= done  
                                                       2               1
                                 done
                                     1
  vfrac= if done  > 0 then float(-----) else 0   meanDeg= 1.987179487179487 
                2                done
                                     2
  cycles= 0   holonomy_nontrivial= [0, 0, 0, 0, 0, 0]   (groups= 
[2, 3, 4, 5, 6, 10] ) 
  tau = k-mod-n   cells= 156   sheets= 4   edges= done    vortex= done  
                                                      2               1
                                 done
                                     1
  vfrac= if done  > 0 then float(-----) else 0   meanDeg= 1.987179487179487 
                2                done
                                     2
  cycles= 0   holonomy_nontrivial= [0, 0, 0, 0, 0, 0]   (groups= 
[2, 3, 4, 5, 6, 10] ) 
  tau = chiral-n   cells= 156   sheets= 4   edges= done    vortex= done  
                                                       2               1
                                 done
                                     1
  vfrac= if done  > 0 then float(-----) else 0   meanDeg= 1.987179487179487 
                2                done
                                     2
  cycles= 0   holonomy_nontrivial= [0, 0, 0, 0, 0, 0]   (groups= 
[2, 3, 4, 5, 6, 10] ) 
 
Richest-holonomy tau-rule (sum of Z_2/Z_3/Z_5 non-trivial counts): 
                                                  none      (flat)   score = 0 
============================================================ 
SECTION 12: Extended holonomy on main cluster 
============================================================ 
Examining 0 long cycles in main cluster. 
(no long cycles to analyze) 
============================================================ 
SECTION 13: Structural patterns in main cluster 
============================================================ 
Degree histogram [deg, count]: 
   [1, 3125] 
   [5, 1] 
   [6, 780] 
Mean local clustering coefficient = 0.0  over 781 nodes (deg >= 2) 
Triangle count in main cluster = 0 
Girth (shortest cycle) through origin = > 8 
Sheets present: [- 5, - 4, - 3, - 2, - 1, 0, 1, 2, 3, 4, 5] 
Sheet-to-sheet edge matrix (rows=sheet_list, cols=sheet_list): 
  sheet - 5 : [0, 8, 0, 0, 0, 0, 0, 0, 0, 0, 0] 
  sheet - 4 : [8, 16, 76, 0, 0, 0, 0, 0, 0, 0, 0] 
  sheet - 3 : [0, 76, 34, 270, 0, 0, 0, 0, 0, 0, 0] 
  sheet - 2 : [0, 0, 270, 230, 346, 0, 0, 0, 0, 0, 0] 
  sheet - 1 : [0, 0, 0, 346, 320, 730, 0, 0, 0, 0, 0] 
  sheet 0 : [0, 0, 0, 0, 730, 244, 623, 0, 0, 0, 0] 
  sheet 1 : [0, 0, 0, 0, 0, 623, 280, 267, 0, 0, 0] 
  sheet 2 : [0, 0, 0, 0, 0, 0, 267, 144, 219, 0, 0] 
  sheet 3 : [0, 0, 0, 0, 0, 0, 0, 219, 32, 63, 0] 
  sheet 4 : [0, 0, 0, 0, 0, 0, 0, 0, 63, 2, 1] 
  sheet 5 : [0, 0, 0, 0, 0, 0, 0, 0, 0, 1, 0] 
Inter-sheet (vortex) edges = 2603  (cross-check vs Section 8: 2603 ) 
============================================================ 
SECTION 14: Per-sheet sub-graph statistics 
============================================================ 
  sheet - 5 :  nodes= 8   intra-edges= 0   meanIntraDeg= 0.0 
  sheet - 4 :  nodes= 76   intra-edges= 16   meanIntraDeg= 0.4210526315789473 
  sheet - 3 :  nodes= 264   intra-edges= 34   meanIntraDeg= 0.2575757575757575 
  sheet - 2 :  nodes= 496   intra-edges= 230   meanIntraDeg= 0.9274193548387096
                                                                               
  sheet - 1 :  nodes= 846   intra-edges= 320   meanIntraDeg= 0.7565011820330969
                                                                               
  sheet 0 :  nodes= 847   intra-edges= 244   meanIntraDeg= 0.5761511216056671 
  sheet 1 :  nodes= 735   intra-edges= 280   meanIntraDeg= 0.7619047619047619 
  sheet 2 :  nodes= 379   intra-edges= 144   meanIntraDeg= 0.7598944591029023 
  sheet 3 :  nodes= 191   intra-edges= 32   meanIntraDeg= 0.3350785340314136 
  sheet 4 :  nodes= 63   intra-edges= 2   meanIntraDeg= 0.06349206349206349 
  sheet 5 :  nodes= 1   intra-edges= 0   meanIntraDeg= 0.0 
Sheet-population sequence: [[- 5, 8], [- 4, 76], [- 3, 264], [- 2, 496], 
          [- 1, 846], [0, 847], [1, 735], [2, 379], [3, 191], [4, 63], [5, 1]] 
  log-pop vs sheet-index slope = - 0.1163396135723256   => decay rate r = 
                             0.8901728571725471   (geometric falloff if r < 1) 
============================================================ 
SECTION 15: Glider / oscillator hunt 
============================================================ 
Trying 5 rules x several seed shapes. 
 
Glider hunt summary: 
  trials = 25   oscillators = 0   gliders = 0 
============================================================ 
SECTION 16: Long-loop holonomy enumeration 
============================================================ 
Enumerating simple cycles through origin up to length 8 ... 
Total cycles through origin found: 0 
Enumerating cycles through anchor node 19  (sheet= 2 , deg= 6 ) up to length 8 
                                                                           ... 
  cycles found: 0 
============================================================ 
SECTION 17: Cut-and-project acceptance-window tau-rule 
============================================================ 
Cells inside acceptance window: 1566 / 3906  (fraction = 0.4009216589861751 ) 
Building cap-window cluster at depth 4 ... 
































































































































































































































































































































































































































































































































































































































































































































































































































































































































































































































































































































































































































































































































































































































































































































































































































































































































































































































































































































































































































































































































































































































































































































































































































































































































































































































































































































































































































































































































































































































































































































































































































































































































































































































































































































































































































































































































































































































































































































































































































































































































































































































































































































































































































































































































































































































































































































































































































































































































































































































































































































































































































































































































































































































































































































































































































































































































































































































































































































































































































































































































































































































































































































































































































































































Cap-window cluster: N = 781 , sheets = [0, 1, 2, 3, 4] 
  vortex edges = done  / done    (fraction = 
                     1       2
                                                        cap_ve_pair
                                                                   1
                                if done  > 0 then float(------------) else 0 ) 
                                       2                cap_ve_pair
                                                                   2
  cycles through cap_root: 0 
Cap-window BFS volumes: [1, 6, 31, 156, 781] 
  d_eff (cap-window, interior) = 2.901424256974228 
============================================================ 
SECTION 18: KPM spectral density approximation 
============================================================ 
Running KPM with M = 256 moments, 24 random samples... 
KPM moment summary: mu_0 = 1.0  (should be ~ 1.0) 
                    mu_1 = - 0.6668515673891986   mu_2 = 0.2240522652709018 
                                                   mu_4 = - 0.1813492414680523 
DOS samples [lambda, rho(lambda)]: 
  lam = 0.3000000000000007   rho_est = 3.558626566616465 
  lam = 1.199999999999999   rho_est = 1.390686085533354 
  lam = 3.0   rho_est = 0.6708855894439152 
  lam = 4.8   rho_est = 0.2843893784666843 
  lam = 6.0   rho_est = 0.03229263996766161 
  lam = 7.2   rho_est = - 0.3786652288227088 
  lam = 9.0   rho_est = 0.7154694439588123 
  lam = 10.8   rho_est = - 0.3789986636292297 
  lam = 11.7   rho_est = - 0.9277514893330411 
KPM low-tail sample count = 96 
KPM low-lambda log-log slope = - 0.4976248944214417 
  => d_spec_KPM (= 2*(slope+1)) ~ 1.004750211157116 
  KPM tail (lower half) slope = - 0.4703209943423445   d_spec ~ 
                                                             1.059358011315311 
  KPM tail (upper half) slope = - 0.3301365747917927   d_spec ~ 
                                                             1.339726850416414 
KPM integrated DOS log-log slope = 0.5551457141082229 
  => d_spec_KPM_CDF (= 2*slope) ~ 1.110291428216445 
============================================================ 
SECTION 19: Per-sheet random walk diagnostics 
============================================================ 
Running 1000 intra-sheet walks of length 100 ... 
Intra-sheet MSD at t = 1, 5, 10: 1.0 6.656 9.776 
Intra-sheet MSD slope = 1.321362495006853   =>  d_w_intra = 1.513589198692692 
Compare full d_w = 1.175846402745446   ratio d_w_intra/d_w_full = 
                                                             1.287233770634209 
Mean sheet crossings per 500 -step walk = 333.945  (= 0.66789 per step) 
============================================================ 
SECTION 20: Cross-tau dimensional comparison 
============================================================ 
  tau = none      (flat)   N= 156   BFS-radius= 3   vols(last)= 156   d_eff~ 
                                                             2.369233809665719 
  tau = every3    (default)   N= 156   BFS-radius= 3   vols(last)= 156   d_eff~
                                                             2.369233809665719 
  tau = every2   N= 156   BFS-radius= 3   vols(last)= 156   d_eff~ 
                                                             2.369233809665719 
  tau = every5   N= 156   BFS-radius= 3   vols(last)= 156   d_eff~ 
                                                             2.369233809665719 
  tau = k-parity   N= 156   BFS-radius= 3   vols(last)= 156   d_eff~ 
                                                             2.369233809665719 
  tau = chiral   N= 156   BFS-radius= 3   vols(last)= 156   d_eff~ 
                                                             2.369233809665719 
  tau = signed-3   N= 156   BFS-radius= 3   vols(last)= 156   d_eff~ 
                                                             2.369233809665719 
  tau = fibonacci-mod8   N= 156   BFS-radius= 3   vols(last)= 156   d_eff~ 
                                                             2.369233809665719 
  tau = every-n   N= 156   BFS-radius= 3   vols(last)= 156   d_eff~ 
                                                             2.369233809665719 
  tau = signed-n   N= 156   BFS-radius= 3   vols(last)= 156   d_eff~ 
                                                             2.369233809665719 
  tau = k-mod-n   N= 156   BFS-radius= 3   vols(last)= 156   d_eff~ 
                                                             2.369233809665719 
  tau = chiral-n   N= 156   BFS-radius= 3   vols(last)= 156   d_eff~ 
                                                             2.369233809665719 
Most-fractional (closest to d_eff=2.5) tau-rule: none      (flat) 
                                            |d_eff - 2.5| = 0.1307661903342802 
============================================================ 
SECTION 21: Commute-time sampling 
============================================================ 
Commute-time samples from origin (subset): 
  target= 2  dist= 1  sheet= - 1  commute_est= 162.438679245283 
  target= 3  dist= 1  sheet= 0  commute_est= 110.0632978723404 
  target= 7  dist= 2  sheet= - 1  commute_est= 294.2254901960784 
  target= 8  dist= 2  sheet= 0  commute_est= 248.0019607843137 
  target= 32  dist= 3  sheet= - 2  commute_est= 417.1736011477762 
  target= 33  dist= 3  sheet= - 1  commute_est= 378.0103359173126 
  target= 157  dist= 4  sheet= - 2  commute_est= 437.2857142857143 
  target= 158  dist= 4  sheet= - 1  commute_est= 477.6533333333333 
Commute-time log-log slope = 0.910409452951989 
  Interpretation: ~ dist^slope; for d_w > 2 expect slope > 1 
============================================================ 
experiment.mac : summary  (N_GON = 5 ) 
============================================================ 
Preset = huge  (BFS_DEPTH = 5 , M_WALKS = 20000 , T_STEPS = 500 , T_CA = 64 ) 
N_GON = 5   interior angle = 108.0 deg   k_flat = 3   fiber order = 10 
Cluster size N = 3906 
Mean degree = 1.999487967229902  ( 5 -regular target; lower at boundary) 
Sheets occupied = [- 5, - 4, - 3, - 2, - 1, 0, 1, 2, 3, 4, 5] 
Spectral gap = (skipped) 
d_eff estimate (BFS) = 3.417785804713903 
d_eff estimate (BFS, full) = 3.922628734398218 
d_w   estimate (MSD) = 1.175846402745446 
d_spec estimate (P_0) = 4.680442046923223 
d_spec (Alexander-Orbach) = 5.813320169596681 
d_spec (KPM low-lambda)   = 1.004750211157116 
d_spec (KPM integrated)   = 1.110291428216445 
Vortex edges = 2603  / total edges = 3905 
CA final population = 3 after 64 steps 
Rule panel: extinct= 9  still= 6  periodic= 0  growing= 0  active= 0 
Most active panel rule: B2/S12   max_pop = 3 
Richest-holonomy tau-rule = none      (flat)   score = 0 
Triangles in main cluster = 0 
Girth through origin = > 8 
Glider hunt: oscillators = 0   gliders = 0  (trials = 25 ) 
Long cycles enumerated through origin: 0  (up to length 8 ) 
Cap-window cluster: N = 781 , sheets = [0, 1, 2, 3, 4] 
KPM-based d_spec ~ 1.004750211157116 
Most-fractional tau-rule: none      (flat)   |d_eff - 2.5| = 0.1307661903342802
                                                                               
------------------------------------------------------------ 
Active TAU_MODE for main cluster: signed3 
Preset: huge 
N_GON: 5 
------------------------------------------------------------ 
Caveats: 
  * N_GON controls the polygon type.  Set it at the top of 
    Section 0 to study triangles (3), squares (4), pentagons 
    (5), hexagons (6), heptagons (7), etc. 
  * For n in {3,4,6} the tiling closes flat (deficit=0); the 
    sheet structure is driven entirely by the tau rule. 
  * Deeper BFS (depth 6, xhuge preset) gives ~thousands of 
    cells; dimension fits are improved but still finite-size. 
  * TAU_MODE controls whether the main cluster uses the 
    didactic every-n rule, the signed-n rule (richer monodromy), 
    or the rigorous cut-and-project window of idea.md §2.4. 
  * KPM spectral analysis (Section 18) is the preferred 
    method for large clusters where dense eigendecomposition 
    is infeasible.  Both low-lambda slope and integrated-DOS 
    slope are reported for cross-validation. 
  * Same-orientation tiling is geometrically frustrated; this 
    experiment lets the sheet index absorb the angular deficit, 
    consistent with the multi-sheeted construction. 
============================================================ 
experiment.mac : done. 
============================================================ 
