batchload("experiment.mac")
============================================================ 
experiment.mac : Multi-Sheeted N-Gon Tiling Experiments 
============================================================ 
------------------------------------------------------------ 
PARAMETERIZATION:  N_GON = 5 
------------------------------------------------------------ 
  Interior angle = 108.0 deg 
  Flat-vertex count k_flat = 3 
  Angular deficit = 36.0 deg 
  Loop-closure index k_loop = 10 
  Natural fiber group order = 10 
  Fiber groups for holonomy survey: [2, 3, 4, 5, 6, 10] 
Configuration: 
  preset    = medium 
  TAU_MODE  = signed3 
  BFS_DEPTH = 3 
  M_WALKS   = 1000 
  T_STEPS   = 60 
  T_CA      = 16 
  SKIP_EIG  = false 
  EIG_MAX_N = 1500 
  MSD fit window t in [ 2 , 4 ] 
  P_0 fit window t in [ 2 , 6 ] (even t) 
  KPM_MOMENTS = 128 
  KPM_SAMPLES = 16 
  LONG_LOOP_MAX = 7 
  N_GON = 5 
Section 1: Q(sqrt(5)) arithmetic primitives OK. 
Section 2: N-gon geometry primitives OK (N_GON = 5 ). 
  CHIRAL_ACTIVE = true  (odd n: bipartite orientation bigraph) 
Section 3: created origin 5 -gon, id = 1   (TAU_MODE = signed3 ) 
Section 3: after BFS depth 3 , cell_count = 156   (N_GON = 5 ) 
First 5 cells (id, chirality, sheet, #neighbors): 
   1  chir= 0  sheet= 0  deg= 5  (interior target: 5 ) 
   2  chir= 1  sheet= - 1  deg= 6  (interior target: 5 ) 
   3  chir= 1  sheet= 0  deg= 6  (interior target: 5 ) 
   4  chir= 1  sheet= 1  deg= 6  (interior target: 5 ) 
   5  chir= 1  sheet= - 1  deg= 6  (interior target: 5 ) 
Bipartite check (odd n): same-chirality edges = 0  (should be 0) 
Degree stats: min = 1 , mean = 1.987179487179487 , max = 6  (interior 5 
                                                     -gons should have deg 5 ) 
Chirality distribution: up = 26 , down = 130 
                                 (bipartite ratio ~ 1 expected at large depth) 
Sheets present in cluster: [- 3, - 2, - 1, 0, 1, 2, 3] 
------------------------------------------------------------ 
SECTION 3b: Distance ring pre-computation 
------------------------------------------------------------ 
Computing origin-to-all squared distances (N = 156 )... 
Computing all-pairs squared distances (cap = 200000 )... 
All-pairs computation complete: 12090 pairs. 
Sorting distance classes... 
Distinct squared distances found: 12195 
Building sorted-index map... 
Building origin ring-size table... 
Distance ring table (first 15 rings from origin): 
  k  |  sq_dist (r,s)  |  float  |  ring_size  |  total_pairs  |  notes 
   1   [ 0.0 , 0.0 ]   ~ 0.0   ring= 0   pairs= 1   norm= 
                                             - 5.551115123125783E-16  rational 
   2   [ 0.0 , 0.0 ]   ~ 0.0   ring= 0   pairs= 1   norm= 
                                             - 5.551115123125783E-16  rational 
   3   [ 0.0 , 0.0 ]   ~ 0.0   ring= 0   pairs= 1   norm= 
                                             - 5.551115123125783E-16  rational 
   4   [ 0.0 , 0.0 ]   ~ 0.0   ring= 0   pairs= 1   norm= 
                                             - 5.551115123125783E-16  rational 
   5   [ 0.0 , 0.0 ]   ~ 0.0   ring= 0   pairs= 1   norm= 
                                             - 5.551115123125783E-16  rational 
   6   [ 0.0 , 0.0 ]   ~ 0.0   ring= 0   pairs= 1   norm= 
                                             - 5.551115123125783E-16  rational 
   7   [ 0.0 , 0.0 ]   ~ 0.0   ring= 0   pairs= 1   norm= 
                                             - 5.551115123125783E-16  rational 
   8   [ 0.0 , 0.0 ]   ~ 0.0   ring= 0   pairs= 1   norm= 
                                             - 5.551115123125783E-16  rational 
   9   [ 0.0 , 0.0 ]   ~ 0.0   ring= 0   pairs= 1   norm= 
                                             - 5.551115123125783E-16  rational 
   10   [ 0.0 , 0.0 ]   ~ 0.0   ring= 0   pairs= 1   norm= 
                                             - 5.551115123125783E-16  rational 
   11   [ 0.0 , 0.0 ]   ~ 0.0   ring= 0   pairs= 1   norm= 
                                             - 5.551115123125783E-16  rational 
   12   [ 0.0 , 0.0 ]   ~ 0.0   ring= 0   pairs= 1   norm= 
                                             - 5.551115123125783E-16  rational 
   13   [ 0.0 , 0.0 ]   ~ 0.0   ring= 0   pairs= 1   norm= 
                                             - 5.551115123125783E-16  rational 
   14   [ 0.0 , 0.0 ]   ~ 0.0   ring= 0   pairs= 1   norm= 
                                             - 5.551115123125783E-16  rational 
   15   [ 0.0 , 0.0 ]   ~ 0.0   ring= 0   pairs= 1   norm= 
                                             - 5.551115123125783E-16  rational 
Section 4: Laplacian symmetry residual = 0 
Laplacian row-sum max |.| = 0  (should be 0) 
Number of eigenvalues: 156  (expected N = 156 ) 
Smallest 5 eigenvalues: [1.576670440969713E-15, 0.02655656676437887, 
                 0.0265565667643798, 0.02655656676438025, 0.02655656676438025] 
Largest 3 eigenvalues: [9.162277660168387, 8.589598019575208, 
                                                            8.589598019575197] 
Spectral gap (algebraic connectivity) = 0.02655656676437887 
Spectral CDF samples [lambda, N(<=lambda)]: 
   [0.4581138830084194, 25] 
   [0.9162277660168388, 25] 
   [1.832455532033677, 125] 
   [2.748683298050516, 125] 
   [3.664911064067355, 126] 
Spectral-CDF least-squares slope ~ 0.9536450736271567 
   => d_spec_estimate (DOS) ~ 1.907290147254313   (log-C = 3.795623095559256 ) 
BFS cumulative volumes N(<=r) from origin: 
  r = 0 : N = 1 
  r = 1 : N = 6 
  r = 2 : N = 31 
  r = 3 : N = 156 
Log-log fit (interior, r in [ 1 , 2 ]): 
  d_eff estimate = 2.369233809665719 
  prefactor log C = 1.791759469228055   =>  C = 6.0 
Log-log fit (full, r in [1, 3 ]): 
  d_eff (full) = 2.901424256974228   log-C = 1.69231609809373 
Section 6: running 1000 random walks of length 60 from origin id = 1 
MSD samples [t, <d^2>]: [[1, 1.0], [5, 7.288], [10, 3.912], [20, 3.852]] 
P_0 samples [t, P_0(t)]: [[2, 0.159], [4, 0.059], [10, 0.022], [20, 0.037]] 
MSD early-time log-log slope = 0.2624946305108721   =>  d_w estimate = 
                                                             7.619203471353154 
MSD late-time log-log slope = - 0.01668421079506389 
                                               (near 0 => boundary saturation) 
P_0 early-time log-log slope = - 1.406900310743001   =>  d_spec estimate = 
                                                             2.813800621486002 
------------------------------------------------------------ 
------------------------------------------------------------ 
Dimension estimates summary: 
  d_eff   (BFS volume growth) ~ 2.369233809665719 
  d_eff   (BFS, full range)   ~ 2.901424256974228 
  d_w     (MSD scaling)       ~ 7.619203471353154 
  d_spec  (P_0 decay, early)  ~ 2.813800621486002 
  d_spec  (DOS log-log)       ~ 1.907290147254313 
  d_spec  (Alexander-Orbach 2*d_eff/d_w) ~ 0.6219111534620689 
  Direct vs AO discrepancy: 2.191889468023934 
OK: d_spec(DOS) < d_eff(BFS), consistent with sub-diffusion. 
OK: d_eff in (2, 3), inside paper's predicted fractional window. 
Note: these are small-cluster estimates; quantitative agreement 
with the paper's predicted regime 2 < d_eff < 3 requires larger 
clusters and the cut-and-project window for proper local finiteness. 
Section 8: no 3-cycle through origin in cluster. 
Longer cycles through origin (lengths 4-5): 0 found. 
Vortex edges in cluster (sheet shift != 0): 103 
Total edges in cluster: 155 
Vortex fraction = 0.6645161290322581 
Per-sheet cell counts: 
  sheet - 3 : 4 cells 
  sheet - 2 : 20 cells 
  sheet - 1 : 38 cells 
  sheet 0 : 47 cells 
  sheet 1 : 31 cells 
  sheet 2 : 15 cells 
  sheet 3 : 1 cells 
Section 9: CA default rule B 2 /S 1 2   (n_int = 5 ) 
Section 9: CA initial population = 3 
CA population history (t = 0.. 16 ): 
  t = 0  population = 3 
  t = 1  population = 3 
  t = 2  population = 3 
  t = 3  population = 3 
  t = 4  population = 3 
  t = 5  population = 3 
  t = 6  population = 3 
  t = 7  population = 3 
  t = 8  population = 3 
  t = 9  population = 3 
  t = 10  population = 3 
  t = 11  population = 3 
  t = 12  population = 3 
  t = 13  population = 3 
  t = 14  population = 3 
  t = 15  population = 3 
  t = 16  population = 3 
CA final population = 3   (still life) 
Live cells per sheet at t = 16 : [[- 3, 0], [- 2, 0], [- 1, 1], [0, 2], 
                                                       [1, 0], [2, 0], [3, 0]] 
============================================================ 
SECTION 10: Extended ruleset survey 
============================================================ 
Panel seed population = 3 
Panel run length T = 16 
 
   B2/S12   fate= still   period= 1   transient= 0   max_pop= 3   final_pop= 3 
   B2/S23   fate= extinct   period= 1   transient= 2   max_pop= 3   final_pop= 
                                                                             0 
   B3/S23   fate= extinct   period= 1   transient= 2   max_pop= 3   final_pop= 
                                                                             0 
   B2/S123   fate= still   period= 1   transient= 0   max_pop= 3   final_pop= 3
                                                                               
   B3/S123   fate= still   period= 1   transient= 0   max_pop= 3   final_pop= 3
                                                                               
   B23/S23   fate= extinct   period= 1   transient= 2   max_pop= 3   final_pop=
                                                                             0 
   B1/S12   fate= extinct   period= 1   transient= 5   max_pop= 140 
                                                                  final_pop= 0 
   B1/S1   fate= extinct   period= 1   transient= 4   max_pop= 125   final_pop=
                                                                             0 
   B2/S3   fate= extinct   period= 1   transient= 1   max_pop= 3   final_pop= 0
                                                                               
   B3/S3   fate= extinct   period= 1   transient= 1   max_pop= 3   final_pop= 0
                                                                               
   B22/S123   fate= still   period= 1   transient= 0   max_pop= 3   final_pop= 
                                                                             3 
   B2/S12   fate= still   period= 1   transient= 0   max_pop= 3   final_pop= 3 
   B12/S12   fate= extinct   period= 1   transient= 5   max_pop= 140 
                                                                  final_pop= 0 
   B3/S234   fate= extinct   period= 1   transient= 2   max_pop= 3   final_pop=
                                                                             0 
   B2/S1234   fate= still   period= 1   transient= 0   max_pop= 3   final_pop= 
                                                                             3 
 
Panel classification: 
  extinct = 9   still = 6   periodic = 0   growing = 0   active = 0 
Most active non-degenerate rule: B2/S12  with max_pop = 3  fate= still 
============================================================ 
SECTION 11: Alternative tau-rule survey 
============================================================ 
  tau = none      (flat)   cells= 156   sheets= 1   edges= done    vortex= 
                                                               2
                                       done
                                           1
done    vfrac= if done  > 0 then float(-----) else 0   meanDeg= 
    1                 2                done
                                           2
1.987179487179487   cycles= 0   holonomy_nontrivial= [0, 0, 0, 0, 0, 0] 
  (groups= [2, 3, 4, 5, 6, 10] ) 
  tau = every3    (default)   cells= 156   sheets= 4   edges= done    vortex= 
                                                                  2
                                       done
                                           1
done    vfrac= if done  > 0 then float(-----) else 0   meanDeg= 
    1                 2                done
                                           2
1.987179487179487   cycles= 0   holonomy_nontrivial= [0, 0, 0, 0, 0, 0] 
  (groups= [2, 3, 4, 5, 6, 10] ) 
  tau = every2   cells= 156   sheets= 4   edges= done    vortex= done    vfrac=
                                                     2               1
                         done
                             1
 if done  > 0 then float(-----) else 0   meanDeg= 1.987179487179487   cycles= 0
        2                done
                             2
   holonomy_nontrivial= [0, 0, 0, 0, 0, 0]   (groups= [2, 3, 4, 5, 6, 10] ) 
  tau = every5   cells= 156   sheets= 4   edges= done    vortex= done    vfrac=
                                                     2               1
                         done
                             1
 if done  > 0 then float(-----) else 0   meanDeg= 1.987179487179487   cycles= 0
        2                done
                             2
   holonomy_nontrivial= [0, 0, 0, 0, 0, 0]   (groups= [2, 3, 4, 5, 6, 10] ) 
  tau = k-parity   cells= 156   sheets= 4   edges= done    vortex= done  
                                                       2               1
                                 done
                                     1
  vfrac= if done  > 0 then float(-----) else 0   meanDeg= 1.987179487179487 
                2                done
                                     2
  cycles= 0   holonomy_nontrivial= [0, 0, 0, 0, 0, 0]   (groups= 
[2, 3, 4, 5, 6, 10] ) 
  tau = chiral   cells= 156   sheets= 4   edges= done    vortex= done    vfrac=
                                                     2               1
                         done
                             1
 if done  > 0 then float(-----) else 0   meanDeg= 1.987179487179487   cycles= 0
        2                done
                             2
   holonomy_nontrivial= [0, 0, 0, 0, 0, 0]   (groups= [2, 3, 4, 5, 6, 10] ) 
  tau = signed-3   cells= 156   sheets= 7   edges= done    vortex= done  
                                                       2               1
                                 done
                                     1
  vfrac= if done  > 0 then float(-----) else 0   meanDeg= 1.987179487179487 
                2                done
                                     2
  cycles= 0   holonomy_nontrivial= [0, 0, 0, 0, 0, 0]   (groups= 
[2, 3, 4, 5, 6, 10] ) 
  tau = fibonacci-mod8   cells= 156   sheets= 4   edges= done    vortex= done  
                                                             2               1
                                 done
                                     1
  vfrac= if done  > 0 then float(-----) else 0   meanDeg= 1.987179487179487 
                2                done
                                     2
  cycles= 0   holonomy_nontrivial= [0, 0, 0, 0, 0, 0]   (groups= 
[2, 3, 4, 5, 6, 10] ) 
  tau = every-n   cells= 156   sheets= 4   edges= done    vortex= done  
                                                      2               1
                                 done
                                     1
  vfrac= if done  > 0 then float(-----) else 0   meanDeg= 1.987179487179487 
                2                done
                                     2
  cycles= 0   holonomy_nontrivial= [0, 0, 0, 0, 0, 0]   (groups= 
[2, 3, 4, 5, 6, 10] ) 
  tau = signed-n   cells= 156   sheets= 7   edges= done    vortex= done  
                                                       2               1
                                 done
                                     1
  vfrac= if done  > 0 then float(-----) else 0   meanDeg= 1.987179487179487 
                2                done
                                     2
  cycles= 0   holonomy_nontrivial= [0, 0, 0, 0, 0, 0]   (groups= 
[2, 3, 4, 5, 6, 10] ) 
  tau = k-mod-n   cells= 156   sheets= 4   edges= done    vortex= done  
                                                      2               1
                                 done
                                     1
  vfrac= if done  > 0 then float(-----) else 0   meanDeg= 1.987179487179487 
                2                done
                                     2
  cycles= 0   holonomy_nontrivial= [0, 0, 0, 0, 0, 0]   (groups= 
[2, 3, 4, 5, 6, 10] ) 
  tau = chiral-n   cells= 156   sheets= 4   edges= done    vortex= done  
                                                       2               1
                                 done
                                     1
  vfrac= if done  > 0 then float(-----) else 0   meanDeg= 1.987179487179487 
                2                done
                                     2
  cycles= 0   holonomy_nontrivial= [0, 0, 0, 0, 0, 0]   (groups= 
[2, 3, 4, 5, 6, 10] ) 
 
Richest-holonomy tau-rule (sum of Z_2/Z_3/Z_5 non-trivial counts): 
                                                  none      (flat)   score = 0 
============================================================ 
SECTION 12: Extended holonomy on main cluster 
============================================================ 
Examining 0 long cycles in main cluster. 
(no long cycles to analyze) 
============================================================ 
SECTION 13: Structural patterns in main cluster 
============================================================ 
Degree histogram [deg, count]: 
   [1, 125] 
   [5, 1] 
   [6, 30] 
Mean local clustering coefficient = 0.0  over 31 nodes (deg >= 2) 
Triangle count in main cluster = 0 
Girth (shortest cycle) through origin = > 8 
Sheets present: [- 3, - 2, - 1, 0, 1, 2, 3] 
Sheet-to-sheet edge matrix (rows=sheet_list, cols=sheet_list): 
  sheet - 3 : [0, 4, 0, 0, 0, 0, 0] 
  sheet - 2 : [4, 2, 22, 0, 0, 0, 0] 
  sheet - 1 : [0, 22, 20, 26, 0, 0, 0] 
  sheet 0 : [0, 0, 26, 20, 35, 0, 0] 
  sheet 1 : [0, 0, 0, 35, 8, 15, 0] 
  sheet 2 : [0, 0, 0, 0, 15, 2, 1] 
  sheet 3 : [0, 0, 0, 0, 0, 1, 0] 
Inter-sheet (vortex) edges = 103  (cross-check vs Section 8: 103 ) 
============================================================ 
SECTION 14: Per-sheet sub-graph statistics 
============================================================ 
  sheet - 3 :  nodes= 4   intra-edges= 0   meanIntraDeg= 0.0 
  sheet - 2 :  nodes= 20   intra-edges= 2   meanIntraDeg= 0.2 
  sheet - 1 :  nodes= 38   intra-edges= 20   meanIntraDeg= 1.052631578947368 
  sheet 0 :  nodes= 47   intra-edges= 20   meanIntraDeg= 0.851063829787234 
  sheet 1 :  nodes= 31   intra-edges= 8   meanIntraDeg= 0.5161290322580645 
  sheet 2 :  nodes= 15   intra-edges= 2   meanIntraDeg= 0.2666666666666666 
  sheet 3 :  nodes= 1   intra-edges= 0   meanIntraDeg= 0.0 
Sheet-population sequence: [[- 3, 4], [- 2, 20], [- 1, 38], [0, 47], [1, 31], 
                                                              [2, 15], [3, 1]] 
  log-pop vs sheet-index slope = - 0.176351649410874   => decay rate r = 
                             0.8383231356618291   (geometric falloff if r < 1) 
============================================================ 
SECTION 15: Glider / oscillator hunt 
============================================================ 
Trying 5 rules x several seed shapes. 
 
Glider hunt summary: 
  trials = 25   oscillators = 0   gliders = 0 
============================================================ 
SECTION 16: Long-loop holonomy enumeration 
============================================================ 
Enumerating simple cycles through origin up to length 7 ... 
Total cycles through origin found: 0 
Enumerating cycles through anchor node 19  (sheet= 2 , deg= 6 ) up to length 7 
                                                                           ... 
  cycles found: 0 
============================================================ 
SECTION 17: Cut-and-project acceptance-window tau-rule 
============================================================ 
Cells inside acceptance window: 96 / 156  (fraction = 0.6153846153846154 ) 
Building cap-window cluster at depth 3 ... 
Cap-window cluster: N = 156 , sheets = [0, 1, 2, 3] 
  vortex edges = done  / done    (fraction = 
                     1       2
                                                        cap_ve_pair
                                                                   1
                                if done  > 0 then float(------------) else 0 ) 
                                       2                cap_ve_pair
                                                                   2
  cycles through cap_root: 0 
Cap-window BFS volumes: [1, 6, 31, 156] 
  d_eff (cap-window, interior) = 2.369233809665719 
============================================================ 
SECTION 18: KPM spectral density approximation 
============================================================ 
KPM rescaling: a = 1.987179487179487   b = 7.0 
  rescaled lam_max bound = 1.43040293040293 
                                         WARNING: may exceed 1; increase kpm_b 
Running KPM with M = 128 moments, 16 random samples... 
KPM moment summary: mu_0 = 1.0  (should be ~ 1.0) 
                    mu_1 = 0.001373626373626258   mu_2 = - 0.7582384038427994 
                                                   mu_4 = - 0.5798276533455324 
KPM moment variance (first 5 moments, split-batch): 
  mu_ 1  variance ~ 0.0   std ~ 0.0 
  mu_ 2  variance ~ 3.35439895879458E-6   std ~ 0.001831501831501836 
  mu_ 3  variance ~ 1.80031877984176E-10   std ~ 1.341759583473045E-5 
  mu_ 4  variance ~ 4.339514049577459E-6   std ~ 0.002083150030501274 
  mu_ 5  variance ~ 3.023012633811335E-6   std ~ 0.001738681291614807 
DOS samples [lambda, rho(lambda)]: 
  lam = - 4.662820512820512   rho_est = 1.085227536912793E+16 
  lam = - 3.612820512820513   rho_est = - 3.340008066975926E+15 
  lam = - 1.512820512820512   rho_est = 5.622247505480739E+15 
  lam = 0.5871794871794871   rho_est = - 8.594682322739936E+15 
  lam = 1.987179487179487   rho_est = - 8.948952821402082E+15 
  lam = 3.387179487179487   rho_est = - 3.713458547619851E+15 
  lam = 5.487179487179487   rho_est = - 5.294840438289294E+15 
  lam = 7.587179487179488   rho_est = - 2.272590031926505E+17 
  lam = 8.637179487179488   rho_est = 1.458148100293234E+18 
KPM low-tail sample count = 0 
KPM tail too short for slope fit. 
KPM integrated DOS log-log slope = 0.1310747764465268 
  => d_spec_KPM_CDF (= 2*slope) ~ 0.2621495528930537 
============================================================ 
SECTION 19: Per-sheet random walk diagnostics 
============================================================ 
Running 100 intra-sheet walks of length 60 ... 
Intra-sheet MSD at t = 1, 5, 10: 1.0 5.24 3.24 
Intra-sheet MSD slope = 0.6033899358654521   =>  d_w_intra = 3.314606162814709 
Compare full d_w = 7.619203471353154   ratio d_w_intra/d_w_full = 
                                                            0.4350331599985533 
Mean sheet crossings per 60 -step walk = 39.935  (= 0.6655833333333333 
                                                                     per step) 
============================================================ 
SECTION 20: Cross-tau dimensional comparison 
============================================================ 
  tau = none      (flat)   N= 156   BFS-radius= 3   vols(last)= 156   d_eff~ 
                                                             2.369233809665719 
  tau = every3    (default)   N= 156   BFS-radius= 3   vols(last)= 156   d_eff~
                                                             2.369233809665719 
  tau = every2   N= 156   BFS-radius= 3   vols(last)= 156   d_eff~ 
                                                             2.369233809665719 
  tau = every5   N= 156   BFS-radius= 3   vols(last)= 156   d_eff~ 
                                                             2.369233809665719 
  tau = k-parity   N= 156   BFS-radius= 3   vols(last)= 156   d_eff~ 
                                                             2.369233809665719 
  tau = chiral   N= 156   BFS-radius= 3   vols(last)= 156   d_eff~ 
                                                             2.369233809665719 
  tau = signed-3   N= 156   BFS-radius= 3   vols(last)= 156   d_eff~ 
                                                             2.369233809665719 
  tau = fibonacci-mod8   N= 156   BFS-radius= 3   vols(last)= 156   d_eff~ 
                                                             2.369233809665719 
  tau = every-n   N= 156   BFS-radius= 3   vols(last)= 156   d_eff~ 
                                                             2.369233809665719 
  tau = signed-n   N= 156   BFS-radius= 3   vols(last)= 156   d_eff~ 
                                                             2.369233809665719 
  tau = k-mod-n   N= 156   BFS-radius= 3   vols(last)= 156   d_eff~ 
                                                             2.369233809665719 
  tau = chiral-n   N= 156   BFS-radius= 3   vols(last)= 156   d_eff~ 
                                                             2.369233809665719 
Most-fractional (closest to d_eff=2.5) tau-rule: none      (flat) 
                                            |d_eff - 2.5| = 0.1307661903342802 
============================================================ 
SECTION 23: Erdős Distance Problem Catalog 
============================================================ 
Full distance ring table: 
  k | sq_dist [r,s] | float | ring_size | pairs | norm | Z[phi] basis | notes 
   1  [ 0.0 , 0.0 ]  ~ 0.0  ring= 0  pairs= 1  norm= - 5.551115123125783E-16 
                                                Z[phi]=[ 0.0 , 0.0 ]  rational 
   2  [ 0.0 , 0.0 ]  ~ 0.0  ring= 0  pairs= 1  norm= - 5.551115123125783E-16 
                                                Z[phi]=[ 0.0 , 0.0 ]  rational 
   3  [ 0.0 , 0.0 ]  ~ 0.0  ring= 0  pairs= 1  norm= - 5.551115123125783E-16 
                                                Z[phi]=[ 0.0 , 0.0 ]  rational 
   4  [ 0.0 , 0.0 ]  ~ 0.0  ring= 0  pairs= 1  norm= - 5.551115123125783E-16 
                                                Z[phi]=[ 0.0 , 0.0 ]  rational 
   5  [ 0.0 , 0.0 ]  ~ 0.0  ring= 0  pairs= 1  norm= - 5.551115123125783E-16 
                                                Z[phi]=[ 0.0 , 0.0 ]  rational 
   6  [ 0.0 , 0.0 ]  ~ 0.0  ring= 0  pairs= 1  norm= - 5.551115123125783E-16 
                                                Z[phi]=[ 0.0 , 0.0 ]  rational 
   7  [ 0.0 , 0.0 ]  ~ 0.0  ring= 0  pairs= 1  norm= - 5.551115123125783E-16 
                                                Z[phi]=[ 0.0 , 0.0 ]  rational 
   8  [ 0.0 , 0.0 ]  ~ 0.0  ring= 0  pairs= 1  norm= - 5.551115123125783E-16 
                                                Z[phi]=[ 0.0 , 0.0 ]  rational 
   9  [ 0.0 , 0.0 ]  ~ 0.0  ring= 0  pairs= 1  norm= - 5.551115123125783E-16 
                                                Z[phi]=[ 0.0 , 0.0 ]  rational 
   10  [ 0.0 , 0.0 ]  ~ 0.0  ring= 0  pairs= 1  norm= - 5.551115123125783E-16 
                                                Z[phi]=[ 0.0 , 0.0 ]  rational 
   11  [ 0.0 , 0.0 ]  ~ 0.0  ring= 0  pairs= 1  norm= - 5.551115123125783E-16 
                                                Z[phi]=[ 0.0 , 0.0 ]  rational 
   12  [ 0.0 , 0.0 ]  ~ 0.0  ring= 0  pairs= 1  norm= - 5.551115123125783E-16 
                                                Z[phi]=[ 0.0 , 0.0 ]  rational 
   13  [ 0.0 , 0.0 ]  ~ 0.0  ring= 0  pairs= 1  norm= - 5.551115123125783E-16 
                                                Z[phi]=[ 0.0 , 0.0 ]  rational 
   14  [ 0.0 , 0.0 ]  ~ 0.0  ring= 0  pairs= 1  norm= - 5.551115123125783E-16 
                                                Z[phi]=[ 0.0 , 0.0 ]  rational 
   15  [ 0.0 , 0.0 ]  ~ 0.0  ring= 0  pairs= 1  norm= - 5.551115123125783E-16 
                                                Z[phi]=[ 0.0 , 0.0 ]  rational 
   16  [ 0.0 , 0.0 ]  ~ 0.0  ring= 0  pairs= 1  norm= - 5.551115123125783E-16 
                                                Z[phi]=[ 0.0 , 0.0 ]  rational 
   17  [ 0.0 , 0.0 ]  ~ 0.0  ring= 0  pairs= 1  norm= - 5.551115123125783E-16 
                                                Z[phi]=[ 0.0 , 0.0 ]  rational 
   18  [ 0.0 , 0.0 ]  ~ 0.0  ring= 0  pairs= 1  norm= - 5.551115123125783E-16 
                                                Z[phi]=[ 0.0 , 0.0 ]  rational 
   19  [ 0.0 , 0.0 ]  ~ 0.0  ring= 0  pairs= 1  norm= - 5.551115123125783E-16 
                                                Z[phi]=[ 0.0 , 0.0 ]  rational 
   20  [ 1.110223024625156E-16 , 0.0 ]  ~ 1.110223024625156E-16  ring= 0 
 pairs= 1  norm= - 1.804112415015879E-16  Z[phi]=[ 1.110223024625156E-16 , 0.0 
]  rational 
   21  [ 1.110223024625156E-16 , 0.0 ]  ~ 1.110223024625156E-16  ring= 0 


 .... Long text cut...


    47  [ 1.110223024625156E-16 , 0.0 ]  ~ 1.110223024625156E-16  ring= 0
 pairs= 1  norm= - 1.804112415015879E-16  Z[phi]=[ 1.110223024625156E-16 , 0.0 
]  rational 
   48  [ 0.0 , 0.0 ]  ~ 0.0  ring= 0  pairs= 1  norm= - 1.110223024625156E-16 
                                                Z[phi]=[ 0.0 , 0.0 ]  rational 
   49  [ 0.0 , 0.0 ]  ~ 0.0  ring= 0  pairs= 1  norm= - 5.551115123125783E-16 
                                                Z[phi]=[ 0.0 , 0.0 ]  rational 
   50  [ 0.0 , 0.0 ]  ~ 0.0  ring= 0  pairs= 1  norm= - 1.110223024625156E-16 
                                                Z[phi]=[ 0.0 , 0.0 ]  rational 


 .... Long text cut...



   12186  [ 78.01315561749643 , 0.0 ]  ~ 78.01315561749643  ring= 0  pairs= 1
         norm= 6086.052449399713  Z[phi]=[ 78.01315561749643 , 0.0 ]  rational 
   12187  [ 78.01315561749643 , 0.0 ]  ~ 78.01315561749643  ring= 0  pairs= 1 
         norm= 6086.052449399714  Z[phi]=[ 78.01315561749643 , 0.0 ]  rational 
   12188  [ 78.01315561749643 , 0.0 ]  ~ 78.01315561749643  ring= 0  pairs= 1 
         norm= 6086.052449399714  Z[phi]=[ 78.01315561749643 , 0.0 ]  rational 
   12189  [ 78.01315561749643 , 0.0 ]  ~ 78.01315561749643  ring= 0  pairs= 1 
         norm= 6086.052449399714  Z[phi]=[ 78.01315561749643 , 0.0 ]  rational 
   12190  [ 78.01315561749643 , 0.0 ]  ~ 78.01315561749643  ring= 0  pairs= 1 
         norm= 6086.052449399714  Z[phi]=[ 78.01315561749643 , 0.0 ]  rational 
   12191  [ 85.24922359499621 , 0.0 ]  ~ 85.24922359499621  ring= 0  pairs= 1 
         norm= 7267.430123549659  Z[phi]=[ 85.24922359499621 , 0.0 ]  rational 
   12192  [ 85.24922359499621 , 0.0 ]  ~ 85.24922359499621  ring= 0  pairs= 1 
         norm= 7267.430123549659  Z[phi]=[ 85.24922359499621 , 0.0 ]  rational 
   12193  [ 85.24922359499621 , 0.0 ]  ~ 85.24922359499621  ring= 0  pairs= 1 
         norm= 7267.430123549659  Z[phi]=[ 85.24922359499621 , 0.0 ]  rational 
   12194  [ 85.24922359499623 , 0.0 ]  ~ 85.24922359499623  ring= 0  pairs= 1 
         norm= 7267.430123549661  Z[phi]=[ 85.24922359499623 , 0.0 ]  rational 
   12195  [ 85.24922359499623 , 0.0 ]  ~ 85.24922359499623  ring= 0  pairs= 1 
         norm= 7267.430123549659  Z[phi]=[ 85.24922359499623 , 0.0 ]  rational 
 
(b) Fibonacci spacing ratio delta_{k+1}/delta_k: 
  Mean ratio = 1.000503492767452   phi^2 = 2.618033988749895   deviation = 
                                                             1.617530495982442 
  Note: spacing ratio deviates from phi^2; 
                                       cluster may be too small or N_GON != 5. 
 
(c) Multiplicity analysis: 
  Mean ring size = 0.0 
  High-multiplicity threshold = 5 
  High-multiplicity rings (ring_size >= 5 ): 
    (none found; cluster may be too small) 
 
(d) Erdős distinct-distance count D(P_n): 
  n = 156   D(P_n) = 12195 
  Integer-lattice bound Theta(n/sqrt(log n)) ~ 69.42007858928014 
  Pentagonal upper bound O(log n) ~ 5.049856007249537 
  Pentagonal lower bound Omega(log n / log log n) ~ 2.805421833721196 
  Ratio D(P_n) / log(n) = 2414.920342776694 
                                       (should be O(1) for pentagonal lattice) 
  Note: D(P_n) exceeds 2*log(n); boundary effects likely. 
 
(e) Galois conjugate distance pairings (sigma: sqrt5 -> -sqrt5): 
  Total Galois conjugate pairs found: 0 
  (No pairs found; cluster may be too small or distances are rational.) 
 
(f) Pythagorean triples d1^2 + d2^2 = d3^2 in distance set: 
  Pythagorean triples found: 0 
============================================================ 
SECTION 24: Distance Web Analysis 
============================================================ 
  Building web for distance class k= 1  (sq_dist~ 0.0 )... 
  Web W_ 1 :   edges= 34   deg_min= 0   deg_max= 4   deg_mean= 
               0.4358974358974359   components= 129   triangles= 0   irregular 
    Component sizes: [1, 1, 1, 1, 1, 1, 1, 1, 1, 1, 1, 1, 1, 1, 1, 1, 1, 1, 1, 
1, 1, 1, 1, 1, 1, 1, 1, 1, 1, 1, 1, 1, 1, 1, 1, 1, 1, 1, 1, 1, 1, 1, 1, 1, 1, 
1, 1, 1, 1, 1, 1, 1, 1, 1, 1, 1, 1, 1, 1, 1, 1, 1, 1, 1, 1, 1, 1, 1, 1, 1, 1, 
1, 1, 1, 1, 1, 1, 1, 1, 1, 1, 1, 1, 1, 1, 1, 1, 1, 1, 1, 1, 1, 1, 1, 1, 1, 1, 
1, 1, 1, 1, 1, 1, 1, 1, 1, 1, 1, 1, 1, 1, 1, 1, 1, 1, 1, 1, 1, 2, 2, 3, 3, 3, 
3, 4, 4, 4, 4, 6] 
  Building web for distance class k= 2  (sq_dist~ 0.0 )... 
  Web W_ 2 :   edges= 34   deg_min= 0   deg_max= 4   deg_mean= 
               0.4358974358974359   components= 129   triangles= 0   irregular 
    Component sizes: [1, 1, 1, 1, 1, 1, 1, 1, 1, 1, 1, 1, 1, 1, 1, 1, 1, 1, 1, 
1, 1, 1, 1, 1, 1, 1, 1, 1, 1, 1, 1, 1, 1, 1, 1, 1, 1, 1, 1, 1, 1, 1, 1, 1, 1, 
1, 1, 1, 1, 1, 1, 1, 1, 1, 1, 1, 1, 1, 1, 1, 1, 1, 1, 1, 1, 1, 1, 1, 1, 1, 1, 
1, 1, 1, 1, 1, 1, 1, 1, 1, 1, 1, 1, 1, 1, 1, 1, 1, 1, 1, 1, 1, 1, 1, 1, 1, 1, 
1, 1, 1, 1, 1, 1, 1, 1, 1, 1, 1, 1, 1, 1, 1, 1, 1, 1, 1, 1, 1, 2, 2, 3, 3, 3, 
3, 4, 4, 4, 4, 6] 
  Building web for distance class k= 3  (sq_dist~ 0.0 )... 
  Web W_ 3 :   edges= 34   deg_min= 0   deg_max= 4   deg_mean= 
               0.4358974358974359   components= 129   triangles= 0   irregular 
    Component sizes: [1, 1, 1, 1, 1, 1, 1, 1, 1, 1, 1, 1, 1, 1, 1, 1, 1, 1, 1, 
1, 1, 1, 1, 1, 1, 1, 1, 1, 1, 1, 1, 1, 1, 1, 1, 1, 1, 1, 1, 1, 1, 1, 1, 1, 1, 
1, 1, 1, 1, 1, 1, 1, 1, 1, 1, 1, 1, 1, 1, 1, 1, 1, 1, 1, 1, 1, 1, 1, 1, 1, 1, 
1, 1, 1, 1, 1, 1, 1, 1, 1, 1, 1, 1, 1, 1, 1, 1, 1, 1, 1, 1, 1, 1, 1, 1, 1, 1, 
1, 1, 1, 1, 1, 1, 1, 1, 1, 1, 1, 1, 1, 1, 1, 1, 1, 1, 1, 1, 1, 2, 2, 3, 3, 3, 
3, 4, 4, 4, 4, 6] 
  Building web for distance class k= 4  (sq_dist~ 0.0 )... 
  Web W_ 4 :   edges= 34   deg_min= 0   deg_max= 4   deg_mean= 
               0.4358974358974359   components= 129   triangles= 0   irregular 
    Component sizes: [1, 1, 1, 1, 1, 1, 1, 1, 1, 1, 1, 1, 1, 1, 1, 1, 1, 1, 1, 
1, 1, 1, 1, 1, 1, 1, 1, 1, 1, 1, 1, 1, 1, 1, 1, 1, 1, 1, 1, 1, 1, 1, 1, 1, 1, 
1, 1, 1, 1, 1, 1, 1, 1, 1, 1, 1, 1, 1, 1, 1, 1, 1, 1, 1, 1, 1, 1, 1, 1, 1, 1, 
1, 1, 1, 1, 1, 1, 1, 1, 1, 1, 1, 1, 1, 1, 1, 1, 1, 1, 1, 1, 1, 1, 1, 1, 1, 1, 
1, 1, 1, 1, 1, 1, 1, 1, 1, 1, 1, 1, 1, 1, 1, 1, 1, 1, 1, 1, 1, 2, 2, 3, 3, 3, 
3, 4, 4, 4, 4, 6] 
  Building web for distance class k= 5  (sq_dist~ 0.0 )... 
  Web W_ 5 :   edges= 34   deg_min= 0   deg_max= 4   deg_mean= 
               0.4358974358974359   components= 129   triangles= 0   irregular 
    Component sizes: [1, 1, 1, 1, 1, 1, 1, 1, 1, 1, 1, 1, 1, 1, 1, 1, 1, 1, 1, 
1, 1, 1, 1, 1, 1, 1, 1, 1, 1, 1, 1, 1, 1, 1, 1, 1, 1, 1, 1, 1, 1, 1, 1, 1, 1, 
1, 1, 1, 1, 1, 1, 1, 1, 1, 1, 1, 1, 1, 1, 1, 1, 1, 1, 1, 1, 1, 1, 1, 1, 1, 1, 
1, 1, 1, 1, 1, 1, 1, 1, 1, 1, 1, 1, 1, 1, 1, 1, 1, 1, 1, 1, 1, 1, 1, 1, 1, 1, 
1, 1, 1, 1, 1, 1, 1, 1, 1, 1, 1, 1, 1, 1, 1, 1, 1, 1, 1, 1, 1, 2, 2, 3, 3, 3, 
3, 4, 4, 4, 4, 6] 
  Building web for distance class k= 6  (sq_dist~ 0.0 )... 
  Web W_ 6 :   edges= 34   deg_min= 0   deg_max= 4   deg_mean= 
               0.4358974358974359   components= 129   triangles= 0   irregular 
    Component sizes: [1, 1, 1, 1, 1, 1, 1, 1, 1, 1, 1, 1, 1, 1, 1, 1, 1, 1, 1, 
1, 1, 1, 1, 1, 1, 1, 1, 1, 1, 1, 1, 1, 1, 1, 1, 1, 1, 1, 1, 1, 1, 1, 1, 1, 1, 
1, 1, 1, 1, 1, 1, 1, 1, 1, 1, 1, 1, 1, 1, 1, 1, 1, 1, 1, 1, 1, 1, 1, 1, 1, 1, 
1, 1, 1, 1, 1, 1, 1, 1, 1, 1, 1, 1, 1, 1, 1, 1, 1, 1, 1, 1, 1, 1, 1, 1, 1, 1, 
1, 1, 1, 1, 1, 1, 1, 1, 1, 1, 1, 1, 1, 1, 1, 1, 1, 1, 1, 1, 1, 2, 2, 3, 3, 3, 
3, 4, 4, 4, 4, 6] 
 
Web intersection analysis (W_i ∩ W_j = shared edges): 
  |W_1 ∩ W_2| = 34 shared edges 
 
W_1 vs adjacency graph comparison: 
  Mismatch at node 1 : web1= []  nbrs= [2, 3, 4, 5, 6] 
  Mismatch at node 2 : web1= []  nbrs= [1, 7, 8, 9, 10, 11] 
  Mismatch at node 3 : web1= []  nbrs= [1, 12, 13, 14, 15, 16] 
  Mismatch at node 4 : web1= []  nbrs= [1, 17, 18, 19, 20, 21] 
  Mismatch at node 5 : web1= []  nbrs= [1, 22, 23, 24, 25, 26] 
  Mismatch at node 6 : web1= []  nbrs= [1, 27, 28, 29, 30, 31] 
  Mismatch at node 7 : web1= []  nbrs= [2, 32, 33, 34, 35, 36] 
  Mismatch at node 8 : web1= []  nbrs= [2, 37, 38, 39, 40, 41] 
  Mismatch at node 9 : web1= []  nbrs= [2, 42, 43, 44, 45, 46] 
  Mismatch at node 10 : web1= []  nbrs= [2, 47, 48, 49, 50, 51] 
  Mismatch at node 11 : web1= []  nbrs= [2, 52, 53, 54, 55, 56] 
  Mismatch at node 12 : web1= []  nbrs= [3, 57, 58, 59, 60, 61] 
  Mismatch at node 13 : web1= []  nbrs= [3, 62, 63, 64, 65, 66] 
  Mismatch at node 14 : web1= [20]  nbrs= [3, 67, 68, 69, 70, 71] 
  Mismatch at node 15 : web1= []  nbrs= [3, 72, 73, 74, 75, 76] 
  Mismatch at node 16 : web1= []  nbrs= [3, 77, 78, 79, 80, 81] 
  Mismatch at node 17 : web1= []  nbrs= [4, 82, 83, 84, 85, 86] 
  Mismatch at node 18 : web1= [24]  nbrs= [4, 87, 88, 89, 90, 91] 
  Mismatch at node 19 : web1= []  nbrs= [4, 92, 93, 94, 95, 96] 
  Mismatch at node 20 : web1= [14]  nbrs= [4, 97, 98, 99, 100, 101] 
  Mismatch at node 21 : web1= []  nbrs= [4, 102, 103, 104, 105, 106] 
  Mismatch at node 22 : web1= []  nbrs= [5, 107, 108, 109, 110, 111] 
  Mismatch at node 23 : web1= []  nbrs= [5, 112, 113, 114, 115, 116] 
  Mismatch at node 24 : web1= [18]  nbrs= [5, 117, 118, 119, 120, 121] 
  Mismatch at node 25 : web1= []  nbrs= [5, 122, 123, 124, 125, 126] 
  Mismatch at node 26 : web1= []  nbrs= [5, 127, 128, 129, 130, 131] 
  Mismatch at node 27 : web1= []  nbrs= [6, 132, 133, 134, 135, 136] 
  Mismatch at node 28 : web1= []  nbrs= [6, 137, 138, 139, 140, 141] 
  Mismatch at node 29 : web1= []  nbrs= [6, 142, 143, 144, 145, 146] 
  Mismatch at node 30 : web1= []  nbrs= [6, 147, 148, 149, 150, 151] 
  Mismatch at node 31 : web1= []  nbrs= [6, 152, 153, 154, 155, 156] 
  Mismatch at node 32 : web1= []  nbrs= [7] 
  Mismatch at node 33 : web1= []  nbrs= [7] 
  Mismatch at node 34 : web1= []  nbrs= [7] 
  Mismatch at node 35 : web1= []  nbrs= [7] 
  Mismatch at node 36 : web1= []  nbrs= [7] 
  Mismatch at node 37 : web1= []  nbrs= [8] 
  Mismatch at node 38 : web1= []  nbrs= [8] 
  Mismatch at node 39 : web1= [45, 117]  nbrs= [8] 
  Mismatch at node 40 : web1= []  nbrs= [8] 
  Mismatch at node 41 : web1= []  nbrs= [8] 
  Mismatch at node 42 : web1= []  nbrs= [9] 
  Mismatch at node 43 : web1= [49, 97]  nbrs= [9] 
  Mismatch at node 44 : web1= []  nbrs= [9] 
  Mismatch at node 45 : web1= [39, 87]  nbrs= [9] 
  Mismatch at node 46 : web1= []  nbrs= [9] 
  Mismatch at node 47 : web1= []  nbrs= [10] 
  Mismatch at node 48 : web1= []  nbrs= [10] 
  Mismatch at node 49 : web1= [43, 67]  nbrs= [10] 
  Mismatch at node 50 : web1= []  nbrs= [10] 
  Mismatch at node 51 : web1= []  nbrs= [10] 
  Mismatch at node 52 : web1= []  nbrs= [11] 
  Mismatch at node 53 : web1= []  nbrs= [11] 
  Mismatch at node 54 : web1= []  nbrs= [11] 
  Mismatch at node 55 : web1= []  nbrs= [11] 
  Mismatch at node 56 : web1= []  nbrs= [11] 
  Mismatch at node 57 : web1= []  nbrs= [12] 
  Mismatch at node 58 : web1= []  nbrs= [12] 
  Mismatch at node 59 : web1= []  nbrs= [12] 
  Mismatch at node 60 : web1= []  nbrs= [12] 
  Mismatch at node 61 : web1= []  nbrs= [12] 
  Mismatch at node 62 : web1= []  nbrs= [13] 
  Mismatch at node 63 : web1= []  nbrs= [13] 
  Mismatch at node 64 : web1= [70, 118]  nbrs= [13] 
  Mismatch at node 65 : web1= []  nbrs= [13] 
  Mismatch at node 66 : web1= []  nbrs= [13] 
  Mismatch at node 67 : web1= [49, 97]  nbrs= [14] 
  Mismatch at node 68 : web1= [74, 98]  nbrs= [14] 
  Mismatch at node 69 : web1= [99]  nbrs= [14] 
  Mismatch at node 70 : web1= [64, 88, 100, 124]  nbrs= [14] 
  Mismatch at node 71 : web1= [101, 149]  nbrs= [14] 
  Mismatch at node 72 : web1= []  nbrs= [15] 
  Mismatch at node 73 : web1= []  nbrs= [15] 
  Mismatch at node 74 : web1= [68]  nbrs= [15] 
  Mismatch at node 75 : web1= []  nbrs= [15] 
  Mismatch at node 76 : web1= []  nbrs= [15] 
  Mismatch at node 77 : web1= []  nbrs= [16] 
  Mismatch at node 78 : web1= []  nbrs= [16] 
  Mismatch at node 79 : web1= []  nbrs= [16] 
  Mismatch at node 80 : web1= []  nbrs= [16] 
  Mismatch at node 81 : web1= []  nbrs= [16] 
  Mismatch at node 82 : web1= []  nbrs= [17] 
  Mismatch at node 83 : web1= []  nbrs= [17] 
  Mismatch at node 84 : web1= []  nbrs= [17] 
  Mismatch at node 85 : web1= []  nbrs= [17] 
  Mismatch at node 86 : web1= []  nbrs= [17] 
  Mismatch at node 87 : web1= [45, 117]  nbrs= [18] 
  Mismatch at node 88 : web1= [70, 118]  nbrs= [18] 
  Mismatch at node 89 : web1= [95, 119]  nbrs= [18] 
  Mismatch at node 90 : web1= [120]  nbrs= [18] 
  Mismatch at node 91 : web1= [121, 145]  nbrs= [18] 
  Mismatch at node 92 : web1= []  nbrs= [19] 
  Mismatch at node 93 : web1= [99]  nbrs= [19] 
  Mismatch at node 94 : web1= []  nbrs= [19] 
  Mismatch at node 95 : web1= [89]  nbrs= [19] 
  Mismatch at node 96 : web1= []  nbrs= [19] 
  Mismatch at node 97 : web1= [43, 67]  nbrs= [20] 
  Mismatch at node 98 : web1= [68]  nbrs= [20] 
  Mismatch at node 99 : web1= [69, 93]  nbrs= [20] 
  Mismatch at node 100 : web1= [70, 118]  nbrs= [20] 
  Mismatch at node 101 : web1= [71, 143]  nbrs= [20] 
  Mismatch at node 102 : web1= []  nbrs= [21] 
  Mismatch at node 103 : web1= []  nbrs= [21] 
  Mismatch at node 104 : web1= []  nbrs= [21] 
  Mismatch at node 105 : web1= []  nbrs= [21] 
  Mismatch at node 106 : web1= []  nbrs= [21] 
  Mismatch at node 107 : web1= []  nbrs= [22] 
  Mismatch at node 108 : web1= []  nbrs= [22] 
  Mismatch at node 109 : web1= []  nbrs= [22] 
  Mismatch at node 110 : web1= []  nbrs= [22] 
  Mismatch at node 111 : web1= []  nbrs= [22] 
  Mismatch at node 112 : web1= []  nbrs= [23] 
  Mismatch at node 113 : web1= []  nbrs= [23] 
  Mismatch at node 114 : web1= [120]  nbrs= [23] 
  Mismatch at node 115 : web1= []  nbrs= [23] 
  Mismatch at node 116 : web1= []  nbrs= [23] 
  Mismatch at node 117 : web1= [39, 87]  nbrs= [24] 
  Mismatch at node 118 : web1= [64, 88, 100, 124]  nbrs= [24] 
  Mismatch at node 119 : web1= [89]  nbrs= [24] 
  Mismatch at node 120 : web1= [90, 114]  nbrs= [24] 
  Mismatch at node 121 : web1= [91, 139]  nbrs= [24] 
  Mismatch at node 122 : web1= []  nbrs= [25] 
  Mismatch at node 123 : web1= []  nbrs= [25] 
  Mismatch at node 124 : web1= [70, 118]  nbrs= [25] 
  Mismatch at node 125 : web1= []  nbrs= [25] 
  Mismatch at node 126 : web1= []  nbrs= [25] 
  Mismatch at node 127 : web1= []  nbrs= [26] 
  Mismatch at node 128 : web1= []  nbrs= [26] 
  Mismatch at node 129 : web1= []  nbrs= [26] 
  Mismatch at node 130 : web1= []  nbrs= [26] 
  Mismatch at node 131 : web1= []  nbrs= [26] 
  Mismatch at node 132 : web1= []  nbrs= [27] 
  Mismatch at node 133 : web1= []  nbrs= [27] 
  Mismatch at node 134 : web1= []  nbrs= [27] 
  Mismatch at node 135 : web1= []  nbrs= [27] 
  Mismatch at node 136 : web1= []  nbrs= [27] 
  Mismatch at node 137 : web1= []  nbrs= [28] 
  Mismatch at node 138 : web1= []  nbrs= [28] 
  Mismatch at node 139 : web1= [121, 145]  nbrs= [28] 
  Mismatch at node 140 : web1= []  nbrs= [28] 
  Mismatch at node 141 : web1= []  nbrs= [28] 
  Mismatch at node 142 : web1= []  nbrs= [29] 
  Mismatch at node 143 : web1= [101, 149]  nbrs= [29] 
  Mismatch at node 144 : web1= []  nbrs= [29] 
  Mismatch at node 145 : web1= [91, 139]  nbrs= [29] 
  Mismatch at node 146 : web1= []  nbrs= [29] 
  Mismatch at node 147 : web1= []  nbrs= [30] 
  Mismatch at node 148 : web1= []  nbrs= [30] 
  Mismatch at node 149 : web1= [71, 143]  nbrs= [30] 
  Mismatch at node 150 : web1= []  nbrs= [30] 
  Mismatch at node 151 : web1= []  nbrs= [30] 
  Mismatch at node 152 : web1= []  nbrs= [31] 
  Mismatch at node 153 : web1= []  nbrs= [31] 
  Mismatch at node 154 : web1= []  nbrs= [31] 
  Mismatch at node 155 : web1= []  nbrs= [31] 
  Mismatch at node 156 : web1= []  nbrs= [31] 
  W_1 != adjacency graph; first distance class is not the edge length. 
============================================================ 
SECTION 25: Pinwheel Phenomenon and Direction Analysis 
============================================================ 
Pinwheel threshold (max angular gap < pi/n = 0.6283185307179586 rad): 
  Distance class k= 1  (sq_dist~ 0.0 ):   n_directions= 4   max_gap= 1.8546 
                                          mean_gap= 1.570796326794896   sparse 
  Distance class k= 2  (sq_dist~ 0.0 ):   n_directions= 4   max_gap= 1.8546 
                                          mean_gap= 1.570796326794896   sparse 
  Distance class k= 3  (sq_dist~ 0.0 ):   n_directions= 4   max_gap= 1.8546 
                                          mean_gap= 1.570796326794896   sparse 
  Distance class k= 4  (sq_dist~ 0.0 ):   n_directions= 4   max_gap= 1.8546 
                                          mean_gap= 1.570796326794896   sparse 
  Distance class k= 5  (sq_dist~ 0.0 ):   n_directions= 4   max_gap= 1.8546 
                                          mean_gap= 1.570796326794896   sparse 
  Distance class k= 6  (sq_dist~ 0.0 ):   n_directions= 4   max_gap= 1.8546 
                                          mean_gap= 1.570796326794896   sparse 
  Distance class k= 7  (sq_dist~ 0.0 ):   n_directions= 4   max_gap= 1.8546 
                                          mean_gap= 1.570796326794896   sparse 
  Distance class k= 8  (sq_dist~ 0.0 ):   n_directions= 4   max_gap= 1.8546 
                                          mean_gap= 1.570796326794896   sparse 
 
Pinwheel summary: 0 / 8 distance classes show dense directions. 
  No pinwheel detected; cluster may be too small for 
                                    irrational angle accumulation to manifest. 
 
Direction count vs distance class (log-log fit): 
============================================================ 
SECTION 21: Commute-time sampling 
============================================================ 
Commute-time samples from origin (subset): 
  target= 2  dist= 1  sheet= - 1  commute_est= 54.58333333333333 
  target= 3  dist= 1  sheet= 0  commute_est= 41.73863636363637 
  target= 7  dist= 2  sheet= - 1  commute_est= 89.82857142857142 
  target= 8  dist= 2  sheet= 0  commute_est= 72.83333333333333 
  target= 32  dist= 3  sheet= - 2  commute_est= 120.6 
  target= 33  dist= 3  sheet= - 1  commute_est= 52.86666666666667 
Commute-time log-log slope = 0.4998700449074372 
  Interpretation: ~ dist^slope; for d_w > 2 expect slope > 1 
============================================================ 
experiment.mac : summary  (N_GON = 5 ) 
============================================================ 
Preset = medium  (BFS_DEPTH = 3 , M_WALKS = 1000 , T_STEPS = 60 , T_CA = 16 ) 
N_GON = 5   interior angle = 108.0 deg   k_flat = 3   fiber order = 10 
Cluster size N = 156 
Mean degree = 1.987179487179487  ( 5 -regular target; lower at boundary) 
Sheets occupied = [- 3, - 2, - 1, 0, 1, 2, 3] 
Spectral gap = 0.02655656676437887 
d_eff estimate (BFS) = 2.369233809665719 
d_eff estimate (BFS, full) = 2.901424256974228 
d_spec estimate (DOS) = 1.907290147254313 
d_w   estimate (MSD) = 7.619203471353154 
d_spec estimate (P_0) = 2.813800621486002 
d_spec (Alexander-Orbach) = 0.6219111534620689 
d_spec (KPM integrated)   = 0.2621495528930537 
Vortex edges = 103  / total edges = 155 
CA final population = 3 after 16 steps 
Rule panel: extinct= 9  still= 6  periodic= 0  growing= 0  active= 0 
Most active panel rule: B2/S12   max_pop = 3 
Richest-holonomy tau-rule = none      (flat)   score = 0 
Triangles in main cluster = 0 
Girth through origin = > 8 
Glider hunt: oscillators = 0   gliders = 0  (trials = 25 ) 
Long cycles enumerated through origin: 0  (up to length 7 ) 
Cap-window cluster: N = 156 , sheets = [0, 1, 2, 3] 
Most-fractional tau-rule: none      (flat)   |d_eff - 2.5| = 0.1307661903342802
                                                                               
------------------------------------------------------------ 
Erdős distance catalog (Section 23): 
  Distinct squared distances: 12195 
  High-multiplicity rings: 0 
  Galois conjugate pairs: 0 
  Pythagorean triples: 0 
  D(P_n)/log(n) = 2414.920342776694   (O(1) expected for pentagonal lattice) 
Distance web summary (Section 24): 
  W_ 1 : edges= 34  deg=[ 0 , 4 ]  comps= 129  tri= 0  
  W_ 2 : edges= 34  deg=[ 0 , 4 ]  comps= 129  tri= 0  
  W_ 3 : edges= 34  deg=[ 0 , 4 ]  comps= 129  tri= 0  
  W_ 4 : edges= 34  deg=[ 0 , 4 ]  comps= 129  tri= 0  
  W_ 5 : edges= 34  deg=[ 0 , 4 ]  comps= 129  tri= 0  
  W_ 6 : edges= 34  deg=[ 0 , 4 ]  comps= 129  tri= 0  
Pinwheel summary (Section 25): 
  Pinwheel classes: 0 / 8 
  k= 1  n_dir= 4  max_gap= 1.8546  
  k= 2  n_dir= 4  max_gap= 1.8546  
  k= 3  n_dir= 4  max_gap= 1.8546  
  k= 4  n_dir= 4  max_gap= 1.8546  
  k= 5  n_dir= 4  max_gap= 1.8546  
  k= 6  n_dir= 4  max_gap= 1.8546  
  k= 7  n_dir= 4  max_gap= 1.8546  
  k= 8  n_dir= 4  max_gap= 1.8546  
------------------------------------------------------------ 
Active TAU_MODE for main cluster: signed3 
Preset: medium 
N_GON: 5 
------------------------------------------------------------ 
Caveats: 
  * N_GON controls the polygon type.  Set it at the top of 
    Section 0 to study triangles (3), squares (4), pentagons 
    (5), hexagons (6), heptagons (7), etc. 
  * For n in {3,4,6} the tiling closes flat (deficit=0); the 
    sheet structure is driven entirely by the tau rule. 
  * Deeper BFS (depth 6, xhuge preset) gives ~thousands of 
    cells; dimension fits are improved but still finite-size. 
  * TAU_MODE controls whether the main cluster uses the 
    didactic every-n rule, the signed-n rule (richer monodromy), 
    or the rigorous cut-and-project window of idea.md §2.4. 
  * KPM spectral analysis (Section 18) is the preferred 
    method for large clusters where dense eigendecomposition 
    is infeasible.  Both low-lambda slope and integrated-DOS 
    slope are reported for cross-validation. 
  * Same-orientation tiling is geometrically frustrated; this 
    experiment lets the sheet index absorb the angular deficit, 
    consistent with the multi-sheeted construction. 
  * Section 23 catalogs the Erdős distance problem on the 
    pentagonal lattice: ring table, Fibonacci spacing, Galois 
    conjugate pairings, and D(P_n) vs log(n) scaling. 
  * Section 24 builds distance webs W_d and checks regularity, 
    connectivity, and intersection with the adjacency graph. 
  * Section 25 analyzes the pinwheel phenomenon: whether each 
    distance class has a dense set of directions in [0,2*pi). 
============================================================ 
experiment.mac : done. 
============================================================ 
