batchload("experiment.mac")
============================================================ 
experiment.mac : Multi-Sheeted N-Gon Tiling Experiments 
============================================================ 
------------------------------------------------------------ 
PARAMETERIZATION:  N_GON = 5 
------------------------------------------------------------ 
  Interior angle = 108.0 deg 
  Flat-vertex count k_flat = 3 
  Angular deficit = 36.0 deg 
  Loop-closure index k_loop = 10 
  Natural fiber group order = 10 
  Fiber groups for holonomy survey: [2, 3, 4, 5, 6, 10] 
Configuration: 
  preset    = huge 
  TAU_MODE  = signed3 
  BFS_DEPTH = 5 
  M_WALKS   = 20000 
  T_STEPS   = 500 
  T_CA      = 64 
  SKIP_EIG  = true 
  EIG_MAX_N = 3000 
  MSD fit window t in [ 2 , 5 ] 
  P_0 fit window t in [ 2 , 10 ] (even t) 
  KPM_MOMENTS = 256 
  KPM_SAMPLES = 24 
  LONG_LOOP_MAX = 8 
  N_GON = 5 
Section 1: Q(sqrt(5)) arithmetic primitives OK. 
Section 2: N-gon geometry primitives OK (N_GON = 5 ). 
  CHIRAL_ACTIVE = true  (odd n: bipartite orientation bigraph) 
Section 3: created origin 5 -gon, id = 1   (TAU_MODE = signed3 ) 
Section 3: after BFS depth 5 , cell_count = 3906   (N_GON = 5 ) 
First 5 cells (id, chirality, sheet, #neighbors): 
   1  chir= 0  sheet= 0  deg= 5  (interior target: 5 ) 
   2  chir= 1  sheet= - 1  deg= 6  (interior target: 5 ) 
   3  chir= 1  sheet= 0  deg= 6  (interior target: 5 ) 
   4  chir= 1  sheet= 1  deg= 6  (interior target: 5 ) 
   5  chir= 1  sheet= - 1  deg= 6  (interior target: 5 ) 
Bipartite check (odd n): same-chirality edges = 0  (should be 0) 
Degree stats: min = 1 , mean = 1.999487967229902 , max = 6  (interior 5 
                                                     -gons should have deg 5 ) 
Chirality distribution: up = 651 , down = 3255 
                                 (bipartite ratio ~ 1 expected at large depth) 
Sheets present in cluster: [- 5, - 4, - 3, - 2, - 1, 0, 1, 2, 3, 4, 5] 
Section 4: skipping eigendecomposition (SKIP_EIG = true , N = 3906 
                                                          , EIG_MAX_N = 3000 ) 
BFS cumulative volumes N(<=r) from origin: 
  r = 0 : N = 1 
  r = 1 : N = 6 
  r = 2 : N = 31 
  r = 3 : N = 156 
  r = 4 : N = 781 
  r = 5 : N = 3906 
Log-log fit (interior, r in [ 1 , 4 ]): 
  d_eff estimate = 3.417785804713903 
  prefactor log C = 1.518567640705642   =>  C = 4.565680813959509 
Log-log fit (full, r in [1, 5 ]): 
  d_eff (full) = 3.922628734398218   log-C = 1.285378853261598 
Section 6: running 20000 random walks of length 500 from origin id = 1 
MSD samples [t, <d^2>]: [[1, 1.0], [5, 15.8764], [10, 15.2676], [20, 15.499]] 
P_0 samples [t, P_0(t)]: [[2, 0.16525], [4, 0.04925], [10, 0.00355], 
                                                                 [20, 0.0018]] 
MSD early-time log-log slope = 1.700902426822298   =>  d_w estimate = 
                                                             1.175846402745446 
MSD late-time log-log slope = 0.003849743176484639 
                                               (near 0 => boundary saturation) 
P_0 early-time log-log slope = - 2.340221023461611   =>  d_spec estimate = 
                                                             4.680442046923223 
------------------------------------------------------------ 
------------------------------------------------------------ 
Dimension estimates summary: 
  d_eff   (BFS volume growth) ~ 3.417785804713903 
  d_eff   (BFS, full range)   ~ 3.922628734398218 
  d_w     (MSD scaling)       ~ 1.175846402745446 
  d_spec  (P_0 decay, early)  ~ 4.680442046923223 
  d_spec  (Alexander-Orbach 2*d_eff/d_w) ~ 5.813320169596681 
  Direct vs AO discrepancy: 1.132878122673457 
Note: d_eff outside (2,3); cluster may be too small. 
Note: these are small-cluster estimates; quantitative agreement 
with the paper's predicted regime 2 < d_eff < 3 requires larger 
clusters and the cut-and-project window for proper local finiteness. 
Section 8: no 3-cycle through origin in cluster. 
Longer cycles through origin (lengths 4-5): 0 found. 
Vortex edges in cluster (sheet shift != 0): 2603 
Total edges in cluster: 3905 
Vortex fraction = 0.6665813060179258 
Per-sheet cell counts: 
  sheet - 5 : 8 cells 
  sheet - 4 : 76 cells 
  sheet - 3 : 264 cells 
  sheet - 2 : 496 cells 
  sheet - 1 : 846 cells 
  sheet 0 : 847 cells 
  sheet 1 : 735 cells 
  sheet 2 : 379 cells 
  sheet 3 : 191 cells 
  sheet 4 : 63 cells 
  sheet 5 : 1 cells 
Section 9: CA default rule B 2 /S 1 2   (n_int = 5 ) 
Section 9: CA initial population = 3 
CA population history (t = 0.. 64 ): 
  t = 0  population = 3 
  t = 1  population = 3 
  t = 2  population = 3 
  t = 3  population = 3 
  t = 4  population = 3 
  t = 5  population = 3 
  t = 6  population = 3 
  t = 7  population = 3 
  t = 8  population = 3 
  t = 9  population = 3 
  t = 10  population = 3 
  t = 11  population = 3 
  t = 12  population = 3 
  t = 13  population = 3 
  t = 14  population = 3 
  t = 15  population = 3 
  t = 16  population = 3 
  t = 17  population = 3 
  t = 18  population = 3 
  t = 19  population = 3 
  t = 20  population = 3 
  t = 21  population = 3 
  t = 22  population = 3 
  t = 23  population = 3 
  t = 24  population = 3 
  t = 25  population = 3 
  t = 26  population = 3 
  t = 27  population = 3 
  t = 28  population = 3 
  t = 29  population = 3 
  t = 30  population = 3 
  t = 31  population = 3 
  t = 32  population = 3 
  t = 33  population = 3 
  t = 34  population = 3 
  t = 35  population = 3 
  t = 36  population = 3 
  t = 37  population = 3 
  t = 38  population = 3 
  t = 39  population = 3 
  t = 40  population = 3 
  t = 41  population = 3 
  t = 42  population = 3 
  t = 43  population = 3 
  t = 44  population = 3 
  t = 45  population = 3 
  t = 46  population = 3 
  t = 47  population = 3 
  t = 48  population = 3 
  t = 49  population = 3 
  t = 50  population = 3 
  t = 51  population = 3 
  t = 52  population = 3 
  t = 53  population = 3 
  t = 54  population = 3 
  t = 55  population = 3 
  t = 56  population = 3 
  t = 57  population = 3 
  t = 58  population = 3 
  t = 59  population = 3 
  t = 60  population = 3 
  t = 61  population = 3 
  t = 62  population = 3 
  t = 63  population = 3 
  t = 64  population = 3 
CA final population = 3   (still life) 
Live cells per sheet at t = 64 : [[- 5, 0], [- 4, 0], [- 3, 0], [- 2, 0], 
                     [- 1, 1], [0, 2], [1, 0], [2, 0], [3, 0], [4, 0], [5, 0]] 
============================================================ 
SECTION 10: Extended ruleset survey 
============================================================ 
Panel seed population = 3 
Panel run length T = 64 
 
   B2/S12   fate= still   period= 1   transient= 0   max_pop= 3   final_pop= 3 
   B2/S23   fate= extinct   period= 1   transient= 2   max_pop= 3   final_pop= 
                                                                             0 
   B3/S23   fate= extinct   period= 1   transient= 2   max_pop= 3   final_pop= 
                                                                             0 
   B2/S123   fate= still   period= 1   transient= 0   max_pop= 3   final_pop= 3
                                                                               
   B3/S123   fate= still   period= 1   transient= 0   max_pop= 3   final_pop= 3
                                                                               
   B23/S23   fate= extinct   period= 1   transient= 2   max_pop= 3   final_pop=
                                                                             0 
   B1/S12   fate= extinct   period= 1   transient= 7   max_pop= 3500 
                                                                  final_pop= 0 
   B1/S1   fate= extinct   period= 1   transient= 6   max_pop= 3125 
                                                                  final_pop= 0 
   B2/S3   fate= extinct   period= 1   transient= 1   max_pop= 3   final_pop= 0
                                                                               
   B3/S3   fate= extinct   period= 1   transient= 1   max_pop= 3   final_pop= 0
                                                                               
   B22/S123   fate= still   period= 1   transient= 0   max_pop= 3   final_pop= 
                                                                             3 
   B2/S12   fate= still   period= 1   transient= 0   max_pop= 3   final_pop= 3 
   B12/S12   fate= extinct   period= 1   transient= 7   max_pop= 3500 
                                                                  final_pop= 0 
   B3/S234   fate= extinct   period= 1   transient= 2   max_pop= 3   final_pop=
                                                                             0 
   B2/S1234   fate= still   period= 1   transient= 0   max_pop= 3   final_pop= 
                                                                             3 
 
Panel classification: 
  extinct = 9   still = 6   periodic = 0   growing = 0   active = 0 
Most active non-degenerate rule: B2/S12  with max_pop = 3  fate= still 
============================================================ 
SECTION 11: Alternative tau-rule survey 
============================================================ 
  tau = none      (flat)   cells= 156   sheets= 1   edges= done    vortex= 
                                                               2
                                       done
                                           1
done    vfrac= if done  > 0 then float(-----) else 0   meanDeg= 
    1                 2                done
                                           2
1.987179487179487   cycles= 0   holonomy_nontrivial= [0, 0, 0, 0, 0, 0] 
  (groups= [2, 3, 4, 5, 6, 10] ) 
  tau = every3    (default)   cells= 156   sheets= 4   edges= done    vortex= 
                                                                  2
                                       done
                                           1
done    vfrac= if done  > 0 then float(-----) else 0   meanDeg= 
    1                 2                done
                                           2
1.987179487179487   cycles= 0   holonomy_nontrivial= [0, 0, 0, 0, 0, 0] 
  (groups= [2, 3, 4, 5, 6, 10] ) 
  tau = every2   cells= 156   sheets= 4   edges= done    vortex= done    vfrac=
                                                     2               1
                         done
                             1
 if done  > 0 then float(-----) else 0   meanDeg= 1.987179487179487   cycles= 0
        2                done
                             2
   holonomy_nontrivial= [0, 0, 0, 0, 0, 0]   (groups= [2, 3, 4, 5, 6, 10] ) 
  tau = every5   cells= 156   sheets= 4   edges= done    vortex= done    vfrac=
                                                     2               1
                         done
                             1
 if done  > 0 then float(-----) else 0   meanDeg= 1.987179487179487   cycles= 0
        2                done
                             2
   holonomy_nontrivial= [0, 0, 0, 0, 0, 0]   (groups= [2, 3, 4, 5, 6, 10] ) 
  tau = k-parity   cells= 156   sheets= 4   edges= done    vortex= done  
                                                       2               1
                                 done
                                     1
  vfrac= if done  > 0 then float(-----) else 0   meanDeg= 1.987179487179487 
                2                done
                                     2
  cycles= 0   holonomy_nontrivial= [0, 0, 0, 0, 0, 0]   (groups= 
[2, 3, 4, 5, 6, 10] ) 
  tau = chiral   cells= 156   sheets= 4   edges= done    vortex= done    vfrac=
                                                     2               1
                         done
                             1
 if done  > 0 then float(-----) else 0   meanDeg= 1.987179487179487   cycles= 0
        2                done
                             2
   holonomy_nontrivial= [0, 0, 0, 0, 0, 0]   (groups= [2, 3, 4, 5, 6, 10] ) 
  tau = signed-3   cells= 156   sheets= 7   edges= done    vortex= done  
                                                       2               1
                                 done
                                     1
  vfrac= if done  > 0 then float(-----) else 0   meanDeg= 1.987179487179487 
                2                done
                                     2
  cycles= 0   holonomy_nontrivial= [0, 0, 0, 0, 0, 0]   (groups= 
[2, 3, 4, 5, 6, 10] ) 
  tau = fibonacci-mod8   cells= 156   sheets= 4   edges= done    vortex= done  
                                                             2               1
                                 done
                                     1
  vfrac= if done  > 0 then float(-----) else 0   meanDeg= 1.987179487179487 
                2                done
                                     2
  cycles= 0   holonomy_nontrivial= [0, 0, 0, 0, 0, 0]   (groups= 
[2, 3, 4, 5, 6, 10] ) 
  tau = every-n   cells= 156   sheets= 4   edges= done    vortex= done  
                                                      2               1
                                 done
                                     1
  vfrac= if done  > 0 then float(-----) else 0   meanDeg= 1.987179487179487 
                2                done
                                     2
  cycles= 0   holonomy_nontrivial= [0, 0, 0, 0, 0, 0]   (groups= 
[2, 3, 4, 5, 6, 10] ) 
  tau = signed-n   cells= 156   sheets= 7   edges= done    vortex= done  
                                                       2               1
                                 done
                                     1
  vfrac= if done  > 0 then float(-----) else 0   meanDeg= 1.987179487179487 
                2                done
                                     2
  cycles= 0   holonomy_nontrivial= [0, 0, 0, 0, 0, 0]   (groups= 
[2, 3, 4, 5, 6, 10] ) 
  tau = k-mod-n   cells= 156   sheets= 4   edges= done    vortex= done  
                                                      2               1
                                 done
                                     1
  vfrac= if done  > 0 then float(-----) else 0   meanDeg= 1.987179487179487 
                2                done
                                     2
  cycles= 0   holonomy_nontrivial= [0, 0, 0, 0, 0, 0]   (groups= 
[2, 3, 4, 5, 6, 10] ) 
  tau = chiral-n   cells= 156   sheets= 4   edges= done    vortex= done  
                                                       2               1
                                 done
                                     1
  vfrac= if done  > 0 then float(-----) else 0   meanDeg= 1.987179487179487 
                2                done
                                     2
  cycles= 0   holonomy_nontrivial= [0, 0, 0, 0, 0, 0]   (groups= 
[2, 3, 4, 5, 6, 10] ) 
 
Richest-holonomy tau-rule (sum of Z_2/Z_3/Z_5 non-trivial counts): 
                                                  none      (flat)   score = 0 
============================================================ 
SECTION 12: Extended holonomy on main cluster 
============================================================ 
Examining 0 long cycles in main cluster. 
(no long cycles to analyze) 
============================================================ 
SECTION 13: Structural patterns in main cluster 
============================================================ 
Degree histogram [deg, count]: 
   [1, 3125] 
   [5, 1] 
   [6, 780] 
Mean local clustering coefficient = 0.0  over 781 nodes (deg >= 2) 
Triangle count in main cluster = 0 
Girth (shortest cycle) through origin = > 8 
Sheets present: [- 5, - 4, - 3, - 2, - 1, 0, 1, 2, 3, 4, 5] 
Sheet-to-sheet edge matrix (rows=sheet_list, cols=sheet_list): 
  sheet - 5 : [0, 8, 0, 0, 0, 0, 0, 0, 0, 0, 0] 
  sheet - 4 : [8, 16, 76, 0, 0, 0, 0, 0, 0, 0, 0] 
  sheet - 3 : [0, 76, 34, 270, 0, 0, 0, 0, 0, 0, 0] 
  sheet - 2 : [0, 0, 270, 230, 346, 0, 0, 0, 0, 0, 0] 
  sheet - 1 : [0, 0, 0, 346, 320, 730, 0, 0, 0, 0, 0] 
  sheet 0 : [0, 0, 0, 0, 730, 244, 623, 0, 0, 0, 0] 
  sheet 1 : [0, 0, 0, 0, 0, 623, 280, 267, 0, 0, 0] 
  sheet 2 : [0, 0, 0, 0, 0, 0, 267, 144, 219, 0, 0] 
  sheet 3 : [0, 0, 0, 0, 0, 0, 0, 219, 32, 63, 0] 
  sheet 4 : [0, 0, 0, 0, 0, 0, 0, 0, 63, 2, 1] 
  sheet 5 : [0, 0, 0, 0, 0, 0, 0, 0, 0, 1, 0] 
Inter-sheet (vortex) edges = 2603  (cross-check vs Section 8: 2603 ) 
====================================================